Component: ARM Compiler 5.06 update 5 (build 528) Tool: armlink [4d35e2]

==============================================================================

Section Cross References

    startup_stm32f10x_md.o(STACK) refers (Special) to heapauxi.o(.text) for __use_two_region_memory
    startup_stm32f10x_md.o(HEAP) refers (Special) to heapauxi.o(.text) for __use_two_region_memory
    startup_stm32f10x_md.o(RESET) refers (Special) to heapauxi.o(.text) for __use_two_region_memory
    startup_stm32f10x_md.o(RESET) refers to startup_stm32f10x_md.o(STACK) for __initial_sp
    startup_stm32f10x_md.o(RESET) refers to startup_stm32f10x_md.o(.text) for Reset_Handler
    startup_stm32f10x_md.o(RESET) refers to stm32f10x_it.o(i.NMI_Handler) for NMI_Handler
    startup_stm32f10x_md.o(RESET) refers to stm32f10x_it.o(i.HardFault_Handler) for HardFault_Handler
    startup_stm32f10x_md.o(RESET) refers to stm32f10x_it.o(i.MemManage_Handler) for MemManage_Handler
    startup_stm32f10x_md.o(RESET) refers to stm32f10x_it.o(i.BusFault_Handler) for BusFault_Handler
    startup_stm32f10x_md.o(RESET) refers to stm32f10x_it.o(i.UsageFault_Handler) for UsageFault_Handler
    startup_stm32f10x_md.o(RESET) refers to stm32f10x_it.o(i.SVC_Handler) for SVC_Handler
    startup_stm32f10x_md.o(RESET) refers to stm32f10x_it.o(i.DebugMon_Handler) for DebugMon_Handler
    startup_stm32f10x_md.o(RESET) refers to stm32f10x_it.o(i.PendSV_Handler) for PendSV_Handler
    startup_stm32f10x_md.o(RESET) refers to stm32f10x_it.o(i.SysTick_Handler) for SysTick_Handler
    startup_stm32f10x_md.o(RESET) refers to stm32f10x_it.o(i.TIM4_IRQHandler) for TIM4_IRQHandler
    startup_stm32f10x_md.o(.text) refers (Special) to heapauxi.o(.text) for __use_two_region_memory
    startup_stm32f10x_md.o(.text) refers to system_stm32f10x.o(i.SystemInit) for SystemInit
    startup_stm32f10x_md.o(.text) refers to __main.o(!!!main) for __main
    startup_stm32f10x_md.o(.text) refers to startup_stm32f10x_md.o(HEAP) for Heap_Mem
    startup_stm32f10x_md.o(.text) refers to startup_stm32f10x_md.o(STACK) for Stack_Mem
    system_stm32f10x.o(i.SetSysClock) refers to system_stm32f10x.o(i.SetSysClockTo72) for SetSysClockTo72
    system_stm32f10x.o(i.SystemCoreClockUpdate) refers to system_stm32f10x.o(.data) for SystemCoreClock
    system_stm32f10x.o(i.SystemInit) refers to system_stm32f10x.o(i.SetSysClock) for SetSysClock
    stm32f10x_adc.o(i.ADC_DeInit) refers to stm32f10x_rcc.o(i.RCC_APB2PeriphResetCmd) for RCC_APB2PeriphResetCmd
    stm32f10x_bkp.o(i.BKP_DeInit) refers to stm32f10x_rcc.o(i.RCC_BackupResetCmd) for RCC_BackupResetCmd
    stm32f10x_can.o(i.CAN_DeInit) refers to stm32f10x_rcc.o(i.RCC_APB1PeriphResetCmd) for RCC_APB1PeriphResetCmd
    stm32f10x_can.o(i.CAN_GetITStatus) refers to stm32f10x_can.o(i.CheckITStatus) for CheckITStatus
    stm32f10x_cec.o(i.CEC_DeInit) refers to stm32f10x_rcc.o(i.RCC_APB1PeriphResetCmd) for RCC_APB1PeriphResetCmd
    stm32f10x_dac.o(i.DAC_DeInit) refers to stm32f10x_rcc.o(i.RCC_APB1PeriphResetCmd) for RCC_APB1PeriphResetCmd
    stm32f10x_flash.o(i.FLASH_EnableWriteProtection) refers to stm32f10x_flash.o(i.FLASH_WaitForLastOperation) for FLASH_WaitForLastOperation
    stm32f10x_flash.o(i.FLASH_EraseAllBank1Pages) refers to stm32f10x_flash.o(i.FLASH_WaitForLastBank1Operation) for FLASH_WaitForLastBank1Operation
    stm32f10x_flash.o(i.FLASH_EraseAllPages) refers to stm32f10x_flash.o(i.FLASH_WaitForLastOperation) for FLASH_WaitForLastOperation
    stm32f10x_flash.o(i.FLASH_EraseOptionBytes) refers to stm32f10x_flash.o(i.FLASH_GetReadOutProtectionStatus) for FLASH_GetReadOutProtectionStatus
    stm32f10x_flash.o(i.FLASH_EraseOptionBytes) refers to stm32f10x_flash.o(i.FLASH_WaitForLastOperation) for FLASH_WaitForLastOperation
    stm32f10x_flash.o(i.FLASH_ErasePage) refers to stm32f10x_flash.o(i.FLASH_WaitForLastOperation) for FLASH_WaitForLastOperation
    stm32f10x_flash.o(i.FLASH_ProgramHalfWord) refers to stm32f10x_flash.o(i.FLASH_WaitForLastOperation) for FLASH_WaitForLastOperation
    stm32f10x_flash.o(i.FLASH_ProgramOptionByteData) refers to stm32f10x_flash.o(i.FLASH_WaitForLastOperation) for FLASH_WaitForLastOperation
    stm32f10x_flash.o(i.FLASH_ProgramWord) refers to stm32f10x_flash.o(i.FLASH_WaitForLastOperation) for FLASH_WaitForLastOperation
    stm32f10x_flash.o(i.FLASH_ReadOutProtection) refers to stm32f10x_flash.o(i.FLASH_WaitForLastOperation) for FLASH_WaitForLastOperation
    stm32f10x_flash.o(i.FLASH_UserOptionByteConfig) refers to stm32f10x_flash.o(i.FLASH_WaitForLastOperation) for FLASH_WaitForLastOperation
    stm32f10x_flash.o(i.FLASH_WaitForLastBank1Operation) refers to stm32f10x_flash.o(i.FLASH_GetBank1Status) for FLASH_GetBank1Status
    stm32f10x_flash.o(i.FLASH_WaitForLastOperation) refers to stm32f10x_flash.o(i.FLASH_GetBank1Status) for FLASH_GetBank1Status
    stm32f10x_gpio.o(i.GPIO_AFIODeInit) refers to stm32f10x_rcc.o(i.RCC_APB2PeriphResetCmd) for RCC_APB2PeriphResetCmd
[...]
    .ARM.Collect$$libinit$$0000000A          0x08000162   Section        0  libinit2.o(.ARM.Collect$$libinit$$0000000A)
    .ARM.Collect$$libinit$$0000000C          0x08000162   Section        0  libinit2.o(.ARM.Collect$$libinit$$0000000C)
    .ARM.Collect$$libinit$$0000000E          0x08000162   Section        0  libinit2.o(.ARM.Collect$$libinit$$0000000E)
    .ARM.Collect$$libinit$$00000011          0x08000162   Section        0  libinit2.o(.ARM.Collect$$libinit$$00000011)
    .ARM.Collect$$libinit$$00000013          0x08000162   Section        0  libinit2.o(.ARM.Collect$$libinit$$00000013)
    .ARM.Collect$$libinit$$00000015          0x08000162   Section        0  libinit2.o(.ARM.Collect$$libinit$$00000015)
    .ARM.Collect$$libinit$$00000017          0x08000162   Section        0  libinit2.o(.ARM.Collect$$libinit$$00000017)
    .ARM.Collect$$libinit$$00000019          0x08000162   Section        0  libinit2.o(.ARM.Collect$$libinit$$00000019)
    .ARM.Collect$$libinit$$0000001B          0x08000162   Section        0  libinit2.o(.ARM.Collect$$libinit$$0000001B)
    .ARM.Collect$$libinit$$0000001D          0x08000162   Section        0  libinit2.o(.ARM.Collect$$libinit$$0000001D)
    .ARM.Collect$$libinit$$0000001F          0x08000162   Section        0  libinit2.o(.ARM.Collect$$libinit$$0000001F)
    .ARM.Collect$$libinit$$00000021          0x08000162   Section        0  libinit2.o(.ARM.Collect$$libinit$$00000021)
    .ARM.Collect$$libinit$$00000023          0x08000162   Section        0  libinit2.o(.ARM.Collect$$libinit$$00000023)
    .ARM.Collect$$libinit$$00000025          0x08000162   Section        0  libinit2.o(.ARM.Collect$$libinit$$00000025)
    .ARM.Collect$$libinit$$0000002C          0x08000162   Section        0  libinit2.o(.ARM.Collect$$libinit$$0000002C)
    .ARM.Collect$$libinit$$0000002E          0x08000162   Section        0  libinit2.o(.ARM.Collect$$libinit$$0000002E)
    .ARM.Collect$$libinit$$00000030          0x08000162   Section        0  libinit2.o(.ARM.Collect$$libinit$$00000030)
    .ARM.Collect$$libinit$$00000032          0x08000162   Section        0  libinit2.o(.ARM.Collect$$libinit$$00000032)
    .ARM.Collect$$libinit$$00000033          0x08000162   Section        2  libinit2.o(.ARM.Collect$$libinit$$00000033)
    .ARM.Collect$$libshutdown$$00000000      0x08000164   Section        2  libshutdown.o(.ARM.Collect$$libshutdown$$00000000)
    .ARM.Collect$$libshutdown$$00000002      0x08000166   Section        0  libshutdown2.o(.ARM.Collect$$libshutdown$$00000002)
    .ARM.Collect$$libshutdown$$00000004      0x08000166   Section        0  libshutdown2.o(.ARM.Collect$$libshutdown$$00000004)
    .ARM.Collect$$libshutdown$$00000007      0x08000166   Section        0  libshutdown2.o(.ARM.Collect$$libshutdown$$00000007)
    .ARM.Collect$$libshutdown$$0000000A      0x08000166   Section        0  libshutdown2.o(.ARM.Collect$$libshutdown$$0000000A)
    .ARM.Collect$$libshutdown$$0000000C      0x08000166   Section        0  libshutdown2.o(.ARM.Collect$$libshutdown$$0000000C)
    .ARM.Collect$$libshutdown$$0000000F      0x08000166   Section        0  libshutdown2.o(.ARM.Collect$$libshutdown$$0000000F)
    .ARM.Collect$$libshutdown$$00000010      0x08000166   Section        2  libshutdown2.o(.ARM.Collect$$libshutdown$$00000010)
    .ARM.Collect$$rtentry$$00000000          0x08000168   Section        0  __rtentry.o(.ARM.Collect$$rtentry$$00000000)
    .ARM.Collect$$rtentry$$00000002          0x08000168   Section        0  __rtentry2.o(.ARM.Collect$$rtentry$$00000002)
    .ARM.Collect$$rtentry$$00000004          0x08000168   Section        6  __rtentry4.o(.ARM.Collect$$rtentry$$00000004)
    .ARM.Collect$$rtentry$$00000009          0x0800016e   Section        0  __rtentry2.o(.ARM.Collect$$rtentry$$00000009)
    .ARM.Collect$$rtentry$$0000000A          0x0800016e   Section        4  __rtentry2.o(.ARM.Collect$$rtentry$$0000000A)
    .ARM.Collect$$rtentry$$0000000C          0x08000172   Section        0  __rtentry2.o(.ARM.Collect$$rtentry$$0000000C)
    .ARM.Collect$$rtentry$$0000000D          0x08000172   Section        8  __rtentry2.o(.ARM.Collect$$rtentry$$0000000D)
    .ARM.Collect$$rtexit$$00000000           0x0800017a   Section        2  rtexit.o(.ARM.Collect$$rtexit$$00000000)
    .ARM.Collect$$rtexit$$00000002           0x0800017c   Section        0  rtexit2.o(.ARM.Collect$$rtexit$$00000002)
    .ARM.Collect$$rtexit$$00000003           0x0800017c   Section        4  rtexit2.o(.ARM.Collect$$rtexit$$00000003)
    .ARM.Collect$$rtexit$$00000004           0x08000180   Section        6  rtexit2.o(.ARM.Collect$$rtexit$$00000004)
    .text                                    0x08000188   Section       64  startup_stm32f10x_md.o(.text)
    .text                                    0x080001c8   Section        0  memcmp.o(.text)
    .text                                    0x08000220   Section        0  heapauxi.o(.text)
    .text                                    0x08000226   Section        0  _rserrno.o(.text)
    .text                                    0x0800023c   Section        8  rt_errno_addr_intlibspace.o(.text)
    .text                                    0x08000244   Section        8  libspace.o(.text)
    .text                                    0x0800024c   Section       74  sys_stackheap_outer.o(.text)
    .text                                    0x08000296   Section        0  exit.o(.text)
    .text                                    0x080002a8   Section        0  sys_exit.o(.text)
    .text                                    0x080002b4   Section        2  use_no_semi.o(.text)
    .text                                    0x080002b6   Section        0  indicate_semi.o(.text)
    i.BusFault_Handler                       0x080002b6   Section        0  stm32f10x_it.o(i.BusFault_Handler)
    i.Buzzer_Init                            0x080002bc   Section        0  led.o(i.Buzzer_Init)
    i.Buzzer_Off                             0x08000394   Section        0  led.o(i.Buzzer_Off)
    i.Buzzer_On                              0x080003a4   Section        0  led.o(i.Buzzer_On)
    i.Buzzer_SetDuty                         0x080003bc   Section        0  led.o(i.Buzzer_SetDuty)
    i.Buzzer_SetFreq                         0x08000404   Section        0  led.o(i.Buzzer_SetFreq)
    i.Countdown_Start                        0x0800045c   Section        0  main.o(i.Countdown_Start)
    Countdown_Start                          0x0800045d   Thumb Code    96  main.o(i.Countdown_Start)
    i.Countdown_UpdateBeep                   0x080004f4   Section        0  main.o(i.Countdown_UpdateBeep)
    Countdown_UpdateBeep                     0x080004f5   Thumb Code   202  main.o(i.Countdown_UpdateBeep)
    i.Countdown_UpdateScroll                 0x080005ec   Section        0  main.o(i.Countdown_UpdateScroll)
    Countdown_UpdateScroll                   0x080005ed   Thumb Code    96  main.o(i.Countdown_UpdateScroll)
    i.DebugMon_Handler                       0x08000658   Section        0  stm32f10x_it.o(i.DebugMon_Handler)
    i.DefuseAnim_Reset                       0x0800065c   Section        0  main.o(i.DefuseAnim_Reset)
    DefuseAnim_Reset                         0x0800065d   Thumb Code    28  main.o(i.DefuseAnim_Reset)
    i.DefuseAnim_Start                       0x0800067c   Section        0  main.o(i.DefuseAnim_Start)
    DefuseAnim_Start                         0x0800067d   Thumb Code    90  main.o(i.DefuseAnim_Start)
    i.DefuseAnim_Update                      0x080006e0   Section        0  main.o(i.DefuseAnim_Update)
    DefuseAnim_Update                        0x080006e1   Thumb Code   200  main.o(i.DefuseAnim_Update)
    i.Defuse_Success                         0x080007b8   Section        0  main.o(i.Defuse_Success)
    Defuse_Success                           0x080007b9   Thumb Code    80  main.o(i.Defuse_Success)
    i.DefuserInput_Init                      0x08000820   Section        0  main.o(i.DefuserInput_Init)
    DefuserInput_Init                        0x08000821   Thumb Code    46  main.o(i.DefuserInput_Init)
    i.Defuser_IsActive                       0x08000858   Section        0  main.o(i.Defuser_IsActive)
    Defuser_IsActive                         0x08000859   Thumb Code    20  main.o(i.Defuser_IsActive)
    i.Delay_ms                               0x08000870   Section        0  delay.o(i.Delay_ms)
    i.Delay_us                               0x08000888   Section        0  delay.o(i.Delay_us)
    i.Explosion_Start                        0x080008b8   Section        0  main.o(i.Explosion_Start)
    Explosion_Start                          0x080008b9   Thumb Code    52  main.o(i.Explosion_Start)
    i.GPIO_Init                              0x080008f8   Section        0  stm32f10x_gpio.o(i.GPIO_Init)
    i.GPIO_PinRemapConfig                    0x08000a10   Section        0  stm32f10x_gpio.o(i.GPIO_PinRemapConfig)
    i.GPIO_ReadInputDataBit                  0x08000aa0   Section        0  stm32f10x_gpio.o(i.GPIO_ReadInputDataBit)
    i.GPIO_ResetBits                         0x08000ab2   Section        0  stm32f10x_gpio.o(i.GPIO_ResetBits)
    i.GPIO_SetBits                           0x08000ab6   Section        0  stm32f10x_gpio.o(i.GPIO_SetBits)
    i.HardFault_Handler                      0x08000aba   Section        0  stm32f10x_it.o(i.HardFault_Handler)
    i.LCD_Backlight_On                       0x08000ac0   Section        0  1601a.o(i.LCD_Backlight_On)
    i.LCD_Backlight_Set                      0x08000ad0   Section        0  1601a.o(i.LCD_Backlight_Set)
    i.LCD_ClearLine                          0x08000af4   Section        0  main.o(i.LCD_ClearLine)
    LCD_ClearLine                            0x08000af5   Thumb Code    12  main.o(i.LCD_ClearLine)
    i.LCD_EncodeChar                         0x08000b04   Section        0  1601a.o(i.LCD_EncodeChar)
    LCD_EncodeChar                           0x08000b05   Thumb Code    34  1601a.o(i.LCD_EncodeChar)
    i.LCD_GPIO_Init                          0x08000b28   Section        0  1601a.o(i.LCD_GPIO_Init)
    LCD_GPIO_Init                            0x08000b29   Thumb Code   152  1601a.o(i.LCD_GPIO_Init)
    i.LCD_GetGlyphSlot                       0x08000bc8   Section        0  1601a.o(i.LCD_GetGlyphSlot)
    LCD_GetGlyphSlot                         0x08000bc9   Thumb Code    90  1601a.o(i.LCD_GetGlyphSlot)
    i.LCD_GlyphIndex                         0x08000c30   Section        0  1601a.o(i.LCD_GlyphIndex)
    LCD_GlyphIndex                           0x08000c31   Thumb Code    30  1601a.o(i.LCD_GlyphIndex)
    i.LCD_GlyphRow                           0x08000c54   Section        0  1601a.o(i.LCD_GlyphRow)
    LCD_GlyphRow                             0x08000c55   Thumb Code     6  1601a.o(i.LCD_GlyphRow)
    i.LCD_INIT                               0x08000c5c   Section        0  1601a.o(i.LCD_INIT)
    i.LCD_LoadGlyph                          0x08000d20   Section        0  1601a.o(i.LCD_LoadGlyph)
    LCD_LoadGlyph                            0x08000d21   Thumb Code    50  1601a.o(i.LCD_LoadGlyph)
    i.LCD_MapCol                             0x08000d52   Section        0  1601a.o(i.LCD_MapCol)
    LCD_MapCol                               0x08000d53   Thumb Code    10  1601a.o(i.LCD_MapCol)
    i.LCD_PulseEnable                        0x08000d5c   Section        0  1601a.o(i.LCD_PulseEnable)
    LCD_PulseEnable                          0x08000d5d   Thumb Code    36  1601a.o(i.LCD_PulseEnable)
    i.LCD_SetCursorPhysical                  0x08000d84   Section        0  1601a.o(i.LCD_SetCursorPhysical)
    LCD_SetCursorPhysical                    0x08000d85   Thumb Code    34  1601a.o(i.LCD_SetCursorPhysical)
    i.LCD_SetDataNibble                      0x08000da8   Section        0  1601a.o(i.LCD_SetDataNibble)
    LCD_SetDataNibble                        0x08000da9   Thumb Code   102  1601a.o(i.LCD_SetDataNibble)
    i.LCD_ShowPassword                       0x08000e14   Section        0  main.o(i.LCD_ShowPassword)
    LCD_ShowPassword                         0x08000e15   Thumb Code    20  main.o(i.LCD_ShowPassword)
    i.LCD_ShowScroll                         0x08000e28   Section        0  main.o(i.LCD_ShowScroll)
    LCD_ShowScroll                           0x08000e29   Thumb Code    74  main.o(i.LCD_ShowScroll)
    i.LCD_WRITE_ByteDATA                     0x08000e78   Section        0  1601a.o(i.LCD_WRITE_ByteDATA)
    i.LCD_WRITE_CMD                          0x08000e98   Section        0  1601a.o(i.LCD_WRITE_CMD)
    i.LCD_WRITE_StrDATA                      0x08000ec8   Section        0  1601a.o(i.LCD_WRITE_StrDATA)
    i.LCD_WRITE_StrDATA_Password             0x08000f0c   Section        0  1601a.o(i.LCD_WRITE_StrDATA_Password)
    i.LCD_Write4Bits                         0x08000fd8   Section        0  1601a.o(i.LCD_Write4Bits)
    LCD_Write4Bits                           0x08000fd9   Thumb Code    18  1601a.o(i.LCD_Write4Bits)
    i.LCD_Write8Bits                         0x08000fea   Section        0  1601a.o(i.LCD_Write8Bits)
    LCD_Write8Bits                           0x08000feb   Thumb Code    20  1601a.o(i.LCD_Write8Bits)
    i.LED_AllOff                             0x08000ffe   Section        0  led.o(i.LED_AllOff)
    i.LED_Breath                             0x0800100a   Section        0  main.o(i.LED_Breath)
    LED_Breath                               0x0800100b   Thumb Code    64  main.o(i.LED_Breath)
    i.LED_Init                               0x0800104c   Section        0  led.o(i.LED_Init)
    i.LED_SetColor                           0x08001154   Section        0  led.o(i.LED_SetColor)
    i.LED_SetGreen                           0x08001198   Section        0  led.o(i.LED_SetGreen)
    i.LED_SetYellow                          0x080011ac   Section        0  led.o(i.LED_SetYellow)
    i.MP3CMD                                 0x080011c8   Section        0  mp3.o(i.MP3CMD)
    i.MatrixKey_GetHold                      0x08001214   Section        0  matrixkey.o(i.MatrixKey_GetHold)
    i.MatrixKey_GetValue                     0x08001220   Section        0  matrixkey.o(i.MatrixKey_GetValue)
    i.MatrixKey_Init                         0x08001230   Section        0  matrixkey.o(i.MatrixKey_Init)
    i.MatrixKey_ReadRows                     0x08001284   Section        0  matrixkey.o(i.MatrixKey_ReadRows)
    MatrixKey_ReadRows                       0x08001285   Thumb Code    66  matrixkey.o(i.MatrixKey_ReadRows)
    i.MatrixKey_ScanRaw                      0x080012cc   Section        0  matrixkey.o(i.MatrixKey_ScanRaw)
    MatrixKey_ScanRaw                        0x080012cd   Thumb Code   186  matrixkey.o(i.MatrixKey_ScanRaw)
    i.MatrixKey_Update                       0x0800138c   Section        0  matrixkey.o(i.MatrixKey_Update)
    i.MemManage_Handler                      0x080013ec   Section        0  stm32f10x_it.o(i.MemManage_Handler)
    i.NMI_Handler                            0x080013f0   Section        0  stm32f10x_it.o(i.NMI_Handler)
    i.NVIC_Init                              0x080013f4   Section        0  misc.o(i.NVIC_Init)
    i.Password_InputLeft                     0x08001464   Section        0  main.o(i.Password_InputLeft)
    Password_InputLeft                       0x08001465   Thumb Code    74  main.o(i.Password_InputLeft)
    i.Password_InputRight                    0x080014ae   Section        0  main.o(i.Password_InputRight)
    Password_InputRight                      0x080014af   Thumb Code    76  main.o(i.Password_InputRight)
    i.Password_IsComplete                    0x080014fa   Section        0  main.o(i.Password_IsComplete)
    Password_IsComplete                      0x080014fb   Thumb Code    16  main.o(i.Password_IsComplete)
    i.Password_Match                         0x0800150a   Section        0  main.o(i.Password_Match)
    Password_Match                           0x0800150b   Thumb Code    26  main.o(i.Password_Match)
    i.Password_Reset                         0x08001524   Section        0  main.o(i.Password_Reset)
    Password_Reset                           0x08001525   Thumb Code    22  main.o(i.Password_Reset)
    i.PendSV_Handler                         0x0800153a   Section        0  stm32f10x_it.o(i.PendSV_Handler)
    i.RCC_APB1PeriphClockCmd                 0x0800153c   Section        0  stm32f10x_rcc.o(i.RCC_APB1PeriphClockCmd)
    i.RCC_APB2PeriphClockCmd                 0x0800155c   Section        0  stm32f10x_rcc.o(i.RCC_APB2PeriphClockCmd)
    i.RCC_GetClocksFreq                      0x0800157c   Section        0  stm32f10x_rcc.o(i.RCC_GetClocksFreq)
    i.Relay_Off                              0x08001650   Section        0  led.o(i.Relay_Off)
    i.Relay_On                               0x08001660   Section        0  led.o(i.Relay_On)
    i.SVC_Handler                            0x08001670   Section        0  stm32f10x_it.o(i.SVC_Handler)
    i.Serial_Init                            0x08001674   Section        0  serial.o(i.Serial_Init)
    i.Serial_SendArray                       0x080016e0   Section        0  serial.o(i.Serial_SendArray)
    i.Serial_SendByte                        0x080016fc   Section        0  serial.o(i.Serial_SendByte)
    i.SetSysClock                            0x0800171c   Section        0  system_stm32f10x.o(i.SetSysClock)
    SetSysClock                              0x0800171d   Thumb Code     8  system_stm32f10x.o(i.SetSysClock)
    i.SetSysClockTo72                        0x08001724   Section        0  system_stm32f10x.o(i.SetSysClockTo72)
    SetSysClockTo72                          0x08001725   Thumb Code   214  system_stm32f10x.o(i.SetSysClockTo72)
    i.StartupBeep_Update                     0x08001804   Section        0  main.o(i.StartupBeep_Update)
    StartupBeep_Update                       0x08001805   Thumb Code   124  main.o(i.StartupBeep_Update)
    i.SuccessBeep_Start                      0x08001888   Section        0  main.o(i.SuccessBeep_Start)
    SuccessBeep_Start                        0x08001889   Thumb Code    24  main.o(i.SuccessBeep_Start)
    i.SuccessBeep_Update                     0x080018a8   Section        0  main.o(i.SuccessBeep_Update)
    SuccessBeep_Update                       0x080018a9   Thumb Code   162  main.o(i.SuccessBeep_Update)
    i.SysTick_Handler                        0x08001954   Section        0  stm32f10x_it.o(i.SysTick_Handler)
    i.SystemInit                             0x08001958   Section        0  system_stm32f10x.o(i.SystemInit)
    i.TIM4_IRQHandler                        0x080019b8   Section        0  stm32f10x_it.o(i.TIM4_IRQHandler)
    i.TIM_ARRPreloadConfig                   0x080019d8   Section        0  stm32f10x_tim.o(i.TIM_ARRPreloadConfig)
    i.TIM_ClearITPendingBit                  0x080019f0   Section        0  stm32f10x_tim.o(i.TIM_ClearITPendingBit)
    i.TIM_Cmd                                0x080019f6   Section        0  stm32f10x_tim.o(i.TIM_Cmd)
    i.TIM_GetCapture3                        0x08001a0e   Section        0  stm32f10x_tim.o(i.TIM_GetCapture3)
    i.TIM_GetITStatus                        0x08001a14   Section        0  stm32f10x_tim.o(i.TIM_GetITStatus)
    i.TIM_ITConfig                           0x08001a36   Section        0  stm32f10x_tim.o(i.TIM_ITConfig)
    i.TIM_OC2Init                            0x08001a48   Section        0  stm32f10x_tim.o(i.TIM_OC2Init)
    i.TIM_OC2PreloadConfig                   0x08001aec   Section        0  stm32f10x_tim.o(i.TIM_OC2PreloadConfig)
    i.TIM_OC3Init                            0x08001b08   Section        0  stm32f10x_tim.o(i.TIM_OC3Init)
    i.TIM_OC3PreloadConfig                   0x08001ba8   Section        0  stm32f10x_tim.o(i.TIM_OC3PreloadConfig)
    i.TIM_OC4Init                            0x08001bbc   Section        0  stm32f10x_tim.o(i.TIM_OC4Init)
    i.TIM_OC4PreloadConfig                   0x08001c38   Section        0  stm32f10x_tim.o(i.TIM_OC4PreloadConfig)
    i.TIM_SetAutoreload                      0x08001c52   Section        0  stm32f10x_tim.o(i.TIM_SetAutoreload)
    i.TIM_SetCompare2                        0x08001c56   Section        0  stm32f10x_tim.o(i.TIM_SetCompare2)
    i.TIM_SetCompare3                        0x08001c5a   Section        0  stm32f10x_tim.o(i.TIM_SetCompare3)
    i.TIM_SetCompare4                        0x08001c5e   Section        0  stm32f10x_tim.o(i.TIM_SetCompare4)
    i.TIM_TimeBaseInit                       0x08001c64   Section        0  stm32f10x_tim.o(i.TIM_TimeBaseInit)
    i.Timebase_Init                          0x08001d08   Section        0  systick.o(i.Timebase_Init)
    i.Timebase_Millis                        0x08001d78   Section        0  systick.o(i.Timebase_Millis)
    i.Timebase_Tick                          0x08001d84   Section        0  systick.o(i.Timebase_Tick)
    i.TimerClockPclk1                        0x08001d94   Section        0  systick.o(i.TimerClockPclk1)
    TimerClockPclk1                          0x08001d95   Thumb Code    32  systick.o(i.TimerClockPclk1)
    i.TimerClockPclk1                        0x08001db8   Section        0  led.o(i.TimerClockPclk1)
    TimerClockPclk1                          0x08001db9   Thumb Code    32  led.o(i.TimerClockPclk1)
    i.USART_Cmd                              0x08001ddc   Section        0  stm32f10x_usart.o(i.USART_Cmd)
    i.USART_GetFlagStatus                    0x08001df4   Section        0  stm32f10x_usart.o(i.USART_GetFlagStatus)
    i.USART_Init                             0x08001e10   Section        0  stm32f10x_usart.o(i.USART_Init)
    i.USART_SendData                         0x08001ee8   Section        0  stm32f10x_usart.o(i.USART_SendData)
    i.UsageFault_Handler                     0x08001ef0   Section        0  stm32f10x_it.o(i.UsageFault_Handler)
    i.__ARM_fpclassify                       0x08001ef4   Section        0  fpclassify.o(i.__ARM_fpclassify)
    i.__kernel_poly                          0x08001f1c   Section        0  poly.o(i.__kernel_poly)
    i.__mathlib_dbl_infnan                   0x08001fc6   Section        0  dunder.o(i.__mathlib_dbl_infnan)
    i.__mathlib_dbl_overflow                 0x08001fcc   Section        0  dunder.o(i.__mathlib_dbl_overflow)
    i.__mathlib_dbl_underflow                0x08001fdc   Section        0  dunder.o(i.__mathlib_dbl_underflow)
    i.exp                                    0x08001fec   Section        0  exp.o(i.exp)
    i.main                                   0x08002270   Section        0  main.o(i.main)
    i.mp3_Init                               0x080024cc   Section        0  mp3.o(i.mp3_Init)
    i.mp3_boom                               0x080024d4   Section        0  mp3.o(i.mp3_boom)
    i.mp3_over                               0x080024e0   Section        0  mp3.o(i.mp3_over)
    x$fpl$d2f                                0x080024ec   Section       98  d2f.o(x$fpl$d2f)
    x$fpl$dadd                               0x08002550   Section      336  daddsub_clz.o(x$fpl$dadd)
    _dadd1                                   0x08002561   Thumb Code     0  daddsub_clz.o(x$fpl$dadd)
    x$fpl$dcheck1                            0x080026a0   Section       16  dcheck1.o(x$fpl$dcheck1)
    x$fpl$dcmpinf                            0x080026b0   Section       24  dcmpi.o(x$fpl$dcmpinf)
    x$fpl$ddiv                               0x080026c8   Section      688  ddiv.o(x$fpl$ddiv)
    ddiv_entry                               0x080026cf   Thumb Code     0  ddiv.o(x$fpl$ddiv)
    x$fpl$dfix                               0x08002978   Section       94  dfix.o(x$fpl$dfix)
    x$fpl$dflt                               0x080029d6   Section       46  dflt_clz.o(x$fpl$dflt)
    x$fpl$dleqf                              0x08002a04   Section      120  dleqf.o(x$fpl$dleqf)
    x$fpl$dmul                               0x08002a7c   Section      340  dmul.o(x$fpl$dmul)
    x$fpl$dnaninf                            0x08002bd0   Section      156  dnaninf.o(x$fpl$dnaninf)
    x$fpl$dretinf                            0x08002c6c   Section       12  dretinf.o(x$fpl$dretinf)
    x$fpl$drleqf                             0x08002c78   Section      108  drleqf.o(x$fpl$drleqf)
    x$fpl$drsb                               0x08002ce4   Section       22  daddsub_clz.o(x$fpl$drsb)
    x$fpl$dsub                               0x08002cfc   Section      468  daddsub_clz.o(x$fpl$dsub)
    _dsub1                                   0x08002d0d   Thumb Code     0  daddsub_clz.o(x$fpl$dsub)
    x$fpl$f2d                                0x08002ed0   Section       86  f2d.o(x$fpl$f2d)
    x$fpl$fadd                               0x08002f28   Section      196  faddsub_clz.o(x$fpl$fadd)
    _fadd1                                   0x08002f37   Thumb Code     0  faddsub_clz.o(x$fpl$fadd)
    x$fpl$fcmpinf                            0x08002fec   Section       24  fcmpi.o(x$fpl$fcmpinf)
    x$fpl$fdiv                               0x08003004   Section      388  fdiv.o(x$fpl$fdiv)
    _fdiv1                                   0x08003005   Thumb Code     0  fdiv.o(x$fpl$fdiv)
    x$fpl$ffixu                              0x08003188   Section       62  ffixu.o(x$fpl$ffixu)
    x$fpl$ffltu                              0x080031c8   Section       38  fflt_clz.o(x$fpl$ffltu)
    x$fpl$fleqf                              0x080031f0   Section      104  fleqf.o(x$fpl$fleqf)
    x$fpl$fmul                               0x08003258   Section      258  fmul.o(x$fpl$fmul)
    x$fpl$fnaninf                            0x0800335a   Section      140  fnaninf.o(x$fpl$fnaninf)
    x$fpl$fretinf                            0x080033e6   Section       10  fretinf.o(x$fpl$fretinf)
    x$fpl$fsub                               0x080033f0   Section      234  faddsub_clz.o(x$fpl$fsub)
    _fsub1                                   0x080033ff   Thumb Code     0  faddsub_clz.o(x$fpl$fsub)
    x$fpl$retnan                             0x080034da   Section      100  retnan.o(x$fpl$retnan)
    x$fpl$scalbn                             0x0800353e   Section       92  scalbn.o(x$fpl$scalbn)
    x$fpl$trapveneer                         0x0800359a   Section       48  trapv.o(x$fpl$trapveneer)
    .constdata                               0x080035ca   Section      100  1601a.o(.constdata)
    x$fpl$usenofp                            0x080035ca   Section        0  usenofp.o(x$fpl$usenofp)
    lcd_glyph_chars                          0x080035ca   Data          12  1601a.o(.constdata)
    lcd_glyphs                               0x080035d6   Data          88  1601a.o(.constdata)
    .constdata                               0x08003630   Section       88  exp.o(.constdata)
    halF                                     0x08003630   Data          16  exp.o(.constdata)
    ln2HI                                    0x08003640   Data          16  exp.o(.constdata)
    ln2LO                                    0x08003650   Data          16  exp.o(.constdata)
    P                                        0x08003660   Data          40  exp.o(.constdata)
    .data                                    0x20000000   Section       20  stm32f10x_rcc.o(.data)
    APBAHBPrescTable                         0x20000000   Data          16  stm32f10x_rcc.o(.data)
    ADCPrescTable                            0x20000010   Data           4  stm32f10x_rcc.o(.data)
    .data                                    0x20000014   Section        4  systick.o(.data)
    .data                                    0x20000018   Section       14  1601a.o(.data)
    lcd_slots                                0x20000018   Data           8  1601a.o(.data)
    lcd_slot_next                            0x20000020   Data           1  1601a.o(.data)
    lcd_backlight_default                    0x20000022   Data           2  1601a.o(.data)
    lcd_backlight_saved                      0x20000024   Data           2  1601a.o(.data)
    .data                                    0x20000028   Section        8  matrixkey.o(.data)
    key_event                                0x20000028   Data           1  matrixkey.o(.data)
    key_stable                               0x20000029   Data           1  matrixkey.o(.data)
    key_sample                               0x2000002a   Data           1  matrixkey.o(.data)
    key_change_ms                            0x2000002c   Data           4  matrixkey.o(.data)
    .data                                    0x20000030   Section       13  led.o(.data)
    led_red                                  0x20000030   Data           2  led.o(.data)
    led_green                                0x20000032   Data           2  led.o(.data)
    buzzer_pulse                             0x20000034   Data           2  led.o(.data)
    buzzer_base_hz                           0x20000038   Data           4  led.o(.data)
    buzzer_duty_pct                          0x2000003c   Data           1  led.o(.data)
    .data                                    0x20000040   Section      113  main.o(.data)
    app_state                                0x20000040   Data           1  main.o(.data)
    defuse_mode                              0x20000041   Data           1  main.o(.data)
    arm_input                                0x20000042   Data           8  main.o(.data)
    arm_code                                 0x2000004a   Data           8  main.o(.data)
    defuse_input                             0x20000052   Data           8  main.o(.data)
    defuse_pos                               0x2000005a   Data           1  main.o(.data)
    arm_last_change_ms                       0x2000005c   Data           4  main.o(.data)
    countdown_end_ms                         0x20000060   Data           4  main.o(.data)
    next_beep_ms                             0x20000064   Data           4  main.o(.data)
    beep_off_ms                              0x20000068   Data           4  main.o(.data)
    beep_active                              0x2000006c   Data           1  main.o(.data)
    scroll_next_ms                           0x20000070   Data           4  main.o(.data)
    scroll_pos                               0x20000074   Data           2  main.o(.data)
    scroll_dir                               0x20000076   Data           1  main.o(.data)
    last_defuse_input_ms                     0x20000078   Data           4  main.o(.data)
    hash_hold_ms                             0x2000007c   Data           4  main.o(.data)
    success_stars                            0x20000080   Data           8  main.o(.data)
    success_show_code                        0x20000088   Data           1  main.o(.data)
    success_next_ms                          0x2000008c   Data           4  main.o(.data)
    startup_beep_state                       0x20000090   Data           1  main.o(.data)
    startup_beep_next_ms                     0x20000094   Data           4  main.o(.data)
    success_beep_state                       0x20000098   Data           1  main.o(.data)
    success_beep_next_ms                     0x2000009c   Data           4  main.o(.data)
    spaces                                   0x200000a0   Data          17  main.o(.data)
    .bss                                     0x200000b4   Section       10  mp3.o(.bss)
    send_buf                                 0x200000b4   Data          10  mp3.o(.bss)
    .bss                                     0x200000c0   Section       44  main.o(.bss)
    scroll_line                              0x200000c0   Data          17  main.o(.bss)
    defuse_anim                              0x200000d4   Data          24  main.o(.bss)
    .bss                                     0x200000ec   Section       96  libspace.o(.bss)
    HEAP                                     0x20000150   Section      512  startup_stm32f10x_md.o(HEAP)
    Heap_Mem                                 0x20000150   Data         512  startup_stm32f10x_md.o(HEAP)
    STACK                                    0x20000350   Section     1024  startup_stm32f10x_md.o(STACK)
    Stack_Mem                                0x20000350   Data        1024  startup_stm32f10x_md.o(STACK)
    __initial_sp                             0x20000750   Data           0  startup_stm32f10x_md.o(STACK)

    Global Symbols

    Symbol Name                              Value     Ov Type        Size  Object(Section)

    BuildAttributes$$THM_ISAv4$P$D$K$B$S$PE$A:L22UL41UL21$X:L11$S22US41US21$IEEE1$IW$USESV6$~STKCKD$USESV7$~SHL$OTIME$ROPI$IEEEX$EBA8$UX$STANDARDLIB$REQ8$PRES8$EABIv2 0x00000000   Number         0  anon$$obj.o ABSOLUTE
    __ARM_use_no_argv                        0x00000000   Number         0  main.o ABSOLUTE
    __ARM_exceptions_init                     - Undefined Weak Reference
    __alloca_initialize                       - Undefined Weak Reference
    __arm_preinit_                            - Undefined Weak Reference
    __cpp_initialize__aeabi_                  - Undefined Weak Reference
    __cxa_finalize                            - Undefined Weak Reference
    __rt_locale                               - Undefined Weak Reference
    __sigvec_lookup                           - Undefined Weak Reference
    _atexit_init                              - Undefined Weak Reference
    _call_atexit_fns                          - Undefined Weak Reference
    _clock_init                               - Undefined Weak Reference
    _fp_trap_init                             - Undefined Weak Reference
    _fp_trap_shutdown                         - Undefined Weak Reference
    _get_lc_collate                           - Undefined Weak Reference
    _get_lc_ctype                             - Undefined Weak Reference
    _get_lc_monetary                          - Undefined Weak Reference
    _get_lc_numeric                           - Undefined Weak Reference
    _get_lc_time                              - Undefined Weak Reference
    _getenv_init                              - Undefined Weak Reference
    _handle_redirection                       - Undefined Weak Reference
    _init_alloc                               - Undefined Weak Reference
    _init_user_alloc                          - Undefined Weak Reference
    _initio                                   - Undefined Weak Reference
    _rand_init                                - Undefined Weak Reference
    _signal_finish                            - Undefined Weak Reference
    _signal_init                              - Undefined Weak Reference
    _terminate_alloc                          - Undefined Weak Reference
    _terminate_user_alloc                     - Undefined Weak Reference
    _terminateio                              - Undefined Weak Reference
    __Vectors_Size                           0x000000ec   Number         0  startup_stm32f10x_md.o ABSOLUTE
    __Vectors                                0x08000000   Data           4  startup_stm32f10x_md.o(RESET)
    __Vectors_End                            0x080000ec   Data           0  startup_stm32f10x_md.o(RESET)
    __main                                   0x080000ed   Thumb Code     8  __main.o(!!!main)
    __scatterload                            0x080000f5   Thumb Code     0  __scatter.o(!!!scatter)
    __scatterload_rt2                        0x080000f5   Thumb Code    44  __scatter.o(!!!scatter)
    __scatterload_rt2_thumb_only             0x080000f5   Thumb Code     0  __scatter.o(!!!scatter)
    __scatterload_null                       0x08000103   Thumb Code     0  __scatter.o(!!!scatter)
    __scatterload_copy                       0x08000129   Thumb Code    26  __scatter_copy.o(!!handler_copy)
    __scatterload_zeroinit                   0x08000145   Thumb Code    28  __scatter_zi.o(!!handler_zi)
    __rt_lib_init                            0x08000161   Thumb Code     0  libinit.o(.ARM.Collect$$libinit$$00000000)
    __rt_lib_init_alloca_1                   0x08000163   Thumb Code     0  libinit2.o(.ARM.Collect$$libinit$$0000002E)
    __rt_lib_init_argv_1                     0x08000163   Thumb Code     0  libinit2.o(.ARM.Collect$$libinit$$0000002C)
    __rt_lib_init_atexit_1                   0x08000163   Thumb Code     0  libinit2.o(.ARM.Collect$$libinit$$0000001B)
    __rt_lib_init_clock_1                    0x08000163   Thumb Code     0  libinit2.o(.ARM.Collect$$libinit$$00000021)
    __rt_lib_init_cpp_1                      0x08000163   Thumb Code     0  libinit2.o(.ARM.Collect$$libinit$$00000032)
    __rt_lib_init_exceptions_1               0x08000163   Thumb Code     0  libinit2.o(.ARM.Collect$$libinit$$00000030)
    __rt_lib_init_fp_1                       0x08000163   Thumb Code     0  libinit2.o(.ARM.Collect$$libinit$$00000002)
    __rt_lib_init_fp_trap_1                  0x08000163   Thumb Code     0  libinit2.o(.ARM.Collect$$libinit$$0000001F)
    __rt_lib_init_getenv_1                   0x08000163   Thumb Code     0  libinit2.o(.ARM.Collect$$libinit$$00000023)
    __rt_lib_init_heap_1                     0x08000163   Thumb Code     0  libinit2.o(.ARM.Collect$$libinit$$0000000A)
    __rt_lib_init_lc_collate_1               0x08000163   Thumb Code     0  libinit2.o(.ARM.Collect$$libinit$$00000011)
    __rt_lib_init_lc_ctype_1                 0x08000163   Thumb Code     0  libinit2.o(.ARM.Collect$$libinit$$00000013)
    __rt_lib_init_lc_monetary_1              0x08000163   Thumb Code     0  libinit2.o(.ARM.Collect$$libinit$$00000015)
    __rt_lib_init_lc_numeric_1               0x08000163   Thumb Code     0  libinit2.o(.ARM.Collect$$libinit$$00000017)
    __rt_lib_init_lc_time_1                  0x08000163   Thumb Code     0  libinit2.o(.ARM.Collect$$libinit$$00000019)
    __rt_lib_init_preinit_1                  0x08000163   Thumb Code     0  libinit2.o(.ARM.Collect$$libinit$$00000004)
    __rt_lib_init_rand_1                     0x08000163   Thumb Code     0  libinit2.o(.ARM.Collect$$libinit$$0000000E)
    __rt_lib_init_return                     0x08000163   Thumb Code     0  libinit2.o(.ARM.Collect$$libinit$$00000033)
    __rt_lib_init_signal_1                   0x08000163   Thumb Code     0  libinit2.o(.ARM.Collect$$libinit$$0000001D)
    __rt_lib_init_stdio_1                    0x08000163   Thumb Code     0  libinit2.o(.ARM.Collect$$libinit$$00000025)
    __rt_lib_init_user_alloc_1               0x08000163   Thumb Code     0  libinit2.o(.ARM.Collect$$libinit$$0000000C)
    __rt_lib_shutdown                        0x08000165   Thumb Code     0  libshutdown.o(.ARM.Collect$$libshutdown$$00000000)
    __rt_lib_shutdown_cpp_1                  0x08000167   Thumb Code     0  libshutdown2.o(.ARM.Collect$$libshutdown$$00000002)
    __rt_lib_shutdown_fp_trap_1              0x08000167   Thumb Code     0  libshutdown2.o(.ARM.Collect$$libshutdown$$00000007)
    __rt_lib_shutdown_heap_1                 0x08000167   Thumb Code     0  libshutdown2.o(.ARM.Collect$$libshutdown$$0000000F)
    __rt_lib_shutdown_return                 0x08000167   Thumb Code     0  libshutdown2.o(.ARM.Collect$$libshutdown$$00000010)
    __rt_lib_shutdown_signal_1               0x08000167   Thumb Code     0  libshutdown2.o(.ARM.Collect$$libshutdown$$0000000A)
    __rt_lib_shutdown_stdio_1                0x08000167   Thumb Code     0  libshutdown2.o(.ARM.Collect$$libshutdown$$00000004)
    __rt_lib_shutdown_user_alloc_1           0x08000167   Thumb Code     0  libshutdown2.o(.ARM.Collect$$libshutdown$$0000000C)
    __rt_entry                               0x08000169   Thumb Code     0  __rtentry.o(.ARM.Collect$$rtentry$$00000000)
    __rt_entry_presh_1                       0x08000169   Thumb Code     0  __rtentry2.o(.ARM.Collect$$rtentry$$00000002)
    __rt_entry_sh                            0x08000169   Thumb Code     0  __rtentry4.o(.ARM.Collect$$rtentry$$00000004)
    __rt_entry_li                            0x0800016f   Thumb Code     0  __rtentry2.o(.ARM.Collect$$rtentry$$0000000A)
    __rt_entry_postsh_1                      0x0800016f   Thumb Code     0  __rtentry2.o(.ARM.Collect$$rtentry$$00000009)
    __rt_entry_main                          0x08000173   Thumb Code     0  __rtentry2.o(.ARM.Collect$$rtentry$$0000000D)
    __rt_entry_postli_1                      0x08000173   Thumb Code     0  __rtentry2.o(.ARM.Collect$$rtentry$$0000000C)
    __rt_exit                                0x0800017b   Thumb Code     0  rtexit.o(.ARM.Collect$$rtexit$$00000000)
    __rt_exit_ls                             0x0800017d   Thumb Code     0  rtexit2.o(.ARM.Collect$$rtexit$$00000003)
    __rt_exit_prels_1                        0x0800017d   Thumb Code     0  rtexit2.o(.ARM.Collect$$rtexit$$00000002)
    __rt_exit_exit                           0x08000181   Thumb Code     0  rtexit2.o(.ARM.Collect$$rtexit$$00000004)
    Reset_Handler                            0x08000189   Thumb Code     8  startup_stm32f10x_md.o(.text)
    ADC1_2_IRQHandler                        0x080001a3   Thumb Code     0  startup_stm32f10x_md.o(.text)
    CAN1_RX1_IRQHandler                      0x080001a3   Thumb Code     0  startup_stm32f10x_md.o(.text)
    CAN1_SCE_IRQHandler                      0x080001a3   Thumb Code     0  startup_stm32f10x_md.o(.text)
    DMA1_Channel1_IRQHandler                 0x080001a3   Thumb Code     0  startup_stm32f10x_md.o(.text)
    DMA1_Channel2_IRQHandler                 0x080001a3   Thumb Code     0  startup_stm32f10x_md.o(.text)
    DMA1_Channel3_IRQHandler                 0x080001a3   Thumb Code     0  startup_stm32f10x_md.o(.text)
    DMA1_Channel4_IRQHandler                 0x080001a3   Thumb Code     0  startup_stm32f10x_md.o(.text)
    DMA1_Channel5_IRQHandler                 0x080001a3   Thumb Code     0  startup_stm32f10x_md.o(.text)
    DMA1_Channel6_IRQHandler                 0x080001a3   Thumb Code     0  startup_stm32f10x_md.o(.text)
    DMA1_Channel7_IRQHandler                 0x080001a3   Thumb Code     0  startup_stm32f10x_md.o(.text)
    EXTI0_IRQHandler                         0x080001a3   Thumb Code     0  startup_stm32f10x_md.o(.text)
    EXTI15_10_IRQHandler                     0x080001a3   Thumb Code     0  startup_stm32f10x_md.o(.text)
    EXTI1_IRQHandler                         0x080001a3   Thumb Code     0  startup_stm32f10x_md.o(.text)
    EXTI2_IRQHandler                         0x080001a3   Thumb Code     0  startup_stm32f10x_md.o(.text)
    EXTI3_IRQHandler                         0x080001a3   Thumb Code     0  startup_stm32f10x_md.o(.text)
    EXTI4_IRQHandler                         0x080001a3   Thumb Code     0  startup_stm32f10x_md.o(.text)
    EXTI9_5_IRQHandler                       0x080001a3   Thumb Code     0  startup_stm32f10x_md.o(.text)
    FLASH_IRQHandler                         0x080001a3   Thumb Code     0  startup_stm32f10x_md.o(.text)
    I2C1_ER_IRQHandler                       0x080001a3   Thumb Code     0  startup_stm32f10x_md.o(.text)
    I2C1_EV_IRQHandler                       0x080001a3   Thumb Code     0  startup_stm32f10x_md.o(.text)
    I2C2_ER_IRQHandler                       0x080001a3   Thumb Code     0  startup_stm32f10x_md.o(.text)
    I2C2_EV_IRQHandler                       0x080001a3   Thumb Code     0  startup_stm32f10x_md.o(.text)
    PVD_IRQHandler                           0x080001a3   Thumb Code     0  startup_stm32f10x_md.o(.text)
    RCC_IRQHandler                           0x080001a3   Thumb Code     0  startup_stm32f10x_md.o(.text)
    RTCAlarm_IRQHandler                      0x080001a3   Thumb Code     0  startup_stm32f10x_md.o(.text)
    RTC_IRQHandler                           0x080001a3   Thumb Code     0  startup_stm32f10x_md.o(.text)
    SPI1_IRQHandler                          0x080001a3   Thumb Code     0  startup_stm32f10x_md.o(.text)
    SPI2_IRQHandler                          0x080001a3   Thumb Code     0  startup_stm32f10x_md.o(.text)
    TAMPER_IRQHandler                        0x080001a3   Thumb Code     0  startup_stm32f10x_md.o(.text)
    TIM1_BRK_IRQHandler                      0x080001a3   Thumb Code     0  startup_stm32f10x_md.o(.text)
    TIM1_CC_IRQHandler                       0x080001a3   Thumb Code     0  startup_stm32f10x_md.o(.text)
    TIM1_TRG_COM_IRQHandler                  0x080001a3   Thumb Code     0  startup_stm32f10x_md.o(.text)
    TIM1_UP_IRQHandler                       0x080001a3   Thumb Code     0  startup_stm32f10x_md.o(.text)
    TIM2_IRQHandler                          0x080001a3   Thumb Code     0  startup_stm32f10x_md.o(.text)
    TIM3_IRQHandler                          0x080001a3   Thumb Code     0  startup_stm32f10x_md.o(.text)
    USART1_IRQHandler                        0x080001a3   Thumb Code     0  startup_stm32f10x_md.o(.text)
    USART2_IRQHandler                        0x080001a3   Thumb Code     0  startup_stm32f10x_md.o(.text)
    USART3_IRQHandler                        0x080001a3   Thumb Code     0  startup_stm32f10x_md.o(.text)
    USBWakeUp_IRQHandler                     0x080001a3   Thumb Code     0  startup_stm32f10x_md.o(.text)
    USB_HP_CAN1_TX_IRQHandler                0x080001a3   Thumb Code     0  startup_stm32f10x_md.o(.text)
    USB_LP_CAN1_RX0_IRQHandler               0x080001a3   Thumb Code     0  startup_stm32f10x_md.o(.text)
    WWDG_IRQHandler                          0x080001a3   Thumb Code     0  startup_stm32f10x_md.o(.text)
    __user_initial_stackheap                 0x080001a5   Thumb Code     0  startup_stm32f10x_md.o(.text)
    memcmp                                   0x080001c9   Thumb Code    88  memcmp.o(.text)
    __use_two_region_memory                  0x08000221   Thumb Code     2  heapauxi.o(.text)
    __rt_heap_escrow$2region                 0x08000223   Thumb Code     2  heapauxi.o(.text)
    __rt_heap_expand$2region                 0x08000225   Thumb Code     2  heapauxi.o(.text)
    __read_errno                             0x08000227   Thumb Code    10  _rserrno.o(.text)
    __set_errno                              0x08000231   Thumb Code    12  _rserrno.o(.text)
    __aeabi_errno_addr                       0x0800023d   Thumb Code     8  rt_errno_addr_intlibspace.o(.text)
    __errno$intlibspace                      0x0800023d   Thumb Code     0  rt_errno_addr_intlibspace.o(.text)
    __rt_errno_addr$intlibspace              0x0800023d   Thumb Code     0  rt_errno_addr_intlibspace.o(.text)
    __user_libspace                          0x08000245   Thumb Code     8  libspace.o(.text)
    __user_perproc_libspace                  0x08000245   Thumb Code     0  libspace.o(.text)
    __user_perthread_libspace                0x08000245   Thumb Code     0  libspace.o(.text)
    __user_setup_stackheap                   0x0800024d   Thumb Code    74  sys_stackheap_outer.o(.text)
    exit                                     0x08000297   Thumb Code    18  exit.o(.text)
    _sys_exit                                0x080002a9   Thumb Code     8  sys_exit.o(.text)
    __I$use$semihosting                      0x080002b5   Thumb Code     0  use_no_semi.o(.text)
    __use_no_semihosting_swi                 0x080002b5   Thumb Code     2  use_no_semi.o(.text)
    BusFault_Handler                         0x080002b7   Thumb Code     4  stm32f10x_it.o(i.BusFault_Handler)
    __semihosting_library_function           0x080002b7   Thumb Code     0  indicate_semi.o(.text)
    Buzzer_Init                              0x080002bd   Thumb Code   190  led.o(i.Buzzer_Init)
    Buzzer_Off                               0x08000395   Thumb Code    12  led.o(i.Buzzer_Off)
    Buzzer_On                                0x080003a5   Thumb Code    14  led.o(i.Buzzer_On)
    Buzzer_SetDuty                           0x080003bd   Thumb Code    58  led.o(i.Buzzer_SetDuty)
    Buzzer_SetFreq                           0x08000405   Thumb Code    70  led.o(i.Buzzer_SetFreq)
    DebugMon_Handler                         0x08000659   Thumb Code     2  stm32f10x_it.o(i.DebugMon_Handler)
    Delay_ms                                 0x08000871   Thumb Code    24  delay.o(i.Delay_ms)
    Delay_us                                 0x08000889   Thumb Code    46  delay.o(i.Delay_us)
    GPIO_Init                                0x080008f9   Thumb Code   278  stm32f10x_gpio.o(i.GPIO_Init)
    GPIO_PinRemapConfig                      0x08000a11   Thumb Code   138  stm32f10x_gpio.o(i.GPIO_PinRemapConfig)
    GPIO_ReadInputDataBit                    0x08000aa1   Thumb Code    18  stm32f10x_gpio.o(i.GPIO_ReadInputDataBit)
    GPIO_ResetBits                           0x08000ab3   Thumb Code     4  stm32f10x_gpio.o(i.GPIO_ResetBits)
    GPIO_SetBits                             0x08000ab7   Thumb Code     4  stm32f10x_gpio.o(i.GPIO_SetBits)
    HardFault_Handler                        0x08000abb   Thumb Code     4  stm32f10x_it.o(i.HardFault_Handler)
    LCD_Backlight_On                         0x08000ac1   Thumb Code    12  1601a.o(i.LCD_Backlight_On)
    LCD_Backlight_Set                        0x08000ad1   Thumb Code    32  1601a.o(i.LCD_Backlight_Set)
    LCD_INIT                                 0x08000c5d   Thumb Code   176  1601a.o(i.LCD_INIT)
    LCD_WRITE_ByteDATA                       0x08000e79   Thumb Code    28  1601a.o(i.LCD_WRITE_ByteDATA)
    LCD_WRITE_CMD                            0x08000e99   Thumb Code    44  1601a.o(i.LCD_WRITE_CMD)
    LCD_WRITE_StrDATA                        0x08000ec9   Thumb Code    66  1601a.o(i.LCD_WRITE_StrDATA)
    LCD_WRITE_StrDATA_Password               0x08000f0d   Thumb Code   194  1601a.o(i.LCD_WRITE_StrDATA_Password)
    LED_AllOff                               0x08000fff   Thumb Code    12  led.o(i.LED_AllOff)
    LED_Init                                 0x0800104d   Thumb Code   248  led.o(i.LED_Init)
    LED_SetColor                             0x08001155   Thumb Code    60  led.o(i.LED_SetColor)
    LED_SetGreen                             0x08001199   Thumb Code    16  led.o(i.LED_SetGreen)
    LED_SetYellow                            0x080011ad   Thumb Code    28  led.o(i.LED_SetYellow)
    MP3CMD                                   0x080011c9   Thumb Code    72  mp3.o(i.MP3CMD)
    MatrixKey_GetHold                        0x08001215   Thumb Code     6  matrixkey.o(i.MatrixKey_GetHold)
    MatrixKey_GetValue                       0x08001221   Thumb Code    12  matrixkey.o(i.MatrixKey_GetValue)
    MatrixKey_Init                           0x08001231   Thumb Code    78  matrixkey.o(i.MatrixKey_Init)
    MatrixKey_Update                         0x0800138d   Thumb Code    78  matrixkey.o(i.MatrixKey_Update)
    MemManage_Handler                        0x080013ed   Thumb Code     4  stm32f10x_it.o(i.MemManage_Handler)
    NMI_Handler                              0x080013f1   Thumb Code     2  stm32f10x_it.o(i.NMI_Handler)
    NVIC_Init                                0x080013f5   Thumb Code   100  misc.o(i.NVIC_Init)
    PendSV_Handler                           0x0800153b   Thumb Code     2  stm32f10x_it.o(i.PendSV_Handler)
    RCC_APB1PeriphClockCmd                   0x0800153d   Thumb Code    26  stm32f10x_rcc.o(i.RCC_APB1PeriphClockCmd)
    RCC_APB2PeriphClockCmd                   0x0800155d   Thumb Code    26  stm32f10x_rcc.o(i.RCC_APB2PeriphClockCmd)
    RCC_GetClocksFreq                        0x0800157d   Thumb Code   192  stm32f10x_rcc.o(i.RCC_GetClocksFreq)
    Relay_Off                                0x08001651   Thumb Code    12  led.o(i.Relay_Off)
    Relay_On                                 0x08001661   Thumb Code    12  led.o(i.Relay_On)
    SVC_Handler                              0x08001671   Thumb Code     2  stm32f10x_it.o(i.SVC_Handler)
    Serial_Init                              0x08001675   Thumb Code   100  serial.o(i.Serial_Init)
    Serial_SendArray                         0x080016e1   Thumb Code    26  serial.o(i.Serial_SendArray)
    Serial_SendByte                          0x080016fd   Thumb Code    28  serial.o(i.Serial_SendByte)
    SysTick_Handler                          0x08001955   Thumb Code     2  stm32f10x_it.o(i.SysTick_Handler)
    SystemInit                               0x08001959   Thumb Code    78  system_stm32f10x.o(i.SystemInit)
    TIM4_IRQHandler                          0x080019b9   Thumb Code    26  stm32f10x_it.o(i.TIM4_IRQHandler)
    TIM_ARRPreloadConfig                     0x080019d9   Thumb Code    24  stm32f10x_tim.o(i.TIM_ARRPreloadConfig)
    TIM_ClearITPendingBit                    0x080019f1   Thumb Code     6  stm32f10x_tim.o(i.TIM_ClearITPendingBit)
    TIM_Cmd                                  0x080019f7   Thumb Code    24  stm32f10x_tim.o(i.TIM_Cmd)
    TIM_GetCapture3                          0x08001a0f   Thumb Code     6  stm32f10x_tim.o(i.TIM_GetCapture3)
    TIM_GetITStatus                          0x08001a15   Thumb Code    34  stm32f10x_tim.o(i.TIM_GetITStatus)
    TIM_ITConfig                             0x08001a37   Thumb Code    18  stm32f10x_tim.o(i.TIM_ITConfig)
    TIM_OC2Init                              0x08001a49   Thumb Code   154  stm32f10x_tim.o(i.TIM_OC2Init)
    TIM_OC2PreloadConfig                     0x08001aed   Thumb Code    26  stm32f10x_tim.o(i.TIM_OC2PreloadConfig)
    TIM_OC3Init                              0x08001b09   Thumb Code   150  stm32f10x_tim.o(i.TIM_OC3Init)
    TIM_OC3PreloadConfig                     0x08001ba9   Thumb Code    18  stm32f10x_tim.o(i.TIM_OC3PreloadConfig)
    TIM_OC4Init                              0x08001bbd   Thumb Code   114  stm32f10x_tim.o(i.TIM_OC4Init)
    TIM_OC4PreloadConfig                     0x08001c39   Thumb Code    26  stm32f10x_tim.o(i.TIM_OC4PreloadConfig)
    TIM_SetAutoreload                        0x08001c53   Thumb Code     4  stm32f10x_tim.o(i.TIM_SetAutoreload)
    TIM_SetCompare2                          0x08001c57   Thumb Code     4  stm32f10x_tim.o(i.TIM_SetCompare2)
    TIM_SetCompare3                          0x08001c5b   Thumb Code     4  stm32f10x_tim.o(i.TIM_SetCompare3)
    TIM_SetCompare4                          0x08001c5f   Thumb Code     6  stm32f10x_tim.o(i.TIM_SetCompare4)
    TIM_TimeBaseInit                         0x08001c65   Thumb Code   122  stm32f10x_tim.o(i.TIM_TimeBaseInit)
    Timebase_Init                            0x08001d09   Thumb Code   102  systick.o(i.Timebase_Init)
    Timebase_Millis                          0x08001d79   Thumb Code     6  systick.o(i.Timebase_Millis)
    Timebase_Tick                            0x08001d85   Thumb Code    12  systick.o(i.Timebase_Tick)
    USART_Cmd                                0x08001ddd   Thumb Code    24  stm32f10x_usart.o(i.USART_Cmd)
    USART_GetFlagStatus                      0x08001df5   Thumb Code    26  stm32f10x_usart.o(i.USART_GetFlagStatus)
    USART_Init                               0x08001e11   Thumb Code   210  stm32f10x_usart.o(i.USART_Init)
    USART_SendData                           0x08001ee9   Thumb Code     8  stm32f10x_usart.o(i.USART_SendData)
    UsageFault_Handler                       0x08001ef1   Thumb Code     4  stm32f10x_it.o(i.UsageFault_Handler)
    __ARM_fpclassify                         0x08001ef5   Thumb Code    40  fpclassify.o(i.__ARM_fpclassify)
    __kernel_poly                            0x08001f1d   Thumb Code   170  poly.o(i.__kernel_poly)
    __mathlib_dbl_infnan                     0x08001fc7   Thumb Code     6  dunder.o(i.__mathlib_dbl_infnan)
    __mathlib_dbl_overflow                   0x08001fcd   Thumb Code    14  dunder.o(i.__mathlib_dbl_overflow)
    __mathlib_dbl_underflow                  0x08001fdd   Thumb Code    10  dunder.o(i.__mathlib_dbl_underflow)
    exp                                      0x08001fed   Thumb Code   554  exp.o(i.exp)
    main                                     0x08002271   Thumb Code   544  main.o(i.main)
    mp3_Init                                 0x080024cd   Thumb Code     8  mp3.o(i.mp3_Init)
    mp3_boom                                 0x080024d5   Thumb Code    12  mp3.o(i.mp3_boom)
    mp3_over                                 0x080024e1   Thumb Code    12  mp3.o(i.mp3_over)
    __aeabi_d2f                              0x080024ed   Thumb Code     0  d2f.o(x$fpl$d2f)
    _d2f                                     0x080024ed   Thumb Code    98  d2f.o(x$fpl$d2f)
    __aeabi_dadd                             0x08002551   Thumb Code     0  daddsub_clz.o(x$fpl$dadd)
    _dadd                                    0x08002551   Thumb Code   332  daddsub_clz.o(x$fpl$dadd)
    __fpl_dcheck_NaN1                        0x080026a1   Thumb Code    10  dcheck1.o(x$fpl$dcheck1)
    __fpl_dcmp_Inf                           0x080026b1   Thumb Code    24  dcmpi.o(x$fpl$dcmpinf)
    __aeabi_ddiv                             0x080026c9   Thumb Code     0  ddiv.o(x$fpl$ddiv)
    _ddiv                                    0x080026c9   Thumb Code   552  ddiv.o(x$fpl$ddiv)
    __aeabi_d2iz                             0x08002979   Thumb Code     0  dfix.o(x$fpl$dfix)
    _dfix                                    0x08002979   Thumb Code    94  dfix.o(x$fpl$dfix)
    __aeabi_i2d                              0x080029d7   Thumb Code     0  dflt_clz.o(x$fpl$dflt)
    _dflt                                    0x080029d7   Thumb Code    46  dflt_clz.o(x$fpl$dflt)
    __aeabi_cdcmple                          0x08002a05   Thumb Code     0  dleqf.o(x$fpl$dleqf)
    _dcmple                                  0x08002a05   Thumb Code   120  dleqf.o(x$fpl$dleqf)
    __fpl_dcmple_InfNaN                      0x08002a67   Thumb Code     0  dleqf.o(x$fpl$dleqf)
    __aeabi_dmul                             0x08002a7d   Thumb Code     0  dmul.o(x$fpl$dmul)
    _dmul                                    0x08002a7d   Thumb Code   332  dmul.o(x$fpl$dmul)
    __fpl_dnaninf                            0x08002bd1   Thumb Code   156  dnaninf.o(x$fpl$dnaninf)
    __fpl_dretinf                            0x08002c6d   Thumb Code    12  dretinf.o(x$fpl$dretinf)
    __aeabi_cdrcmple                         0x08002c79   Thumb Code     0  drleqf.o(x$fpl$drleqf)
    _drcmple                                 0x08002c79   Thumb Code   108  drleqf.o(x$fpl$drleqf)
    __aeabi_drsub                            0x08002ce5   Thumb Code     0  daddsub_clz.o(x$fpl$drsb)
    _drsb                                    0x08002ce5   Thumb Code    22  daddsub_clz.o(x$fpl$drsb)
    __aeabi_dsub                             0x08002cfd   Thumb Code     0  daddsub_clz.o(x$fpl$dsub)
    _dsub                                    0x08002cfd   Thumb Code   464  daddsub_clz.o(x$fpl$dsub)
    __aeabi_f2d                              0x08002ed1   Thumb Code     0  f2d.o(x$fpl$f2d)
    _f2d                                     0x08002ed1   Thumb Code    86  f2d.o(x$fpl$f2d)
    __aeabi_fadd                             0x08002f29   Thumb Code     0  faddsub_clz.o(x$fpl$fadd)
    _fadd                                    0x08002f29   Thumb Code   196  faddsub_clz.o(x$fpl$fadd)
    __fpl_fcmp_Inf                           0x08002fed   Thumb Code    24  fcmpi.o(x$fpl$fcmpinf)
    __aeabi_fdiv                             0x08003005   Thumb Code     0  fdiv.o(x$fpl$fdiv)
    _fdiv                                    0x08003005   Thumb Code   384  fdiv.o(x$fpl$fdiv)
    __aeabi_f2uiz                            0x08003189   Thumb Code     0  ffixu.o(x$fpl$ffixu)
    _ffixu                                   0x08003189   Thumb Code    62  ffixu.o(x$fpl$ffixu)
    __aeabi_ui2f                             0x080031c9   Thumb Code     0  fflt_clz.o(x$fpl$ffltu)
    _ffltu                                   0x080031c9   Thumb Code    38  fflt_clz.o(x$fpl$ffltu)
    __aeabi_cfcmple                          0x080031f1   Thumb Code     0  fleqf.o(x$fpl$fleqf)
    _fcmple                                  0x080031f1   Thumb Code   104  fleqf.o(x$fpl$fleqf)
    __fpl_fcmple_InfNaN                      0x08003243   Thumb Code     0  fleqf.o(x$fpl$fleqf)
    __aeabi_fmul                             0x08003259   Thumb Code     0  fmul.o(x$fpl$fmul)
    _fmul                                    0x08003259   Thumb Code   258  fmul.o(x$fpl$fmul)
    __fpl_fnaninf                            0x0800335b   Thumb Code   140  fnaninf.o(x$fpl$fnaninf)
    __fpl_fretinf                            0x080033e7   Thumb Code    10  fretinf.o(x$fpl$fretinf)
    __aeabi_fsub                             0x080033f1   Thumb Code     0  faddsub_clz.o(x$fpl$fsub)
    _fsub                                    0x080033f1   Thumb Code   234  faddsub_clz.o(x$fpl$fsub)
    __fpl_return_NaN                         0x080034db   Thumb Code   100  retnan.o(x$fpl$retnan)
    __ARM_scalbn                             0x0800353f   Thumb Code    92  scalbn.o(x$fpl$scalbn)
    __fpl_cmpreturn                          0x0800359b   Thumb Code    48  trapv.o(x$fpl$trapveneer)
    __I$use$fp                               0x080035ca   Number         0  usenofp.o(x$fpl$usenofp)
    Region$$Table$$Base                      0x08003688   Number         0  anon$$obj.o(Region$$Table)
    Region$$Table$$Limit                     0x080036a8   Number         0  anon$$obj.o(Region$$Table)
    g_time_ms                                0x20000014   Data           4  systick.o(.data)
    __libspace_start                         0x200000ec   Data          96  libspace.o(.bss)
    __temporary_stack_top$libspace           0x2000014c   Data           0  libspace.o(.bss)



==============================================================================

Memory Map of the image

  Image Entry point : 0x080000ed

  Load Region LR_IROM1 (Base: 0x08000000, Size: 0x0000375c, Max: 0x00010000, ABSOLUTE)

    Execution Region ER_IROM1 (Exec base: 0x08000000, Load base: 0x08000000, Size: 0x000036a8, Max: 0x00010000, ABSOLUTE)

    Exec Addr    Load Addr    Size         Type   Attr      Idx    E Section Name        Object

    0x08000000   0x08000000   0x000000ec   Data   RO            3    RESET               startup_stm32f10x_md.o
    0x080000ec   0x080000ec   0x00000008   Code   RO         3845  * !!!main             c_w.l(__main.o)
    0x080000f4   0x080000f4   0x00000034   Code   RO         4113    !!!scatter          c_w.l(__scatter.o)
    0x08000128   0x08000128   0x0000001a   Code   RO         4115    !!handler_copy      c_w.l(__scatter_copy.o)
    0x08000142   0x08000142   0x00000002   PAD
    0x08000144   0x08000144   0x0000001c   Code   RO         4117    !!handler_zi        c_w.l(__scatter_zi.o)
    0x08000160   0x08000160   0x00000002   Code   RO         3982    .ARM.Collect$$libinit$$00000000  c_w.l(libinit.o)
    0x08000162   0x08000162   0x00000000   Code   RO         3988    .ARM.Collect$$libinit$$00000002  c_w.l(libinit2.o)
    0x08000162   0x08000162   0x00000000   Code   RO         3990    .ARM.Collect$$libinit$$00000004  c_w.l(libinit2.o)
    0x08000162   0x08000162   0x00000000   Code   RO         3993    .ARM.Collect$$libinit$$0000000A  c_w.l(libinit2.o)
    0x08000162   0x08000162   0x00000000   Code   RO         3995    .ARM.Collect$$libinit$$0000000C  c_w.l(libinit2.o)
    0x08000162   0x08000162   0x00000000   Code   RO         3997    .ARM.Collect$$libinit$$0000000E  c_w.l(libinit2.o)
    0x08000162   0x08000162   0x00000000   Code   RO         4000    .ARM.Collect$$libinit$$00000011  c_w.l(libinit2.o)
    0x08000162   0x08000162   0x00000000   Code   RO         4002    .ARM.Collect$$libinit$$00000013  c_w.l(libinit2.o)
    0x08000162   0x08000162   0x00000000   Code   RO         4004    .ARM.Collect$$libinit$$00000015  c_w.l(libinit2.o)
    0x08000162   0x08000162   0x00000000   Code   RO         4006    .ARM.Collect$$libinit$$00000017  c_w.l(libinit2.o)
    0x08000162   0x08000162   0x00000000   Code   RO         4008    .ARM.Collect$$libinit$$00000019  c_w.l(libinit2.o)
    0x08000162   0x08000162   0x00000000   Code   RO         4010    .ARM.Collect$$libinit$$0000001B  c_w.l(libinit2.o)
    0x08000162   0x08000162   0x00000000   Code   RO         4012    .ARM.Collect$$libinit$$0000001D  c_w.l(libinit2.o)
    0x08000162   0x08000162   0x00000000   Code   RO         4014    .ARM.Collect$$libinit$$0000001F  c_w.l(libinit2.o)
    0x08000162   0x08000162   0x00000000   Code   RO         4016    .ARM.Collect$$libinit$$00000021  c_w.l(libinit2.o)
    0x08000162   0x08000162   0x00000000   Code   RO         4018    .ARM.Collect$$libinit$$00000023  c_w.l(libinit2.o)
    0x08000162   0x08000162   0x00000000   Code   RO         4020    .ARM.Collect$$libinit$$00000025  c_w.l(libinit2.o)
    0x08000162   0x08000162   0x00000000   Code   RO         4024    .ARM.Collect$$libinit$$0000002C  c_w.l(libinit2.o)
    0x08000162   0x08000162   0x00000000   Code   RO         4026    .ARM.Collect$$libinit$$0000002E  c_w.l(libinit2.o)
    0x08000162   0x08000162   0x00000000   Code   RO         4028    .ARM.Collect$$libinit$$00000030  c_w.l(libinit2.o)
    0x08000162   0x08000162   0x00000000   Code   RO         4030    .ARM.Collect$$libinit$$00000032  c_w.l(libinit2.o)
    0x08000162   0x08000162   0x00000002   Code   RO         4031    .ARM.Collect$$libinit$$00000033  c_w.l(libinit2.o)
    0x08000164   0x08000164   0x00000002   Code   RO         4053    .ARM.Collect$$libshutdown$$00000000  c_w.l(libshutdown.o)
    0x08000166   0x08000166   0x00000000   Code   RO         4066    .ARM.Collect$$libshutdown$$00000002  c_w.l(libshutdown2.o)
    0x08000166   0x08000166   0x00000000   Code   RO         4068    .ARM.Collect$$libshutdown$$00000004  c_w.l(libshutdown2.o)
    0x08000166   0x08000166   0x00000000   Code   RO         4071    .ARM.Collect$$libshutdown$$00000007  c_w.l(libshutdown2.o)
    0x08000166   0x08000166   0x00000000   Code   RO         4074    .ARM.Collect$$libshutdown$$0000000A  c_w.l(libshutdown2.o)
    0x08000166   0x08000166   0x00000000   Code   RO         4076    .ARM.Collect$$libshutdown$$0000000C  c_w.l(libshutdown2.o)
    0x08000166   0x08000166   0x00000000   Code   RO         4079    .ARM.Collect$$libshutdown$$0000000F  c_w.l(libshutdown2.o)
    0x08000166   0x08000166   0x00000002   Code   RO         4080    .ARM.Collect$$libshutdown$$00000010  c_w.l(libshutdown2.o)
    0x08000168   0x08000168   0x00000000   Code   RO         3885    .ARM.Collect$$rtentry$$00000000  c_w.l(__rtentry.o)
    0x08000168   0x08000168   0x00000000   Code   RO         3947    .ARM.Collect$$rtentry$$00000002  c_w.l(__rtentry2.o)
    0x08000168   0x08000168   0x00000006   Code   RO         3959    .ARM.Collect$$rtentry$$00000004  c_w.l(__rtentry4.o)
    0x0800016e   0x0800016e   0x00000000   Code   RO         3949    .ARM.Collect$$rtentry$$00000009  c_w.l(__rtentry2.o)
    0x0800016e   0x0800016e   0x00000004   Code   RO         3950    .ARM.Collect$$rtentry$$0000000A  c_w.l(__rtentry2.o)
    0x08000172   0x08000172   0x00000000   Code   RO         3952    .ARM.Collect$$rtentry$$0000000C  c_w.l(__rtentry2.o)
    0x08000172   0x08000172   0x00000008   Code   RO         3953    .ARM.Collect$$rtentry$$0000000D  c_w.l(__rtentry2.o)
    0x0800017a   0x0800017a   0x00000002   Code   RO         3985    .ARM.Collect$$rtexit$$00000000  c_w.l(rtexit.o)
    0x0800017c   0x0800017c   0x00000000   Code   RO         4035    .ARM.Collect$$rtexit$$00000002  c_w.l(rtexit2.o)
    0x0800017c   0x0800017c   0x00000004   Code   RO         4036    .ARM.Collect$$rtexit$$00000003  c_w.l(rtexit2.o)
    0x08000180   0x08000180   0x00000006   Code   RO         4037    .ARM.Collect$$rtexit$$00000004  c_w.l(rtexit2.o)
    0x08000186   0x08000186   0x00000002   PAD
    0x08000188   0x08000188   0x00000040   Code   RO            4    .text               startup_stm32f10x_md.o
    0x080001c8   0x080001c8   0x00000058   Code   RO         3841    .text               c_w.l(memcmp.o)
    0x08000220   0x08000220   0x00000006   Code   RO         3843    .text               c_w.l(heapauxi.o)
    0x08000226   0x08000226   0x00000016   Code   RO         3886    .text               c_w.l(_rserrno.o)
    0x0800023c   0x0800023c   0x00000008   Code   RO         3964    .text               c_w.l(rt_errno_addr_intlibspace.o)
    0x08000244   0x08000244   0x00000008   Code   RO         3970    .text               c_w.l(libspace.o)
    0x0800024c   0x0800024c   0x0000004a   Code   RO         3973    .text               c_w.l(sys_stackheap_outer.o)
    0x08000296   0x08000296   0x00000012   Code   RO         3975    .text               c_w.l(exit.o)
    0x080002a8   0x080002a8   0x0000000c   Code   RO         4045    .text               c_w.l(sys_exit.o)
    0x080002b4   0x080002b4   0x00000002   Code   RO         4056    .text               c_w.l(use_no_semi.o)
    0x080002b6   0x080002b6   0x00000000   Code   RO         4058    .text               c_w.l(indicate_semi.o)
    0x080002b6   0x080002b6   0x00000004   Code   RO         3770    i.BusFault_Handler  stm32f10x_it.o
    0x080002ba   0x080002ba   0x00000002   PAD
    0x080002bc   0x080002bc   0x000000d8   Code   RO         3455    i.Buzzer_Init       led.o
    0x08000394   0x08000394   0x00000010   Code   RO         3456    i.Buzzer_Off        led.o
    0x080003a4   0x080003a4   0x00000018   Code   RO         3457    i.Buzzer_On         led.o
    0x080003bc   0x080003bc   0x00000048   Code   RO         3458    i.Buzzer_SetDuty    led.o
    0x08000404   0x08000404   0x00000058   Code   RO         3459    i.Buzzer_SetFreq    led.o
    0x0800045c   0x0800045c   0x00000098   Code   RO         3623    i.Countdown_Start   main.o
    0x080004f4   0x080004f4   0x000000f8   Code   RO         3624    i.Countdown_UpdateBeep  main.o
    0x080005ec   0x080005ec   0x0000006c   Code   RO         3625    i.Countdown_UpdateScroll  main.o
    0x08000658   0x08000658   0x00000002   Code   RO         3771    i.DebugMon_Handler  stm32f10x_it.o
    0x0800065a   0x0800065a   0x00000002   PAD
    0x0800065c   0x0800065c   0x00000020   Code   RO         3626    i.DefuseAnim_Reset  main.o
    0x0800067c   0x0800067c   0x00000064   Code   RO         3627    i.DefuseAnim_Start  main.o
    0x080006e0   0x080006e0   0x000000d8   Code   RO         3628    i.DefuseAnim_Update  main.o
    0x080007b8   0x080007b8   0x00000068   Code   RO         3629    i.Defuse_Success    main.o
    0x08000820   0x08000820   0x00000038   Code   RO         3630    i.DefuserInput_Init  main.o
    0x08000858   0x08000858   0x00000018   Code   RO         3631    i.Defuser_IsActive  main.o
    0x08000870   0x08000870   0x00000018   Code   RO         3197    i.Delay_ms          delay.o
    0x08000888   0x08000888   0x0000002e   Code   RO         3199    i.Delay_us          delay.o
    0x080008b6   0x080008b6   0x00000002   PAD
    0x080008b8   0x080008b8   0x00000040   Code   RO         3632    i.Explosion_Start   main.o
    0x080008f8   0x080008f8   0x00000116   Code   RO         1347    i.GPIO_Init         stm32f10x_gpio.o
    0x08000a0e   0x08000a0e   0x00000002   PAD
    0x08000a10   0x08000a10   0x00000090   Code   RO         1349    i.GPIO_PinRemapConfig  stm32f10x_gpio.o
    0x08000aa0   0x08000aa0   0x00000012   Code   RO         1351    i.GPIO_ReadInputDataBit  stm32f10x_gpio.o
    0x08000ab2   0x08000ab2   0x00000004   Code   RO         1354    i.GPIO_ResetBits    stm32f10x_gpio.o
    0x08000ab6   0x08000ab6   0x00000004   Code   RO         1355    i.GPIO_SetBits      stm32f10x_gpio.o
    0x08000aba   0x08000aba   0x00000004   Code   RO         3772    i.HardFault_Handler  stm32f10x_it.o
    0x08000abe   0x08000abe   0x00000002   PAD
    0x08000ac0   0x08000ac0   0x00000010   Code   RO         3262    i.LCD_Backlight_On  1601a.o
    0x08000ad0   0x08000ad0   0x00000024   Code   RO         3263    i.LCD_Backlight_Set  1601a.o
    0x08000af4   0x08000af4   0x00000010   Code   RO         3633    i.LCD_ClearLine     main.o
    0x08000b04   0x08000b04   0x00000022   Code   RO         3266    i.LCD_EncodeChar    1601a.o
    0x08000b26   0x08000b26   0x00000002   PAD
    0x08000b28   0x08000b28   0x000000a0   Code   RO         3267    i.LCD_GPIO_Init     1601a.o
    0x08000bc8   0x08000bc8   0x00000068   Code   RO         3268    i.LCD_GetGlyphSlot  1601a.o
    0x08000c30   0x08000c30   0x00000024   Code   RO         3269    i.LCD_GlyphIndex    1601a.o
    0x08000c54   0x08000c54   0x00000006   Code   RO         3270    i.LCD_GlyphRow      1601a.o
    0x08000c5a   0x08000c5a   0x00000002   PAD
    0x08000c5c   0x08000c5c   0x000000c4   Code   RO         3271    i.LCD_INIT          1601a.o
    0x08000d20   0x08000d20   0x00000032   Code   RO         3272    i.LCD_LoadGlyph     1601a.o
    0x08000d52   0x08000d52   0x0000000a   Code   RO         3273    i.LCD_MapCol        1601a.o
    0x08000d5c   0x08000d5c   0x00000028   Code   RO         3274    i.LCD_PulseEnable   1601a.o
    0x08000d84   0x08000d84   0x00000022   Code   RO         3276    i.LCD_SetCursorPhysical  1601a.o
    0x08000da6   0x08000da6   0x00000002   PAD
    0x08000da8   0x08000da8   0x0000006c   Code   RO         3277    i.LCD_SetDataNibble  1601a.o
    0x08000e14   0x08000e14   0x00000014   Code   RO         3634    i.LCD_ShowPassword  main.o
    0x08000e28   0x08000e28   0x00000050   Code   RO         3635    i.LCD_ShowScroll    main.o
    0x08000e78   0x08000e78   0x00000020   Code   RO         3278    i.LCD_WRITE_ByteDATA  1601a.o
    0x08000e98   0x08000e98   0x00000030   Code   RO         3279    i.LCD_WRITE_CMD     1601a.o
    0x08000ec8   0x08000ec8   0x00000042   Code   RO         3280    i.LCD_WRITE_StrDATA  1601a.o
    0x08000f0a   0x08000f0a   0x00000002   PAD
    0x08000f0c   0x08000f0c   0x000000cc   Code   RO         3281    i.LCD_WRITE_StrDATA_Password  1601a.o
    0x08000fd8   0x08000fd8   0x00000012   Code   RO         3282    i.LCD_Write4Bits    1601a.o
    0x08000fea   0x08000fea   0x00000014   Code   RO         3283    i.LCD_Write8Bits    1601a.o
    0x08000ffe   0x08000ffe   0x0000000c   Code   RO         3460    i.LED_AllOff        led.o
    0x0800100a   0x0800100a   0x00000040   Code   RO         3636    i.LED_Breath        main.o
    0x0800104a   0x0800104a   0x00000002   PAD
    0x0800104c   0x0800104c   0x00000108   Code   RO         3461    i.LED_Init          led.o
    0x08001154   0x08001154   0x00000044   Code   RO         3462    i.LED_SetColor      led.o
    0x08001198   0x08001198   0x00000014   Code   RO         3463    i.LED_SetGreen      led.o
    0x080011ac   0x080011ac   0x0000001c   Code   RO         3465    i.LED_SetYellow     led.o
    0x080011c8   0x080011c8   0x0000004c   Code   RO         3576    i.MP3CMD            mp3.o
    0x08001214   0x08001214   0x0000000c   Code   RO         3407    i.MatrixKey_GetHold  matrixkey.o
    0x08001220   0x08001220   0x00000010   Code   RO         3408    i.MatrixKey_GetValue  matrixkey.o
    0x08001230   0x08001230   0x00000054   Code   RO         3409    i.MatrixKey_Init    matrixkey.o
    0x08001284   0x08001284   0x00000048   Code   RO         3410    i.MatrixKey_ReadRows  matrixkey.o
    0x080012cc   0x080012cc   0x000000c0   Code   RO         3411    i.MatrixKey_ScanRaw  matrixkey.o
    0x0800138c   0x0800138c   0x00000060   Code   RO         3412    i.MatrixKey_Update  matrixkey.o
    0x080013ec   0x080013ec   0x00000004   Code   RO         3773    i.MemManage_Handler  stm32f10x_it.o
    0x080013f0   0x080013f0   0x00000002   Code   RO         3774    i.NMI_Handler       stm32f10x_it.o
    0x080013f2   0x080013f2   0x00000002   PAD
    0x080013f4   0x080013f4   0x00000070   Code   RO          137    i.NVIC_Init         misc.o
    0x08001464   0x08001464   0x0000004a   Code   RO         3637    i.Password_InputLeft  main.o
    0x080014ae   0x080014ae   0x0000004c   Code   RO         3638    i.Password_InputRight  main.o
    0x080014fa   0x080014fa   0x00000010   Code   RO         3639    i.Password_IsComplete  main.o
    0x0800150a   0x0800150a   0x0000001a   Code   RO         3640    i.Password_Match    main.o
    0x08001524   0x08001524   0x00000016   Code   RO         3641    i.Password_Reset    main.o
    0x0800153a   0x0800153a   0x00000002   Code   RO         3775    i.PendSV_Handler    stm32f10x_it.o
    0x0800153c   0x0800153c   0x00000020   Code   RO         1775    i.RCC_APB1PeriphClockCmd  stm32f10x_rcc.o
    0x0800155c   0x0800155c   0x00000020   Code   RO         1777    i.RCC_APB2PeriphClockCmd  stm32f10x_rcc.o
    0x0800157c   0x0800157c   0x000000d4   Code   RO         1785    i.RCC_GetClocksFreq  stm32f10x_rcc.o
    0x08001650   0x08001650   0x00000010   Code   RO         3466    i.Relay_Off         led.o
    0x08001660   0x08001660   0x00000010   Code   RO         3467    i.Relay_On          led.o
    0x08001670   0x08001670   0x00000002   Code   RO         3776    i.SVC_Handler       stm32f10x_it.o
    0x08001672   0x08001672   0x00000002   PAD
    0x08001674   0x08001674   0x0000006c   Code   RO         3549    i.Serial_Init       serial.o
    0x080016e0   0x080016e0   0x0000001a   Code   RO         3550    i.Serial_SendArray  serial.o
    0x080016fa   0x080016fa   0x00000002   PAD
    0x080016fc   0x080016fc   0x00000020   Code   RO         3551    i.Serial_SendByte   serial.o
    0x0800171c   0x0800171c   0x00000008   Code   RO           24    i.SetSysClock       system_stm32f10x.o
    0x08001724   0x08001724   0x000000e0   Code   RO           25    i.SetSysClockTo72   system_stm32f10x.o
    0x08001804   0x08001804   0x00000084   Code   RO         3642    i.StartupBeep_Update  main.o
    0x08001888   0x08001888   0x00000020   Code   RO         3643    i.SuccessBeep_Start  main.o
    0x080018a8   0x080018a8   0x000000ac   Code   RO         3644    i.SuccessBeep_Update  main.o
    0x08001954   0x08001954   0x00000002   Code   RO         3777    i.SysTick_Handler   stm32f10x_it.o
    0x08001956   0x08001956   0x00000002   PAD
    0x08001958   0x08001958   0x00000060   Code   RO           27    i.SystemInit        system_stm32f10x.o
    0x080019b8   0x080019b8   0x00000020   Code   RO         3778    i.TIM4_IRQHandler   stm32f10x_it.o
    0x080019d8   0x080019d8   0x00000018   Code   RO         2409    i.TIM_ARRPreloadConfig  stm32f10x_tim.o
    0x080019f0   0x080019f0   0x00000006   Code   RO         2416    i.TIM_ClearITPendingBit  stm32f10x_tim.o
    0x080019f6   0x080019f6   0x00000018   Code   RO         2421    i.TIM_Cmd           stm32f10x_tim.o
    0x08001a0e   0x08001a0e   0x00000006   Code   RO         2438    i.TIM_GetCapture3   stm32f10x_tim.o
    0x08001a14   0x08001a14   0x00000022   Code   RO         2442    i.TIM_GetITStatus   stm32f10x_tim.o
    0x08001a36   0x08001a36   0x00000012   Code   RO         2446    i.TIM_ITConfig      stm32f10x_tim.o
    0x08001a48   0x08001a48   0x000000a4   Code   RO         2455    i.TIM_OC2Init       stm32f10x_tim.o
    0x08001aec   0x08001aec   0x0000001a   Code   RO         2458    i.TIM_OC2PreloadConfig  stm32f10x_tim.o
    0x08001b06   0x08001b06   0x00000002   PAD
    0x08001b08   0x08001b08   0x000000a0   Code   RO         2460    i.TIM_OC3Init       stm32f10x_tim.o
    0x08001ba8   0x08001ba8   0x00000012   Code   RO         2463    i.TIM_OC3PreloadConfig  stm32f10x_tim.o
    0x08001bba   0x08001bba   0x00000002   PAD
    0x08001bbc   0x08001bbc   0x0000007c   Code   RO         2465    i.TIM_OC4Init       stm32f10x_tim.o
    0x08001c38   0x08001c38   0x0000001a   Code   RO         2467    i.TIM_OC4PreloadConfig  stm32f10x_tim.o
    0x08001c52   0x08001c52   0x00000004   Code   RO         2480    i.TIM_SetAutoreload  stm32f10x_tim.o
    0x08001c56   0x08001c56   0x00000004   Code   RO         2483    i.TIM_SetCompare2   stm32f10x_tim.o
    0x08001c5a   0x08001c5a   0x00000004   Code   RO         2484    i.TIM_SetCompare3   stm32f10x_tim.o
    0x08001c5e   0x08001c5e   0x00000006   Code   RO         2485    i.TIM_SetCompare4   stm32f10x_tim.o
    0x08001c64   0x08001c64   0x000000a4   Code   RO         2492    i.TIM_TimeBaseInit  stm32f10x_tim.o
    0x08001d08   0x08001d08   0x00000070   Code   RO         3226    i.Timebase_Init     systick.o
    0x08001d78   0x08001d78   0x0000000c   Code   RO         3227    i.Timebase_Millis   systick.o
    0x08001d84   0x08001d84   0x00000010   Code   RO         3228    i.Timebase_Tick     systick.o
    0x08001d94   0x08001d94   0x00000024   Code   RO         3229    i.TimerClockPclk1   systick.o
    0x08001db8   0x08001db8   0x00000024   Code   RO         3468    i.TimerClockPclk1   led.o
    0x08001ddc   0x08001ddc   0x00000018   Code   RO         2960    i.USART_Cmd         stm32f10x_usart.o
    0x08001df4   0x08001df4   0x0000001a   Code   RO         2963    i.USART_GetFlagStatus  stm32f10x_usart.o
    0x08001e0e   0x08001e0e   0x00000002   PAD
    0x08001e10   0x08001e10   0x000000d8   Code   RO         2967    i.USART_Init        stm32f10x_usart.o
    0x08001ee8   0x08001ee8   0x00000008   Code   RO         2977    i.USART_SendData    stm32f10x_usart.o
    0x08001ef0   0x08001ef0   0x00000004   Code   RO         3779    i.UsageFault_Handler  stm32f10x_it.o
    0x08001ef4   0x08001ef4   0x00000028   Code   RO         3941    i.__ARM_fpclassify  m_ws.l(fpclassify.o)
    0x08001f1c   0x08001f1c   0x000000aa   Code   RO         3943    i.__kernel_poly     m_ws.l(poly.o)
    0x08001fc6   0x08001fc6   0x00000006   Code   RO         3928    i.__mathlib_dbl_infnan  m_ws.l(dunder.o)
    0x08001fcc   0x08001fcc   0x0000000e   Code   RO         3931    i.__mathlib_dbl_overflow  m_ws.l(dunder.o)
    0x08001fda   0x08001fda   0x00000002   PAD
    0x08001fdc   0x08001fdc   0x00000010   Code   RO         3933    i.__mathlib_dbl_underflow  m_ws.l(dunder.o)
    0x08001fec   0x08001fec   0x00000284   Code   RO         3876    i.exp               m_ws.l(exp.o)
    0x08002270   0x08002270   0x0000025c   Code   RO         3645    i.main              main.o
    0x080024cc   0x080024cc   0x00000008   Code   RO         3577    i.mp3_Init          mp3.o
    0x080024d4   0x080024d4   0x0000000c   Code   RO         3578    i.mp3_boom          mp3.o
    0x080024e0   0x080024e0   0x0000000c   Code   RO         3580    i.mp3_over          mp3.o
    0x080024ec   0x080024ec   0x00000062   Code   RO         3847    x$fpl$d2f           fz_ws.l(d2f.o)
    0x0800254e   0x0800254e   0x00000002   PAD
    0x08002550   0x08002550   0x00000150   Code   RO         3888    x$fpl$dadd          fz_ws.l(daddsub_clz.o)
    0x080026a0   0x080026a0   0x00000010   Code   RO         3966    x$fpl$dcheck1       fz_ws.l(dcheck1.o)
    0x080026b0   0x080026b0   0x00000018   Code   RO         3968    x$fpl$dcmpinf       fz_ws.l(dcmpi.o)
    0x080026c8   0x080026c8   0x000002b0   Code   RO         3895    x$fpl$ddiv          fz_ws.l(ddiv.o)
    0x08002978   0x08002978   0x0000005e   Code   RO         3898    x$fpl$dfix          fz_ws.l(dfix.o)
    0x080029d6   0x080029d6   0x0000002e   Code   RO         3903    x$fpl$dflt          fz_ws.l(dflt_clz.o)
    0x08002a04   0x08002a04   0x00000078   Code   RO         3908    x$fpl$dleqf         fz_ws.l(dleqf.o)
    0x08002a7c   0x08002a7c   0x00000154   Code   RO         3910    x$fpl$dmul          fz_ws.l(dmul.o)
    0x08002bd0   0x08002bd0   0x0000009c   Code   RO         3912    x$fpl$dnaninf       fz_ws.l(dnaninf.o)
    0x08002c6c   0x08002c6c   0x0000000c   Code   RO         3914    x$fpl$dretinf       fz_ws.l(dretinf.o)
    0x08002c78   0x08002c78   0x0000006c   Code   RO         3916    x$fpl$drleqf        fz_ws.l(drleqf.o)
    0x08002ce4   0x08002ce4   0x00000016   Code   RO         3889    x$fpl$drsb          fz_ws.l(daddsub_clz.o)
    0x08002cfa   0x08002cfa   0x00000002   PAD
    0x08002cfc   0x08002cfc   0x000001d4   Code   RO         3890    x$fpl$dsub          fz_ws.l(daddsub_clz.o)
    0x08002ed0   0x08002ed0   0x00000056   Code   RO         3849    x$fpl$f2d           fz_ws.l(f2d.o)
    0x08002f26   0x08002f26   0x00000002   PAD
    0x08002f28   0x08002f28   0x000000c4   Code   RO         3851    x$fpl$fadd          fz_ws.l(faddsub_clz.o)
    0x08002fec   0x08002fec   0x00000018   Code   RO         3918    x$fpl$fcmpinf       fz_ws.l(fcmpi.o)
    0x08003004   0x08003004   0x00000184   Code   RO         3858    x$fpl$fdiv          fz_ws.l(fdiv.o)
    0x08003188   0x08003188   0x0000003e   Code   RO         3861    x$fpl$ffixu         fz_ws.l(ffixu.o)
    0x080031c6   0x080031c6   0x00000002   PAD
    0x080031c8   0x080031c8   0x00000026   Code   RO         3865    x$fpl$ffltu         fz_ws.l(fflt_clz.o)
    0x080031ee   0x080031ee   0x00000002   PAD
    0x080031f0   0x080031f0   0x00000068   Code   RO         3871    x$fpl$fleqf         fz_ws.l(fleqf.o)
    0x08003258   0x08003258   0x00000102   Code   RO         3873    x$fpl$fmul          fz_ws.l(fmul.o)
    0x0800335a   0x0800335a   0x0000008c   Code   RO         3920    x$fpl$fnaninf       fz_ws.l(fnaninf.o)
    0x080033e6   0x080033e6   0x0000000a   Code   RO         3922    x$fpl$fretinf       fz_ws.l(fretinf.o)
    0x080033f0   0x080033f0   0x000000ea   Code   RO         3853    x$fpl$fsub          fz_ws.l(faddsub_clz.o)
    0x080034da   0x080034da   0x00000064   Code   RO         3983    x$fpl$retnan        fz_ws.l(retnan.o)
    0x0800353e   0x0800353e   0x0000005c   Code   RO         3924    x$fpl$scalbn        fz_ws.l(scalbn.o)
    0x0800359a   0x0800359a   0x00000030   Code   RO         4032    x$fpl$trapveneer    fz_ws.l(trapv.o)
    0x080035ca   0x080035ca   0x00000000   Code   RO         3926    x$fpl$usenofp       fz_ws.l(usenofp.o)
    0x080035ca   0x080035ca   0x00000064   Data   RO         3284    .constdata          1601a.o
    0x0800362e   0x0800362e   0x00000002   PAD
    0x08003630   0x08003630   0x00000058   Data   RO         3877    .constdata          m_ws.l(exp.o)
    0x08003688   0x08003688   0x00000020   Data   RO         4111    Region$$Table       anon$$obj.o


    Execution Region RW_IRAM1 (Exec base: 0x20000000, Load base: 0x080036a8, Size: 0x00000750, Max: 0x00005000, ABSOLUTE)

    Exec Addr    Load Addr    Size         Type   Attr      Idx    E Section Name        Object

    0x20000000   0x080036a8   0x00000014   Data   RW         1805    .data               stm32f10x_rcc.o
    0x20000014   0x080036bc   0x00000004   Data   RW         3230    .data               systick.o
    0x20000018   0x080036c0   0x0000000e   Data   RW         3285    .data               1601a.o
    0x20000026   0x080036ce   0x00000002   PAD
    0x20000028   0x080036d0   0x00000008   Data   RW         3413    .data               matrixkey.o
    0x20000030   0x080036d8   0x0000000d   Data   RW         3469    .data               led.o
    0x2000003d   0x080036e5   0x00000003   PAD
    0x20000040   0x080036e8   0x00000071   Data   RW         3647    .data               main.o
    0x200000b1   0x08003759   0x00000003   PAD
    0x200000b4        -       0x0000000a   Zero   RW         3582    .bss                mp3.o
    0x200000be   0x08003759   0x00000002   PAD
    0x200000c0        -       0x0000002c   Zero   RW         3646    .bss                main.o
    0x200000ec        -       0x00000060   Zero   RW         3971    .bss                c_w.l(libspace.o)
    0x2000014c   0x08003759   0x00000004   PAD
    0x20000150        -       0x00000200   Zero   RW            2    HEAP                startup_stm32f10x_md.o
    0x20000350        -       0x00000400   Zero   RW            1    STACK               startup_stm32f10x_md.o


==============================================================================

Image component sizes


      Code (inc. data)   RO Data    RW Data    ZI Data      Debug   Object Name

      1218         84        100         14          0      11108   1601a.o
         0          0          0          0          0       4508   core_cm3.o
        70          0          0          0          0        874   delay.o
       876        112          0         13          0       6646   led.o
      2438        296          0        113         44      13623   main.o
       472         60          0          8          0       3269   matrixkey.o
       112         12          0          0          0     204180   misc.o
       108          4          0          0         10       2130   mp3.o
       166         12          0          0          0       1783   serial.o
        64         26        236          0       1536        800   startup_stm32f10x_md.o
         0          0          0          0          0       1636   stm32f10x_adc.o
       448          6          0          0          0      12430   stm32f10x_gpio.o
        58          6          0          0          0       3960   stm32f10x_it.o
       276         32          0         20          0      12830   stm32f10x_rcc.o
       812         72          0          0          0      29928   stm32f10x_tim.o
       274          6          0          0          0       9696   stm32f10x_usart.o
       328         28          0          0          0      45033   system_stm32f10x.o
       176         24          0          4          0       2266   systick.o

    ----------------------------------------------------------------------
      7930        780        370        180       1592     366700   Object Totals
         0          0         32          0          0          0   (incl. Generated)
        34          0          2          8          2          0   (incl. Padding)

    ----------------------------------------------------------------------

      Code (inc. data)   RO Data    RW Data    ZI Data      Debug   Library Member Name

         8          0          0          0          0         68   __main.o
         0          0          0          0          0          0   __rtentry.o
        12          0          0          0          0          0   __rtentry2.o
         6          0          0          0          0          0   __rtentry4.o
        52          8          0          0          0          0   __scatter.o
        26          0          0          0          0          0   __scatter_copy.o
        28          0          0          0          0          0   __scatter_zi.o
        22          0          0          0          0        100   _rserrno.o
        18          0          0          0          0         80   exit.o
         6          0          0          0          0        152   heapauxi.o
         0          0          0          0          0          0   indicate_semi.o
         2          0          0          0          0          0   libinit.o
         2          0          0          0          0          0   libinit2.o
         2          0          0          0          0          0   libshutdown.o
         2          0          0          0          0          0   libshutdown2.o
         8          4          0          0         96         68   libspace.o
        88          0          0          0          0         76   memcmp.o
         8          4          0          0          0         68   rt_errno_addr_intlibspace.o
         2          0          0          0          0          0   rtexit.o
        10          0          0          0          0          0   rtexit2.o
        12          4          0          0          0         68   sys_exit.o
        74          0          0          0          0         80   sys_stackheap_outer.o
         2          0          0          0          0         68   use_no_semi.o
        98          4          0          0          0         92   d2f.o
       826         16          0          0          0        348   daddsub_clz.o
        16          4          0          0          0         68   dcheck1.o
        24          0          0          0          0         68   dcmpi.o
       688        140          0          0          0        208   ddiv.o
        94          4          0          0          0         92   dfix.o
        46          0          0          0          0         68   dflt_clz.o
       120          4          0          0          0         92   dleqf.o
       340         12          0          0          0        104   dmul.o
       156          4          0          0          0         92   dnaninf.o
        12          0          0          0          0         68   dretinf.o
       108          0          0          0          0         80   drleqf.o
        86          4          0          0          0         84   f2d.o
       430          8          0          0          0        168   faddsub_clz.o
        24          0          0          0          0         68   fcmpi.o
       388         76          0          0          0         96   fdiv.o
        62          4          0          0          0         84   ffixu.o
        38          0          0          0          0         68   fflt_clz.o
       104          4          0          0          0         84   fleqf.o
       258          4          0          0          0         84   fmul.o
       140          4          0          0          0         84   fnaninf.o
        10          0          0          0          0         68   fretinf.o
       100          0          0          0          0         68   retnan.o
        92          0          0          0          0         68   scalbn.o
        48          0          0          0          0         68   trapv.o
         0          0          0          0          0          0   usenofp.o
        36          6          0          0          0        204   dunder.o
       644         90         88          0          0        204   exp.o
        40          0          0          0          0         68   fpclassify.o
       170          0          0          0          0         96   poly.o

    ----------------------------------------------------------------------
      5604        408         88          0        100       3872   Library Totals
        16          0          0          0          4          0   (incl. Padding)

    ----------------------------------------------------------------------

      Code (inc. data)   RO Data    RW Data    ZI Data      Debug   Library Name

       390         20          0          0         96        828   c_w.l
      4308        292          0          0          0       2472   fz_ws.l
       890         96         88          0          0        572   m_ws.l

    ----------------------------------------------------------------------
      5604        408         88          0        100       3872   Library Totals

    ----------------------------------------------------------------------

==============================================================================


      Code (inc. data)   RO Data    RW Data    ZI Data      Debug   

     13534       1188        458        180       1692     362664   Grand Totals
     13534       1188        458        180       1692     362664   ELF Image Totals
     13534       1188        458        180          0          0   ROM Totals

==============================================================================

    Total RO  Size (Code + RO Data)                13992 (  13.66kB)
    Total RW  Size (RW Data + ZI Data)              1872 (   1.83kB)
    Total ROM Size (Code + RO Data + RW Data)      14172 (  13.84kB)

==============================================================================

