Component: ARM Compiler 5.06 update 5 (build 528) Tool: armlink [4d35e2]

==============================================================================

Section Cross References

    startup_stm32f10x_md.o(STACK) refers (Special) to heapauxi.o(.text) for __use_two_region_memory
    startup_stm32f10x_md.o(HEAP) refers (Special) to heapauxi.o(.text) for __use_two_region_memory
    startup_stm32f10x_md.o(RESET) refers (Special) to heapauxi.o(.text) for __use_two_region_memory
    startup_stm32f10x_md.o(RESET) refers to startup_stm32f10x_md.o(STACK) for __initial_sp
    startup_stm32f10x_md.o(RESET) refers to startup_stm32f10x_md.o(.text) for Reset_Handler
    startup_stm32f10x_md.o(RESET) refers to stm32f10x_it.o(i.NMI_Handler) for NMI_Handler
    startup_stm32f10x_md.o(RESET) refers to stm32f10x_it.o(i.HardFault_Handler) for HardFault_Handler
    startup_stm32f10x_md.o(RESET) refers to stm32f10x_it.o(i.MemManage_Handler) for MemManage_Handler
    startup_stm32f10x_md.o(RESET) refers to stm32f10x_it.o(i.BusFault_Handler) for BusFault_Handler
    startup_stm32f10x_md.o(RESET) refers to stm32f10x_it.o(i.UsageFault_Handler) for UsageFault_Handler
    startup_stm32f10x_md.o(RESET) refers to stm32f10x_it.o(i.SVC_Handler) for SVC_Handler
    startup_stm32f10x_md.o(RESET) refers to stm32f10x_it.o(i.DebugMon_Handler) for DebugMon_Handler
    startup_stm32f10x_md.o(RESET) refers to stm32f10x_it.o(i.PendSV_Handler) for PendSV_Handler
    startup_stm32f10x_md.o(RESET) refers to stm32f10x_it.o(i.SysTick_Handler) for SysTick_Handler
    startup_stm32f10x_md.o(RESET) refers to stm32f10x_it.o(i.TIM4_IRQHandler) for TIM4_IRQHandler
    startup_stm32f10x_md.o(.text) refers (Special) to heapauxi.o(.text) for __use_two_region_memory
    startup_stm32f10x_md.o(.text) refers to system_stm32f10x.o(i.SystemInit) for SystemInit
    startup_stm32f10x_md.o(.text) refers to __main.o(!!!main) for __main
    startup_stm32f10x_md.o(.text) refers to startup_stm32f10x_md.o(HEAP) for Heap_Mem
    startup_stm32f10x_md.o(.text) refers to startup_stm32f10x_md.o(STACK) for Stack_Mem
    system_stm32f10x.o(i.SetSysClock) refers to system_stm32f10x.o(i.SetSysClockTo72) for SetSysClockTo72
    system_stm32f10x.o(i.SystemCoreClockUpdate) refers to system_stm32f10x.o(.data) for SystemCoreClock
    system_stm32f10x.o(i.SystemInit) refers to system_stm32f10x.o(i.SetSysClock) for SetSysClock
    stm32f10x_adc.o(i.ADC_DeInit) refers to stm32f10x_rcc.o(i.RCC_APB2PeriphResetCmd) for RCC_APB2PeriphResetCmd
    stm32f10x_bkp.o(i.BKP_DeInit) refers to stm32f10x_rcc.o(i.RCC_BackupResetCmd) for RCC_BackupResetCmd
    stm32f10x_can.o(i.CAN_DeInit) refers to stm32f10x_rcc.o(i.RCC_APB1PeriphResetCmd) for RCC_APB1PeriphResetCmd
    stm32f10x_can.o(i.CAN_GetITStatus) refers to stm32f10x_can.o(i.CheckITStatus) for CheckITStatus
    stm32f10x_cec.o(i.CEC_DeInit) refers to stm32f10x_rcc.o(i.RCC_APB1PeriphResetCmd) for RCC_APB1PeriphResetCmd
    stm32f10x_dac.o(i.DAC_DeInit) refers to stm32f10x_rcc.o(i.RCC_APB1PeriphResetCmd) for RCC_APB1PeriphResetCmd
    stm32f10x_flash.o(i.FLASH_EnableWriteProtection) refers to stm32f10x_flash.o(i.FLASH_WaitForLastOperation) for FLASH_WaitForLastOperation
    stm32f10x_flash.o(i.FLASH_EraseAllBank1Pages) refers to stm32f10x_flash.o(i.FLASH_WaitForLastBank1Operation) for FLASH_WaitForLastBank1Operation
    stm32f10x_flash.o(i.FLASH_EraseAllPages) refers to stm32f10x_flash.o(i.FLASH_WaitForLastOperation) for FLASH_WaitForLastOperation
    stm32f10x_flash.o(i.FLASH_EraseOptionBytes) refers to stm32f10x_flash.o(i.FLASH_GetReadOutProtectionStatus) for FLASH_GetReadOutProtectionStatus
    stm32f10x_flash.o(i.FLASH_EraseOptionBytes) refers to stm32f10x_flash.o(i.FLASH_WaitForLastOperation) for FLASH_WaitForLastOperation
    stm32f10x_flash.o(i.FLASH_ErasePage) refers to stm32f10x_flash.o(i.FLASH_WaitForLastOperation) for FLASH_WaitForLastOperation
    stm32f10x_flash.o(i.FLASH_ProgramHalfWord) refers to stm32f10x_flash.o(i.FLASH_WaitForLastOperation) for FLASH_WaitForLastOperation
    stm32f10x_flash.o(i.FLASH_ProgramOptionByteData) refers to stm32f10x_flash.o(i.FLASH_WaitForLastOperation) for FLASH_WaitForLastOperation
    stm32f10x_flash.o(i.FLASH_ProgramWord) refers to stm32f10x_flash.o(i.FLASH_WaitForLastOperation) for FLASH_WaitForLastOperation
    stm32f10x_flash.o(i.FLASH_ReadOutProtection) refers to stm32f10x_flash.o(i.FLASH_WaitForLastOperation) for FLASH_WaitForLastOperation
    stm32f10x_flash.o(i.FLASH_UserOptionByteConfig) refers to stm32f10x_flash.o(i.FLASH_WaitForLastOperation) for FLASH_WaitForLastOperation
    stm32f10x_flash.o(i.FLASH_WaitForLastBank1Operation) refers to stm32f10x_flash.o(i.FLASH_GetBank1Status) for FLASH_GetBank1Status
    stm32f10x_flash.o(i.FLASH_WaitForLastOperation) refers to stm32f10x_flash.o(i.FLASH_GetBank1Status) for FLASH_GetBank1Status
    stm32f10x_gpio.o(i.GPIO_AFIODeInit) refers to stm32f10x_rcc.o(i.RCC_APB2PeriphResetCmd) for RCC_APB2PeriphResetCmd
[...]
    Removing stm32f10x_tim.o(i.TIM_SetCompare1), (4 bytes).
    Removing stm32f10x_tim.o(i.TIM_SetCounter), (4 bytes).
    Removing stm32f10x_tim.o(i.TIM_SetIC1Prescaler), (18 bytes).
    Removing stm32f10x_tim.o(i.TIM_SetIC2Prescaler), (26 bytes).
    Removing stm32f10x_tim.o(i.TIM_SetIC3Prescaler), (18 bytes).
    Removing stm32f10x_tim.o(i.TIM_SetIC4Prescaler), (26 bytes).
    Removing stm32f10x_tim.o(i.TIM_TIxExternalClockConfig), (62 bytes).
    Removing stm32f10x_tim.o(i.TIM_TimeBaseStructInit), (18 bytes).
    Removing stm32f10x_tim.o(i.TIM_UpdateDisableConfig), (24 bytes).
    Removing stm32f10x_tim.o(i.TIM_UpdateRequestConfig), (24 bytes).
    Removing stm32f10x_usart.o(i.USART_ClearFlag), (18 bytes).
    Removing stm32f10x_usart.o(i.USART_ClearITPendingBit), (30 bytes).
    Removing stm32f10x_usart.o(i.USART_ClockInit), (34 bytes).
    Removing stm32f10x_usart.o(i.USART_ClockStructInit), (12 bytes).
    Removing stm32f10x_usart.o(i.USART_DMACmd), (18 bytes).
    Removing stm32f10x_usart.o(i.USART_DeInit), (156 bytes).
    Removing stm32f10x_usart.o(i.USART_GetITStatus), (84 bytes).
    Removing stm32f10x_usart.o(i.USART_HalfDuplexCmd), (24 bytes).
    Removing stm32f10x_usart.o(i.USART_ITConfig), (74 bytes).
    Removing stm32f10x_usart.o(i.USART_IrDACmd), (24 bytes).
    Removing stm32f10x_usart.o(i.USART_IrDAConfig), (18 bytes).
    Removing stm32f10x_usart.o(i.USART_LINBreakDetectLengthConfig), (18 bytes).
    Removing stm32f10x_usart.o(i.USART_LINCmd), (24 bytes).
    Removing stm32f10x_usart.o(i.USART_OneBitMethodCmd), (24 bytes).
    Removing stm32f10x_usart.o(i.USART_OverSampling8Cmd), (22 bytes).
    Removing stm32f10x_usart.o(i.USART_ReceiveData), (10 bytes).
    Removing stm32f10x_usart.o(i.USART_ReceiverWakeUpCmd), (24 bytes).
    Removing stm32f10x_usart.o(i.USART_SendBreak), (10 bytes).
    Removing stm32f10x_usart.o(i.USART_SetAddress), (18 bytes).
    Removing stm32f10x_usart.o(i.USART_SetGuardTime), (16 bytes).
    Removing stm32f10x_usart.o(i.USART_SetPrescaler), (16 bytes).
    Removing stm32f10x_usart.o(i.USART_SmartCardCmd), (24 bytes).
    Removing stm32f10x_usart.o(i.USART_SmartCardNACKCmd), (24 bytes).
    Removing stm32f10x_usart.o(i.USART_StructInit), (24 bytes).
    Removing stm32f10x_usart.o(i.USART_WakeUpConfig), (18 bytes).
    Removing stm32f10x_wwdg.o(i.WWDG_ClearFlag), (12 bytes).
    Removing stm32f10x_wwdg.o(i.WWDG_DeInit), (22 bytes).
    Removing stm32f10x_wwdg.o(i.WWDG_Enable), (16 bytes).
    Removing stm32f10x_wwdg.o(i.WWDG_EnableIT), (12 bytes).
    Removing stm32f10x_wwdg.o(i.WWDG_GetFlagStatus), (12 bytes).
    Removing stm32f10x_wwdg.o(i.WWDG_SetCounter), (16 bytes).
    Removing stm32f10x_wwdg.o(i.WWDG_SetPrescaler), (24 bytes).
    Removing stm32f10x_wwdg.o(i.WWDG_SetWindowValue), (40 bytes).
    Removing delay.o(i.Delay), (24 bytes).
    Removing delay.o(i.Delay_s), (24 bytes).
    Removing 1601a.o(i.LCD_Clear), (16 bytes).
    Removing mp3.o(i.mp3_boom), (12 bytes).
    Removing mp3.o(i.mp3_start), (12 bytes).

449 unused section(s) (total 17550 bytes) removed from the image.

==============================================================================

Image Symbol Table

    Local Symbols

    Symbol Name                              Value     Ov Type        Size  Object(Section)

    ../clib/angel/boardlib.s                 0x00000000   Number         0  boardshut.o ABSOLUTE
    ../clib/angel/boardlib.s                 0x00000000   Number         0  boardinit1.o ABSOLUTE
    ../clib/angel/boardlib.s                 0x00000000   Number         0  boardinit2.o ABSOLUTE
    ../clib/angel/boardlib.s                 0x00000000   Number         0  boardinit3.o ABSOLUTE
    ../clib/angel/handlers.s                 0x00000000   Number         0  __scatter_zi.o ABSOLUTE
    ../clib/angel/handlers.s                 0x00000000   Number         0  __scatter_copy.o ABSOLUTE
    ../clib/angel/kernel.s                   0x00000000   Number         0  __rtentry.o ABSOLUTE
    ../clib/angel/kernel.s                   0x00000000   Number         0  __rtentry2.o ABSOLUTE
    ../clib/angel/kernel.s                   0x00000000   Number         0  __rtentry4.o ABSOLUTE
    ../clib/angel/kernel.s                   0x00000000   Number         0  rtexit.o ABSOLUTE
    ../clib/angel/kernel.s                   0x00000000   Number         0  rtexit2.o ABSOLUTE
    ../clib/angel/rt.s                       0x00000000   Number         0  rt_raise.o ABSOLUTE
    ../clib/angel/scatter.s                  0x00000000   Number         0  __scatter.o ABSOLUTE
    ../clib/angel/startup.s                  0x00000000   Number         0  __main.o ABSOLUTE
    ../clib/angel/sys.s                      0x00000000   Number         0  libspace.o ABSOLUTE
    ../clib/angel/sys.s                      0x00000000   Number         0  use_no_semi.o ABSOLUTE
    ../clib/angel/sys.s                      0x00000000   Number         0  indicate_semi.o ABSOLUTE
    ../clib/angel/sys.s                      0x00000000   Number         0  sys_stackheap_outer.o ABSOLUTE
    ../clib/angel/sysapp.c                   0x00000000   Number         0  sys_exit.o ABSOLUTE
    ../clib/angel/sysapp.c                   0x00000000   Number         0  sys_command.o ABSOLUTE
    ../clib/angel/sysapp.c                   0x00000000   Number         0  sys_wrch.o ABSOLUTE
    ../clib/armsys.c                         0x00000000   Number         0  argv_veneer.o ABSOLUTE
    ../clib/armsys.c                         0x00000000   Number         0  _get_argv_nomalloc.o ABSOLUTE
    ../clib/armsys.c                         0x00000000   Number         0  no_argv.o ABSOLUTE
    ../clib/armsys.c                         0x00000000   Number         0  argv_veneer.o ABSOLUTE
    ../clib/heapalloc.c                      0x00000000   Number         0  hrguard.o ABSOLUTE
    ../clib/heapaux.c                        0x00000000   Number         0  heapauxi.o ABSOLUTE
    ../clib/libinit.s                        0x00000000   Number         0  libshutdown.o ABSOLUTE
    ../clib/libinit.s                        0x00000000   Number         0  libshutdown2.o ABSOLUTE
    ../clib/libinit.s                        0x00000000   Number         0  libinit.o ABSOLUTE
    ../clib/libinit.s                        0x00000000   Number         0  libinit2.o ABSOLUTE
    ../clib/signal.c                         0x00000000   Number         0  defsig_rtmem_formal.o ABSOLUTE
    ../clib/signal.c                         0x00000000   Number         0  defsig_rtmem_outer.o ABSOLUTE
    ../clib/signal.c                         0x00000000   Number         0  defsig_other.o ABSOLUTE
    ../clib/signal.c                         0x00000000   Number         0  defsig_segv_inner.o ABSOLUTE
    ../clib/signal.c                         0x00000000   Number         0  defsig_cppl_inner.o ABSOLUTE
    ../clib/signal.c                         0x00000000   Number         0  defsig_pvfn_inner.o ABSOLUTE
    ../clib/signal.c                         0x00000000   Number         0  defsig_stak_inner.o ABSOLUTE
    ../clib/signal.c                         0x00000000   Number         0  defsig_rtred_inner.o ABSOLUTE
    ../clib/signal.c                         0x00000000   Number         0  defsig_fpe_inner.o ABSOLUTE
    ../clib/signal.c                         0x00000000   Number         0  defsig_abrt_inner.o ABSOLUTE
    ../clib/signal.c                         0x00000000   Number         0  defsig_general.o ABSOLUTE
    ../clib/signal.c                         0x00000000   Number         0  __raise.o ABSOLUTE
    ../clib/signal.c                         0x00000000   Number         0  defsig_rtmem_inner.o ABSOLUTE
    ../clib/signal.c                         0x00000000   Number         0  defsig_exit.o ABSOLUTE
    ../clib/signal.s                         0x00000000   Number         0  defsig.o ABSOLUTE
    ../clib/stdlib.c                         0x00000000   Number         0  exit.o ABSOLUTE
    ../clib/string.c                         0x00000000   Number         0  memcmp.o ABSOLUTE
    ../fplib/faddsub.s                       0x00000000   Number         0  faddsub_clz.o ABSOLUTE
    ../fplib/fcmpi.s                         0x00000000   Number         0  fcmpi.o ABSOLUTE
    ../fplib/fdiv.s                          0x00000000   Number         0  fdiv.o ABSOLUTE
    ../fplib/ffixu.s                         0x00000000   Number         0  ffixu.o ABSOLUTE
    ../fplib/fflt.s                          0x00000000   Number         0  fflt_clz.o ABSOLUTE
    ../fplib/fleqf.s                         0x00000000   Number         0  fleqf.o ABSOLUTE
    ../fplib/fmul.s                          0x00000000   Number         0  fmul.o ABSOLUTE
    ../fplib/fnaninf.s                       0x00000000   Number         0  fnaninf.o ABSOLUTE
    ../fplib/fpinit.s                        0x00000000   Number         0  fpinit.o ABSOLUTE
    ../fplib/fretinf.s                       0x00000000   Number         0  fretinf.o ABSOLUTE
    ../fplib/usenofp.s                       0x00000000   Number         0  usenofp.o ABSOLUTE
    dc.s                                     0x00000000   Number         0  dc.o ABSOLUTE
    hardware\1601a.c                         0x00000000   Number         0  1601a.o ABSOLUTE
    hardware\LED.c                           0x00000000   Number         0  led.o ABSOLUTE
    hardware\MatrixKey.c                     0x00000000   Number         0  matrixkey.o ABSOLUTE
    hardware\Serial.c                        0x00000000   Number         0  serial.o ABSOLUTE
    hardware\mp3.c                           0x00000000   Number         0  mp3.o ABSOLUTE
    library\misc.c                           0x00000000   Number         0  misc.o ABSOLUTE
    library\stm32f10x_adc.c                  0x00000000   Number         0  stm32f10x_adc.o ABSOLUTE
    library\stm32f10x_bkp.c                  0x00000000   Number         0  stm32f10x_bkp.o ABSOLUTE
    library\stm32f10x_can.c                  0x00000000   Number         0  stm32f10x_can.o ABSOLUTE
    library\stm32f10x_cec.c                  0x00000000   Number         0  stm32f10x_cec.o ABSOLUTE
    library\stm32f10x_crc.c                  0x00000000   Number         0  stm32f10x_crc.o ABSOLUTE
    library\stm32f10x_dac.c                  0x00000000   Number         0  stm32f10x_dac.o ABSOLUTE
    library\stm32f10x_dbgmcu.c               0x00000000   Number         0  stm32f10x_dbgmcu.o ABSOLUTE
    library\stm32f10x_dma.c                  0x00000000   Number         0  stm32f10x_dma.o ABSOLUTE
    library\stm32f10x_exti.c                 0x00000000   Number         0  stm32f10x_exti.o ABSOLUTE
    library\stm32f10x_flash.c                0x00000000   Number         0  stm32f10x_flash.o ABSOLUTE
    library\stm32f10x_fsmc.c                 0x00000000   Number         0  stm32f10x_fsmc.o ABSOLUTE
    library\stm32f10x_gpio.c                 0x00000000   Number         0  stm32f10x_gpio.o ABSOLUTE
    library\stm32f10x_i2c.c                  0x00000000   Number         0  stm32f10x_i2c.o ABSOLUTE
    library\stm32f10x_iwdg.c                 0x00000000   Number         0  stm32f10x_iwdg.o ABSOLUTE
    library\stm32f10x_pwr.c                  0x00000000   Number         0  stm32f10x_pwr.o ABSOLUTE
    library\stm32f10x_rcc.c                  0x00000000   Number         0  stm32f10x_rcc.o ABSOLUTE
    library\stm32f10x_rtc.c                  0x00000000   Number         0  stm32f10x_rtc.o ABSOLUTE
    library\stm32f10x_sdio.c                 0x00000000   Number         0  stm32f10x_sdio.o ABSOLUTE
    library\stm32f10x_spi.c                  0x00000000   Number         0  stm32f10x_spi.o ABSOLUTE
    library\stm32f10x_tim.c                  0x00000000   Number         0  stm32f10x_tim.o ABSOLUTE
    library\stm32f10x_usart.c                0x00000000   Number         0  stm32f10x_usart.o ABSOLUTE
    library\stm32f10x_wwdg.c                 0x00000000   Number         0  stm32f10x_wwdg.o ABSOLUTE
    start\\core_cm3.c                        0x00000000   Number         0  core_cm3.o ABSOLUTE
    start\core_cm3.c                         0x00000000   Number         0  core_cm3.o ABSOLUTE
    start\startup_stm32f10x_md.s             0x00000000   Number         0  startup_stm32f10x_md.o ABSOLUTE
    start\system_stm32f10x.c                 0x00000000   Number         0  system_stm32f10x.o ABSOLUTE
    sys\Delay.c                              0x00000000   Number         0  delay.o ABSOLUTE
    sys\Systick.c                            0x00000000   Number         0  systick.o ABSOLUTE
    user\main.c                              0x00000000   Number         0  main.o ABSOLUTE
    user\stm32f10x_it.c                      0x00000000   Number         0  stm32f10x_it.o ABSOLUTE
    RESET                                    0x08000000   Section      236  startup_stm32f10x_md.o(RESET)
    !!!main                                  0x080000ec   Section        8  __main.o(!!!main)
    !!!scatter                               0x080000f4   Section       52  __scatter.o(!!!scatter)
    !!handler_copy                           0x08000128   Section       26  __scatter_copy.o(!!handler_copy)
    !!handler_zi                             0x08000144   Section       28  __scatter_zi.o(!!handler_zi)
    .ARM.Collect$$libinit$$00000000          0x08000160   Section        2  libinit.o(.ARM.Collect$$libinit$$00000000)
    .ARM.Collect$$libinit$$00000002          0x08000162   Section        0  libinit2.o(.ARM.Collect$$libinit$$00000002)
    .ARM.Collect$$libinit$$00000004          0x08000162   Section        0  libinit2.o(.ARM.Collect$$libinit$$00000004)
    .ARM.Collect$$libinit$$0000000A          0x08000162   Section        0  libinit2.o(.ARM.Collect$$libinit$$0000000A)
    .ARM.Collect$$libinit$$0000000C          0x08000162   Section        0  libinit2.o(.ARM.Collect$$libinit$$0000000C)
    .ARM.Collect$$libinit$$0000000E          0x08000162   Section        0  libinit2.o(.ARM.Collect$$libinit$$0000000E)
    .ARM.Collect$$libinit$$00000011          0x08000162   Section        0  libinit2.o(.ARM.Collect$$libinit$$00000011)
    .ARM.Collect$$libinit$$00000013          0x08000162   Section        0  libinit2.o(.ARM.Collect$$libinit$$00000013)
    .ARM.Collect$$libinit$$00000015          0x08000162   Section        0  libinit2.o(.ARM.Collect$$libinit$$00000015)
    .ARM.Collect$$libinit$$00000017          0x08000162   Section        0  libinit2.o(.ARM.Collect$$libinit$$00000017)
    .ARM.Collect$$libinit$$00000019          0x08000162   Section        0  libinit2.o(.ARM.Collect$$libinit$$00000019)
    .ARM.Collect$$libinit$$0000001B          0x08000162   Section        0  libinit2.o(.ARM.Collect$$libinit$$0000001B)
    .ARM.Collect$$libinit$$0000001D          0x08000162   Section        0  libinit2.o(.ARM.Collect$$libinit$$0000001D)
    .ARM.Collect$$libinit$$0000001F          0x08000162   Section        0  libinit2.o(.ARM.Collect$$libinit$$0000001F)
    .ARM.Collect$$libinit$$00000021          0x08000162   Section        0  libinit2.o(.ARM.Collect$$libinit$$00000021)
    .ARM.Collect$$libinit$$00000023          0x08000162   Section        0  libinit2.o(.ARM.Collect$$libinit$$00000023)
    .ARM.Collect$$libinit$$00000025          0x08000162   Section        0  libinit2.o(.ARM.Collect$$libinit$$00000025)
    .ARM.Collect$$libinit$$0000002C          0x08000162   Section        0  libinit2.o(.ARM.Collect$$libinit$$0000002C)
    .ARM.Collect$$libinit$$0000002E          0x08000162   Section        0  libinit2.o(.ARM.Collect$$libinit$$0000002E)
    .ARM.Collect$$libinit$$00000030          0x08000162   Section        0  libinit2.o(.ARM.Collect$$libinit$$00000030)
    .ARM.Collect$$libinit$$00000032          0x08000162   Section        0  libinit2.o(.ARM.Collect$$libinit$$00000032)
    .ARM.Collect$$libinit$$00000033          0x08000162   Section        2  libinit2.o(.ARM.Collect$$libinit$$00000033)
    .ARM.Collect$$libshutdown$$00000000      0x08000164   Section        2  libshutdown.o(.ARM.Collect$$libshutdown$$00000000)
    .ARM.Collect$$libshutdown$$00000002      0x08000166   Section        0  libshutdown2.o(.ARM.Collect$$libshutdown$$00000002)
    .ARM.Collect$$libshutdown$$00000004      0x08000166   Section        0  libshutdown2.o(.ARM.Collect$$libshutdown$$00000004)
    .ARM.Collect$$libshutdown$$00000007      0x08000166   Section        0  libshutdown2.o(.ARM.Collect$$libshutdown$$00000007)
    .ARM.Collect$$libshutdown$$0000000A      0x08000166   Section        0  libshutdown2.o(.ARM.Collect$$libshutdown$$0000000A)
    .ARM.Collect$$libshutdown$$0000000C      0x08000166   Section        0  libshutdown2.o(.ARM.Collect$$libshutdown$$0000000C)
    .ARM.Collect$$libshutdown$$0000000F      0x08000166   Section        0  libshutdown2.o(.ARM.Collect$$libshutdown$$0000000F)
    .ARM.Collect$$libshutdown$$00000010      0x08000166   Section        2  libshutdown2.o(.ARM.Collect$$libshutdown$$00000010)
    .ARM.Collect$$rtentry$$00000000          0x08000168   Section        0  __rtentry.o(.ARM.Collect$$rtentry$$00000000)
    .ARM.Collect$$rtentry$$00000002          0x08000168   Section        0  __rtentry2.o(.ARM.Collect$$rtentry$$00000002)
    .ARM.Collect$$rtentry$$00000004          0x08000168   Section        6  __rtentry4.o(.ARM.Collect$$rtentry$$00000004)
    .ARM.Collect$$rtentry$$00000009          0x0800016e   Section        0  __rtentry2.o(.ARM.Collect$$rtentry$$00000009)
    .ARM.Collect$$rtentry$$0000000A          0x0800016e   Section        4  __rtentry2.o(.ARM.Collect$$rtentry$$0000000A)
    .ARM.Collect$$rtentry$$0000000C          0x08000172   Section        0  __rtentry2.o(.ARM.Collect$$rtentry$$0000000C)
    .ARM.Collect$$rtentry$$0000000D          0x08000172   Section        8  __rtentry2.o(.ARM.Collect$$rtentry$$0000000D)
    .ARM.Collect$$rtexit$$00000000           0x0800017a   Section        2  rtexit.o(.ARM.Collect$$rtexit$$00000000)
    .ARM.Collect$$rtexit$$00000002           0x0800017c   Section        0  rtexit2.o(.ARM.Collect$$rtexit$$00000002)
    .ARM.Collect$$rtexit$$00000003           0x0800017c   Section        4  rtexit2.o(.ARM.Collect$$rtexit$$00000003)
    .ARM.Collect$$rtexit$$00000004           0x08000180   Section        6  rtexit2.o(.ARM.Collect$$rtexit$$00000004)
    .text                                    0x08000188   Section       64  startup_stm32f10x_md.o(.text)
    .text                                    0x080001c8   Section        0  memcmp.o(.text)
    .text                                    0x08000220   Section        0  heapauxi.o(.text)
    .text                                    0x08000226   Section       74  sys_stackheap_outer.o(.text)
    .text                                    0x08000270   Section        0  exit.o(.text)
    .text                                    0x08000284   Section        8  libspace.o(.text)
    .text                                    0x0800028c   Section        0  sys_exit.o(.text)
    .text                                    0x08000298   Section        2  use_no_semi.o(.text)
    .text                                    0x0800029a   Section        0  indicate_semi.o(.text)
    i.BusFault_Handler                       0x0800029a   Section        0  stm32f10x_it.o(i.BusFault_Handler)
    i.Buzzer_Init                            0x080002a0   Section        0  led.o(i.Buzzer_Init)
    i.Buzzer_Off                             0x08000364   Section        0  led.o(i.Buzzer_Off)
    i.Buzzer_On                              0x08000374   Section        0  led.o(i.Buzzer_On)
    i.Buzzer_SetFreq                         0x0800038c   Section        0  led.o(i.Buzzer_SetFreq)
    i.Countdown_Start                        0x080003d8   Section        0  main.o(i.Countdown_Start)
    Countdown_Start                          0x080003d9   Thumb Code    98  main.o(i.Countdown_Start)
    i.Countdown_UpdateBeep                   0x08000470   Section        0  main.o(i.Countdown_UpdateBeep)
    Countdown_UpdateBeep                     0x08000471   Thumb Code   144  main.o(i.Countdown_UpdateBeep)
    i.Countdown_UpdateScroll                 0x08000524   Section        0  main.o(i.Countdown_UpdateScroll)
    Countdown_UpdateScroll                   0x08000525   Thumb Code   106  main.o(i.Countdown_UpdateScroll)
    i.DebugMon_Handler                       0x0800059c   Section        0  stm32f10x_it.o(i.DebugMon_Handler)
    i.DefuseAnim_Reset                       0x080005a0   Section        0  main.o(i.DefuseAnim_Reset)
    DefuseAnim_Reset                         0x080005a1   Thumb Code    28  main.o(i.DefuseAnim_Reset)
    i.DefuseAnim_Start                       0x080005c0   Section        0  main.o(i.DefuseAnim_Start)
    DefuseAnim_Start                         0x080005c1   Thumb Code    90  main.o(i.DefuseAnim_Start)
    i.DefuseAnim_Update                      0x08000624   Section        0  main.o(i.DefuseAnim_Update)
    DefuseAnim_Update                        0x08000625   Thumb Code   200  main.o(i.DefuseAnim_Update)
    i.Defuse_Success                         0x080006fc   Section        0  main.o(i.Defuse_Success)
    Defuse_Success                           0x080006fd   Thumb Code   214  main.o(i.Defuse_Success)
    i.DefuserInput_Init                      0x080007e4   Section        0  main.o(i.DefuserInput_Init)
    DefuserInput_Init                        0x080007e5   Thumb Code    46  main.o(i.DefuserInput_Init)
    i.Defuser_IsActive                       0x0800081c   Section        0  main.o(i.Defuser_IsActive)
    Defuser_IsActive                         0x0800081d   Thumb Code    20  main.o(i.Defuser_IsActive)
    i.Delay_ms                               0x08000834   Section        0  delay.o(i.Delay_ms)
    i.Delay_us                               0x0800084c   Section        0  delay.o(i.Delay_us)
    i.Explosion_Start                        0x0800087c   Section        0  main.o(i.Explosion_Start)
    Explosion_Start                          0x0800087d   Thumb Code    52  main.o(i.Explosion_Start)
    i.GPIO_Init                              0x080008bc   Section        0  stm32f10x_gpio.o(i.GPIO_Init)
    i.GPIO_PinRemapConfig                    0x080009d4   Section        0  stm32f10x_gpio.o(i.GPIO_PinRemapConfig)
    i.GPIO_ReadInputDataBit                  0x08000a64   Section        0  stm32f10x_gpio.o(i.GPIO_ReadInputDataBit)
    i.GPIO_ResetBits                         0x08000a76   Section        0  stm32f10x_gpio.o(i.GPIO_ResetBits)
    i.GPIO_SetBits                           0x08000a7a   Section        0  stm32f10x_gpio.o(i.GPIO_SetBits)
    i.HardFault_Handler                      0x08000a7e   Section        0  stm32f10x_it.o(i.HardFault_Handler)
    i.LCD_Backlight_Off                      0x08000a82   Section        0  1601a.o(i.LCD_Backlight_Off)
    i.LCD_Backlight_On                       0x08000a90   Section        0  1601a.o(i.LCD_Backlight_On)
    i.LCD_Backlight_Set                      0x08000aa0   Section        0  1601a.o(i.LCD_Backlight_Set)
    i.LCD_Backlight_Toggle                   0x08000ac4   Section        0  1601a.o(i.LCD_Backlight_Toggle)
    i.LCD_ClearLine                          0x08000afc   Section        0  main.o(i.LCD_ClearLine)
    LCD_ClearLine                            0x08000afd   Thumb Code    12  main.o(i.LCD_ClearLine)
    i.LCD_EncodeChar                         0x08000b0c   Section        0  1601a.o(i.LCD_EncodeChar)
    LCD_EncodeChar                           0x08000b0d   Thumb Code    34  1601a.o(i.LCD_EncodeChar)
    i.LCD_GPIO_Init                          0x08000b30   Section        0  1601a.o(i.LCD_GPIO_Init)
    LCD_GPIO_Init                            0x08000b31   Thumb Code   152  1601a.o(i.LCD_GPIO_Init)
    i.LCD_GetGlyphSlot                       0x08000bd0   Section        0  1601a.o(i.LCD_GetGlyphSlot)
    LCD_GetGlyphSlot                         0x08000bd1   Thumb Code    90  1601a.o(i.LCD_GetGlyphSlot)
    i.LCD_GlyphIndex                         0x08000c38   Section        0  1601a.o(i.LCD_GlyphIndex)
    LCD_GlyphIndex                           0x08000c39   Thumb Code    30  1601a.o(i.LCD_GlyphIndex)
    i.LCD_INIT                               0x08000c5c   Section        0  1601a.o(i.LCD_INIT)
    i.LCD_LoadGlyph                          0x08000d20   Section        0  1601a.o(i.LCD_LoadGlyph)
    LCD_LoadGlyph                            0x08000d21   Thumb Code    38  1601a.o(i.LCD_LoadGlyph)
    i.LCD_PulseEnable                        0x08000d48   Section        0  1601a.o(i.LCD_PulseEnable)
    LCD_PulseEnable                          0x08000d49   Thumb Code    36  1601a.o(i.LCD_PulseEnable)
    i.LCD_SetCursorPhysical                  0x08000d70   Section        0  1601a.o(i.LCD_SetCursorPhysical)
    LCD_SetCursorPhysical                    0x08000d71   Thumb Code    34  1601a.o(i.LCD_SetCursorPhysical)
    i.LCD_SetDataNibble                      0x08000d94   Section        0  1601a.o(i.LCD_SetDataNibble)
    LCD_SetDataNibble                        0x08000d95   Thumb Code   102  1601a.o(i.LCD_SetDataNibble)
    i.LCD_ShowPassword                       0x08000e00   Section        0  main.o(i.LCD_ShowPassword)
    LCD_ShowPassword                         0x08000e01   Thumb Code    18  main.o(i.LCD_ShowPassword)
    i.LCD_ShowScroll                         0x08000e14   Section        0  main.o(i.LCD_ShowScroll)
    LCD_ShowScroll                           0x08000e15   Thumb Code    18  main.o(i.LCD_ShowScroll)
    i.LCD_WRITE_ByteDATA                     0x08000e2c   Section        0  1601a.o(i.LCD_WRITE_ByteDATA)
    i.LCD_WRITE_CMD                          0x08000e4c   Section        0  1601a.o(i.LCD_WRITE_CMD)
    i.LCD_WRITE_StrDATA                      0x08000e7c   Section        0  1601a.o(i.LCD_WRITE_StrDATA)
    i.LCD_Write4Bits                         0x08000ebe   Section        0  1601a.o(i.LCD_Write4Bits)
    LCD_Write4Bits                           0x08000ebf   Thumb Code    18  1601a.o(i.LCD_Write4Bits)
    i.LCD_Write8Bits                         0x08000ed0   Section        0  1601a.o(i.LCD_Write8Bits)
    LCD_Write8Bits                           0x08000ed1   Thumb Code    20  1601a.o(i.LCD_Write8Bits)
    i.LED_AllOff                             0x08000ee4   Section        0  led.o(i.LED_AllOff)
    i.LED_Breath                             0x08000ef0   Section        0  main.o(i.LED_Breath)
    LED_Breath                               0x08000ef1   Thumb Code    60  main.o(i.LED_Breath)
    i.LED_Init                               0x08000f2c   Section        0  led.o(i.LED_Init)
    i.LED_SetColor                           0x08001034   Section        0  led.o(i.LED_SetColor)
    i.LED_SetGreen                           0x08001078   Section        0  led.o(i.LED_SetGreen)
    i.LED_SetRed                             0x0800108c   Section        0  led.o(i.LED_SetRed)
    i.LED_SetYellow                          0x080010a0   Section        0  led.o(i.LED_SetYellow)
    i.MP3CMD                                 0x080010bc   Section        0  mp3.o(i.MP3CMD)
    i.MatrixKey_GetHold                      0x08001108   Section        0  matrixkey.o(i.MatrixKey_GetHold)
    i.MatrixKey_GetValue                     0x08001114   Section        0  matrixkey.o(i.MatrixKey_GetValue)
    i.MatrixKey_Init                         0x08001124   Section        0  matrixkey.o(i.MatrixKey_Init)
    i.MatrixKey_ReadRows                     0x08001178   Section        0  matrixkey.o(i.MatrixKey_ReadRows)
    MatrixKey_ReadRows                       0x08001179   Thumb Code    66  matrixkey.o(i.MatrixKey_ReadRows)
    i.MatrixKey_ScanRaw                      0x080011c0   Section        0  matrixkey.o(i.MatrixKey_ScanRaw)
    MatrixKey_ScanRaw                        0x080011c1   Thumb Code   186  matrixkey.o(i.MatrixKey_ScanRaw)
    i.MatrixKey_Update                       0x08001280   Section        0  matrixkey.o(i.MatrixKey_Update)
    i.MemManage_Handler                      0x080012e0   Section        0  stm32f10x_it.o(i.MemManage_Handler)
    i.NMI_Handler                            0x080012e4   Section        0  stm32f10x_it.o(i.NMI_Handler)
    i.NVIC_Init                              0x080012e8   Section        0  misc.o(i.NVIC_Init)
    i.Password_InputLeft                     0x08001358   Section        0  main.o(i.Password_InputLeft)
    Password_InputLeft                       0x08001359   Thumb Code    74  main.o(i.Password_InputLeft)
    i.Password_InputRight                    0x080013a2   Section        0  main.o(i.Password_InputRight)
    Password_InputRight                      0x080013a3   Thumb Code    76  main.o(i.Password_InputRight)
    i.Password_IsComplete                    0x080013ee   Section        0  main.o(i.Password_IsComplete)
    Password_IsComplete                      0x080013ef   Thumb Code    16  main.o(i.Password_IsComplete)
    i.Password_Match                         0x080013fe   Section        0  main.o(i.Password_Match)
    Password_Match                           0x080013ff   Thumb Code    26  main.o(i.Password_Match)
    i.Password_Reset                         0x08001418   Section        0  main.o(i.Password_Reset)
    Password_Reset                           0x08001419   Thumb Code    22  main.o(i.Password_Reset)
    i.PendSV_Handler                         0x0800142e   Section        0  stm32f10x_it.o(i.PendSV_Handler)
    i.RCC_APB1PeriphClockCmd                 0x08001430   Section        0  stm32f10x_rcc.o(i.RCC_APB1PeriphClockCmd)
    i.RCC_APB2PeriphClockCmd                 0x08001450   Section        0  stm32f10x_rcc.o(i.RCC_APB2PeriphClockCmd)
    i.RCC_GetClocksFreq                      0x08001470   Section        0  stm32f10x_rcc.o(i.RCC_GetClocksFreq)
    i.Relay_Off                              0x08001544   Section        0  led.o(i.Relay_Off)
    i.Relay_On                               0x08001554   Section        0  led.o(i.Relay_On)
    i.SVC_Handler                            0x08001564   Section        0  stm32f10x_it.o(i.SVC_Handler)
    i.Serial_Init                            0x08001568   Section        0  serial.o(i.Serial_Init)
    i.Serial_SendArray                       0x080015d4   Section        0  serial.o(i.Serial_SendArray)
    i.Serial_SendByte                        0x080015f0   Section        0  serial.o(i.Serial_SendByte)
    i.SetSysClock                            0x08001610   Section        0  system_stm32f10x.o(i.SetSysClock)
    SetSysClock                              0x08001611   Thumb Code     8  system_stm32f10x.o(i.SetSysClock)
    i.SetSysClockTo72                        0x08001618   Section        0  system_stm32f10x.o(i.SetSysClockTo72)
    SetSysClockTo72                          0x08001619   Thumb Code   214  system_stm32f10x.o(i.SetSysClockTo72)
    i.StartupBeep_Update                     0x080016f8   Section        0  main.o(i.StartupBeep_Update)
    StartupBeep_Update                       0x080016f9   Thumb Code   124  main.o(i.StartupBeep_Update)
    i.SysTick_Handler                        0x0800177c   Section        0  stm32f10x_it.o(i.SysTick_Handler)
    i.SystemInit                             0x08001780   Section        0  system_stm32f10x.o(i.SystemInit)
    i.TIM4_IRQHandler                        0x080017e0   Section        0  stm32f10x_it.o(i.TIM4_IRQHandler)
    i.TIM_ARRPreloadConfig                   0x08001800   Section        0  stm32f10x_tim.o(i.TIM_ARRPreloadConfig)
    i.TIM_ClearITPendingBit                  0x08001818   Section        0  stm32f10x_tim.o(i.TIM_ClearITPendingBit)
    i.TIM_Cmd                                0x0800181e   Section        0  stm32f10x_tim.o(i.TIM_Cmd)
    i.TIM_GetCapture3                        0x08001836   Section        0  stm32f10x_tim.o(i.TIM_GetCapture3)
    i.TIM_GetCapture4                        0x0800183c   Section        0  stm32f10x_tim.o(i.TIM_GetCapture4)
    i.TIM_GetITStatus                        0x08001844   Section        0  stm32f10x_tim.o(i.TIM_GetITStatus)
    i.TIM_ITConfig                           0x08001866   Section        0  stm32f10x_tim.o(i.TIM_ITConfig)
    i.TIM_OC2Init                            0x08001878   Section        0  stm32f10x_tim.o(i.TIM_OC2Init)
    i.TIM_OC2PreloadConfig                   0x0800191c   Section        0  stm32f10x_tim.o(i.TIM_OC2PreloadConfig)
    i.TIM_OC3Init                            0x08001938   Section        0  stm32f10x_tim.o(i.TIM_OC3Init)
    i.TIM_OC3PreloadConfig                   0x080019d8   Section        0  stm32f10x_tim.o(i.TIM_OC3PreloadConfig)
    i.TIM_OC4Init                            0x080019ec   Section        0  stm32f10x_tim.o(i.TIM_OC4Init)
    i.TIM_OC4PreloadConfig                   0x08001a68   Section        0  stm32f10x_tim.o(i.TIM_OC4PreloadConfig)
    i.TIM_SetAutoreload                      0x08001a82   Section        0  stm32f10x_tim.o(i.TIM_SetAutoreload)
    i.TIM_SetCompare2                        0x08001a86   Section        0  stm32f10x_tim.o(i.TIM_SetCompare2)
    i.TIM_SetCompare3                        0x08001a8a   Section        0  stm32f10x_tim.o(i.TIM_SetCompare3)
    i.TIM_SetCompare4                        0x08001a8e   Section        0  stm32f10x_tim.o(i.TIM_SetCompare4)
    i.TIM_TimeBaseInit                       0x08001a94   Section        0  stm32f10x_tim.o(i.TIM_TimeBaseInit)
    i.Timebase_Init                          0x08001b38   Section        0  systick.o(i.Timebase_Init)
    i.Timebase_Millis                        0x08001ba8   Section        0  systick.o(i.Timebase_Millis)
    i.Timebase_Tick                          0x08001bb4   Section        0  systick.o(i.Timebase_Tick)
    i.TimerClockPclk1                        0x08001bc4   Section        0  systick.o(i.TimerClockPclk1)
    TimerClockPclk1                          0x08001bc5   Thumb Code    32  systick.o(i.TimerClockPclk1)
    i.TimerClockPclk1                        0x08001be8   Section        0  led.o(i.TimerClockPclk1)
    TimerClockPclk1                          0x08001be9   Thumb Code    32  led.o(i.TimerClockPclk1)
    i.USART_Cmd                              0x08001c0c   Section        0  stm32f10x_usart.o(i.USART_Cmd)
    i.USART_GetFlagStatus                    0x08001c24   Section        0  stm32f10x_usart.o(i.USART_GetFlagStatus)
    i.USART_Init                             0x08001c40   Section        0  stm32f10x_usart.o(i.USART_Init)
    i.USART_SendData                         0x08001d18   Section        0  stm32f10x_usart.o(i.USART_SendData)
    i.UsageFault_Handler                     0x08001d20   Section        0  stm32f10x_it.o(i.UsageFault_Handler)
    i.main                                   0x08001d24   Section        0  main.o(i.main)
    i.mp3_Init                               0x08001f34   Section        0  mp3.o(i.mp3_Init)
    i.mp3_boom_music                         0x08001f3c   Section        0  mp3.o(i.mp3_boom_music)
    i.mp3_over                               0x08001f78   Section        0  mp3.o(i.mp3_over)
    x$fpl$fadd                               0x08001f84   Section      196  faddsub_clz.o(x$fpl$fadd)
    _fadd1                                   0x08001f93   Thumb Code     0  faddsub_clz.o(x$fpl$fadd)
    x$fpl$fcmpinf                            0x08002048   Section       24  fcmpi.o(x$fpl$fcmpinf)
    x$fpl$fdiv                               0x08002060   Section      388  fdiv.o(x$fpl$fdiv)
    _fdiv1                                   0x08002061   Thumb Code     0  fdiv.o(x$fpl$fdiv)
    x$fpl$ffixu                              0x080021e4   Section       62  ffixu.o(x$fpl$ffixu)
    x$fpl$ffltu                              0x08002224   Section       38  fflt_clz.o(x$fpl$ffltu)
    x$fpl$fleqf                              0x0800224c   Section      104  fleqf.o(x$fpl$fleqf)
    x$fpl$fmul                               0x080022b4   Section      258  fmul.o(x$fpl$fmul)
    x$fpl$fnaninf                            0x080023b6   Section      140  fnaninf.o(x$fpl$fnaninf)
    x$fpl$fretinf                            0x08002442   Section       10  fretinf.o(x$fpl$fretinf)
    x$fpl$fsub                               0x0800244c   Section      234  faddsub_clz.o(x$fpl$fsub)
    _fsub1                                   0x0800245b   Thumb Code     0  faddsub_clz.o(x$fpl$fsub)
    .constdata                               0x08002536   Section      100  1601a.o(.constdata)
    x$fpl$usenofp                            0x08002536   Section        0  usenofp.o(x$fpl$usenofp)
    lcd_glyph_chars                          0x08002536   Data          12  1601a.o(.constdata)
    lcd_glyphs                               0x08002542   Data          88  1601a.o(.constdata)
    .data                                    0x20000000   Section       20  stm32f10x_rcc.o(.data)
    APBAHBPrescTable                         0x20000000   Data          16  stm32f10x_rcc.o(.data)
    ADCPrescTable                            0x20000010   Data           4  stm32f10x_rcc.o(.data)
    .data                                    0x20000014   Section        4  systick.o(.data)
    .data                                    0x20000018   Section       14  1601a.o(.data)
    lcd_slots                                0x20000018   Data           8  1601a.o(.data)
    lcd_slot_next                            0x20000020   Data           1  1601a.o(.data)
    lcd_backlight_default                    0x20000022   Data           2  1601a.o(.data)
    lcd_backlight_saved                      0x20000024   Data           2  1601a.o(.data)
    .data                                    0x20000028   Section        8  matrixkey.o(.data)
    key_event                                0x20000028   Data           1  matrixkey.o(.data)
    key_stable                               0x20000029   Data           1  matrixkey.o(.data)
    key_sample                               0x2000002a   Data           1  matrixkey.o(.data)
    key_change_ms                            0x2000002c   Data           4  matrixkey.o(.data)
    .data                                    0x20000030   Section       12  led.o(.data)
    led_red                                  0x20000030   Data           2  led.o(.data)
    led_green                                0x20000032   Data           2  led.o(.data)
    buzzer_pulse                             0x20000034   Data           2  led.o(.data)
    buzzer_base_hz                           0x20000038   Data           4  led.o(.data)
    .data                                    0x2000003c   Section       93  main.o(.data)
    app_state                                0x2000003c   Data           1  main.o(.data)
    defuse_mode                              0x2000003d   Data           1  main.o(.data)
    arm_input                                0x2000003e   Data           8  main.o(.data)
    arm_code                                 0x20000046   Data           8  main.o(.data)
    defuse_input                             0x2000004e   Data           8  main.o(.data)
    defuse_pos                               0x20000056   Data           1  main.o(.data)
    arm_last_change_ms                       0x20000058   Data           4  main.o(.data)
    countdown_end_ms                         0x2000005c   Data           4  main.o(.data)
    next_beep_ms                             0x20000060   Data           4  main.o(.data)
    beep_off_ms                              0x20000064   Data           4  main.o(.data)
    beep_active                              0x20000068   Data           1  main.o(.data)
    scroll_next_ms                           0x2000006c   Data           4  main.o(.data)
    scroll_pos                               0x20000070   Data           2  main.o(.data)
    scroll_dir                               0x20000072   Data           1  main.o(.data)
    scroll_pattern                           0x20000073   Data           4  main.o(.data)
    last_defuse_input_ms                     0x20000078   Data           4  main.o(.data)
    hash_hold_ms                             0x2000007c   Data           4  main.o(.data)
    startup_beep_state                       0x20000080   Data           1  main.o(.data)
    startup_beep_next_ms                     0x20000084   Data           4  main.o(.data)
    spaces                                   0x20000088   Data          17  main.o(.data)
    .bss                                     0x2000009c   Section       10  mp3.o(.bss)
    send_buf                                 0x2000009c   Data          10  mp3.o(.bss)
    .bss                                     0x200000a8   Section       24  main.o(.bss)
    defuse_anim                              0x200000a8   Data          24  main.o(.bss)
    .bss                                     0x200000c0   Section       96  libspace.o(.bss)
    HEAP                                     0x20000120   Section      512  startup_stm32f10x_md.o(HEAP)
    Heap_Mem                                 0x20000120   Data         512  startup_stm32f10x_md.o(HEAP)
    STACK                                    0x20000320   Section     1024  startup_stm32f10x_md.o(STACK)
    Stack_Mem                                0x20000320   Data        1024  startup_stm32f10x_md.o(STACK)
    __initial_sp                             0x20000720   Data           0  startup_stm32f10x_md.o(STACK)

    Global Symbols

    Symbol Name                              Value     Ov Type        Size  Object(Section)

    BuildAttributes$$THM_ISAv4$P$D$K$B$S$PE$A:L22UL41UL21$X:L11$S22US41US21$IEEE1$IW$USESV6$~STKCKD$USESV7$~SHL$OSPACE$ROPI$EBA8$UX$STANDARDLIB$REQ8$PRES8$EABIv2 0x00000000   Number         0  anon$$obj.o ABSOLUTE
    __ARM_use_no_argv                        0x00000000   Number         0  main.o ABSOLUTE
    __ARM_exceptions_init                     - Undefined Weak Reference
    __alloca_initialize                       - Undefined Weak Reference
    __arm_preinit_                            - Undefined Weak Reference
    __cpp_initialize__aeabi_                  - Undefined Weak Reference
    __cxa_finalize                            - Undefined Weak Reference
    __rt_locale                               - Undefined Weak Reference
    __sigvec_lookup                           - Undefined Weak Reference
    _atexit_init                              - Undefined Weak Reference
    _call_atexit_fns                          - Undefined Weak Reference
    _clock_init                               - Undefined Weak Reference
    _fp_trap_init                             - Undefined Weak Reference
    _fp_trap_shutdown                         - Undefined Weak Reference
    _get_lc_collate                           - Undefined Weak Reference
    _get_lc_ctype                             - Undefined Weak Reference
    _get_lc_monetary                          - Undefined Weak Reference
    _get_lc_numeric                           - Undefined Weak Reference
    _get_lc_time                              - Undefined Weak Reference
    _getenv_init                              - Undefined Weak Reference
    _handle_redirection                       - Undefined Weak Reference
    _init_alloc                               - Undefined Weak Reference
    _init_user_alloc                          - Undefined Weak Reference
    _initio                                   - Undefined Weak Reference
    _rand_init                                - Undefined Weak Reference
    _signal_finish                            - Undefined Weak Reference
    _signal_init                              - Undefined Weak Reference
    _terminate_alloc                          - Undefined Weak Reference
    _terminate_user_alloc                     - Undefined Weak Reference
    _terminateio                              - Undefined Weak Reference
    __Vectors_Size                           0x000000ec   Number         0  startup_stm32f10x_md.o ABSOLUTE
    __Vectors                                0x08000000   Data           4  startup_stm32f10x_md.o(RESET)
    __Vectors_End                            0x080000ec   Data           0  startup_stm32f10x_md.o(RESET)
    __main                                   0x080000ed   Thumb Code     8  __main.o(!!!main)
    __scatterload                            0x080000f5   Thumb Code     0  __scatter.o(!!!scatter)
    __scatterload_rt2                        0x080000f5   Thumb Code    44  __scatter.o(!!!scatter)
    __scatterload_rt2_thumb_only             0x080000f5   Thumb Code     0  __scatter.o(!!!scatter)
    __scatterload_null                       0x08000103   Thumb Code     0  __scatter.o(!!!scatter)
    __scatterload_copy                       0x08000129   Thumb Code    26  __scatter_copy.o(!!handler_copy)
    __scatterload_zeroinit                   0x08000145   Thumb Code    28  __scatter_zi.o(!!handler_zi)
    __rt_lib_init                            0x08000161   Thumb Code     0  libinit.o(.ARM.Collect$$libinit$$00000000)
    __rt_lib_init_alloca_1                   0x08000163   Thumb Code     0  libinit2.o(.ARM.Collect$$libinit$$0000002E)
    __rt_lib_init_argv_1                     0x08000163   Thumb Code     0  libinit2.o(.ARM.Collect$$libinit$$0000002C)
    __rt_lib_init_atexit_1                   0x08000163   Thumb Code     0  libinit2.o(.ARM.Collect$$libinit$$0000001B)
    __rt_lib_init_clock_1                    0x08000163   Thumb Code     0  libinit2.o(.ARM.Collect$$libinit$$00000021)
    __rt_lib_init_cpp_1                      0x08000163   Thumb Code     0  libinit2.o(.ARM.Collect$$libinit$$00000032)
    __rt_lib_init_exceptions_1               0x08000163   Thumb Code     0  libinit2.o(.ARM.Collect$$libinit$$00000030)
    __rt_lib_init_fp_1                       0x08000163   Thumb Code     0  libinit2.o(.ARM.Collect$$libinit$$00000002)
    __rt_lib_init_fp_trap_1                  0x08000163   Thumb Code     0  libinit2.o(.ARM.Collect$$libinit$$0000001F)
    __rt_lib_init_getenv_1                   0x08000163   Thumb Code     0  libinit2.o(.ARM.Collect$$libinit$$00000023)
    __rt_lib_init_heap_1                     0x08000163   Thumb Code     0  libinit2.o(.ARM.Collect$$libinit$$0000000A)
    __rt_lib_init_lc_collate_1               0x08000163   Thumb Code     0  libinit2.o(.ARM.Collect$$libinit$$00000011)
    __rt_lib_init_lc_ctype_1                 0x08000163   Thumb Code     0  libinit2.o(.ARM.Collect$$libinit$$00000013)
    __rt_lib_init_lc_monetary_1              0x08000163   Thumb Code     0  libinit2.o(.ARM.Collect$$libinit$$00000015)
    __rt_lib_init_lc_numeric_1               0x08000163   Thumb Code     0  libinit2.o(.ARM.Collect$$libinit$$00000017)
    __rt_lib_init_lc_time_1                  0x08000163   Thumb Code     0  libinit2.o(.ARM.Collect$$libinit$$00000019)
    __rt_lib_init_preinit_1                  0x08000163   Thumb Code     0  libinit2.o(.ARM.Collect$$libinit$$00000004)
    __rt_lib_init_rand_1                     0x08000163   Thumb Code     0  libinit2.o(.ARM.Collect$$libinit$$0000000E)
    __rt_lib_init_return                     0x08000163   Thumb Code     0  libinit2.o(.ARM.Collect$$libinit$$00000033)
    __rt_lib_init_signal_1                   0x08000163   Thumb Code     0  libinit2.o(.ARM.Collect$$libinit$$0000001D)
    __rt_lib_init_stdio_1                    0x08000163   Thumb Code     0  libinit2.o(.ARM.Collect$$libinit$$00000025)
    __rt_lib_init_user_alloc_1               0x08000163   Thumb Code     0  libinit2.o(.ARM.Collect$$libinit$$0000000C)
    __rt_lib_shutdown                        0x08000165   Thumb Code     0  libshutdown.o(.ARM.Collect$$libshutdown$$00000000)
    __rt_lib_shutdown_cpp_1                  0x08000167   Thumb Code     0  libshutdown2.o(.ARM.Collect$$libshutdown$$00000002)
    __rt_lib_shutdown_fp_trap_1              0x08000167   Thumb Code     0  libshutdown2.o(.ARM.Collect$$libshutdown$$00000007)
    __rt_lib_shutdown_heap_1                 0x08000167   Thumb Code     0  libshutdown2.o(.ARM.Collect$$libshutdown$$0000000F)
    __rt_lib_shutdown_return                 0x08000167   Thumb Code     0  libshutdown2.o(.ARM.Collect$$libshutdown$$00000010)
    __rt_lib_shutdown_signal_1               0x08000167   Thumb Code     0  libshutdown2.o(.ARM.Collect$$libshutdown$$0000000A)
    __rt_lib_shutdown_stdio_1                0x08000167   Thumb Code     0  libshutdown2.o(.ARM.Collect$$libshutdown$$00000004)
    __rt_lib_shutdown_user_alloc_1           0x08000167   Thumb Code     0  libshutdown2.o(.ARM.Collect$$libshutdown$$0000000C)
    __rt_entry                               0x08000169   Thumb Code     0  __rtentry.o(.ARM.Collect$$rtentry$$00000000)
    __rt_entry_presh_1                       0x08000169   Thumb Code     0  __rtentry2.o(.ARM.Collect$$rtentry$$00000002)
    __rt_entry_sh                            0x08000169   Thumb Code     0  __rtentry4.o(.ARM.Collect$$rtentry$$00000004)
    __rt_entry_li                            0x0800016f   Thumb Code     0  __rtentry2.o(.ARM.Collect$$rtentry$$0000000A)
    __rt_entry_postsh_1                      0x0800016f   Thumb Code     0  __rtentry2.o(.ARM.Collect$$rtentry$$00000009)
    __rt_entry_main                          0x08000173   Thumb Code     0  __rtentry2.o(.ARM.Collect$$rtentry$$0000000D)
    __rt_entry_postli_1                      0x08000173   Thumb Code     0  __rtentry2.o(.ARM.Collect$$rtentry$$0000000C)
    __rt_exit                                0x0800017b   Thumb Code     0  rtexit.o(.ARM.Collect$$rtexit$$00000000)
    __rt_exit_ls                             0x0800017d   Thumb Code     0  rtexit2.o(.ARM.Collect$$rtexit$$00000003)
    __rt_exit_prels_1                        0x0800017d   Thumb Code     0  rtexit2.o(.ARM.Collect$$rtexit$$00000002)
    __rt_exit_exit                           0x08000181   Thumb Code     0  rtexit2.o(.ARM.Collect$$rtexit$$00000004)
    Reset_Handler                            0x08000189   Thumb Code     8  startup_stm32f10x_md.o(.text)
    ADC1_2_IRQHandler                        0x080001a3   Thumb Code     0  startup_stm32f10x_md.o(.text)
    CAN1_RX1_IRQHandler                      0x080001a3   Thumb Code     0  startup_stm32f10x_md.o(.text)
    CAN1_SCE_IRQHandler                      0x080001a3   Thumb Code     0  startup_stm32f10x_md.o(.text)
    DMA1_Channel1_IRQHandler                 0x080001a3   Thumb Code     0  startup_stm32f10x_md.o(.text)
    DMA1_Channel2_IRQHandler                 0x080001a3   Thumb Code     0  startup_stm32f10x_md.o(.text)
    DMA1_Channel3_IRQHandler                 0x080001a3   Thumb Code     0  startup_stm32f10x_md.o(.text)
    DMA1_Channel4_IRQHandler                 0x080001a3   Thumb Code     0  startup_stm32f10x_md.o(.text)
    DMA1_Channel5_IRQHandler                 0x080001a3   Thumb Code     0  startup_stm32f10x_md.o(.text)
    DMA1_Channel6_IRQHandler                 0x080001a3   Thumb Code     0  startup_stm32f10x_md.o(.text)
    DMA1_Channel7_IRQHandler                 0x080001a3   Thumb Code     0  startup_stm32f10x_md.o(.text)
    EXTI0_IRQHandler                         0x080001a3   Thumb Code     0  startup_stm32f10x_md.o(.text)
    EXTI15_10_IRQHandler                     0x080001a3   Thumb Code     0  startup_stm32f10x_md.o(.text)
    EXTI1_IRQHandler                         0x080001a3   Thumb Code     0  startup_stm32f10x_md.o(.text)
    EXTI2_IRQHandler                         0x080001a3   Thumb Code     0  startup_stm32f10x_md.o(.text)
    EXTI3_IRQHandler                         0x080001a3   Thumb Code     0  startup_stm32f10x_md.o(.text)
    EXTI4_IRQHandler                         0x080001a3   Thumb Code     0  startup_stm32f10x_md.o(.text)
    EXTI9_5_IRQHandler                       0x080001a3   Thumb Code     0  startup_stm32f10x_md.o(.text)
    FLASH_IRQHandler                         0x080001a3   Thumb Code     0  startup_stm32f10x_md.o(.text)
    I2C1_ER_IRQHandler                       0x080001a3   Thumb Code     0  startup_stm32f10x_md.o(.text)
    I2C1_EV_IRQHandler                       0x080001a3   Thumb Code     0  startup_stm32f10x_md.o(.text)
    I2C2_ER_IRQHandler                       0x080001a3   Thumb Code     0  startup_stm32f10x_md.o(.text)
    I2C2_EV_IRQHandler                       0x080001a3   Thumb Code     0  startup_stm32f10x_md.o(.text)
    PVD_IRQHandler                           0x080001a3   Thumb Code     0  startup_stm32f10x_md.o(.text)
    RCC_IRQHandler                           0x080001a3   Thumb Code     0  startup_stm32f10x_md.o(.text)
    RTCAlarm_IRQHandler                      0x080001a3   Thumb Code     0  startup_stm32f10x_md.o(.text)
    RTC_IRQHandler                           0x080001a3   Thumb Code     0  startup_stm32f10x_md.o(.text)
    SPI1_IRQHandler                          0x080001a3   Thumb Code     0  startup_stm32f10x_md.o(.text)
    SPI2_IRQHandler                          0x080001a3   Thumb Code     0  startup_stm32f10x_md.o(.text)
    TAMPER_IRQHandler                        0x080001a3   Thumb Code     0  startup_stm32f10x_md.o(.text)
    TIM1_BRK_IRQHandler                      0x080001a3   Thumb Code     0  startup_stm32f10x_md.o(.text)
    TIM1_CC_IRQHandler                       0x080001a3   Thumb Code     0  startup_stm32f10x_md.o(.text)
    TIM1_TRG_COM_IRQHandler                  0x080001a3   Thumb Code     0  startup_stm32f10x_md.o(.text)
    TIM1_UP_IRQHandler                       0x080001a3   Thumb Code     0  startup_stm32f10x_md.o(.text)
    TIM2_IRQHandler                          0x080001a3   Thumb Code     0  startup_stm32f10x_md.o(.text)
    TIM3_IRQHandler                          0x080001a3   Thumb Code     0  startup_stm32f10x_md.o(.text)
    USART1_IRQHandler                        0x080001a3   Thumb Code     0  startup_stm32f10x_md.o(.text)
    USART2_IRQHandler                        0x080001a3   Thumb Code     0  startup_stm32f10x_md.o(.text)
    USART3_IRQHandler                        0x080001a3   Thumb Code     0  startup_stm32f10x_md.o(.text)
    USBWakeUp_IRQHandler                     0x080001a3   Thumb Code     0  startup_stm32f10x_md.o(.text)
    USB_HP_CAN1_TX_IRQHandler                0x080001a3   Thumb Code     0  startup_stm32f10x_md.o(.text)
    USB_LP_CAN1_RX0_IRQHandler               0x080001a3   Thumb Code     0  startup_stm32f10x_md.o(.text)
    WWDG_IRQHandler                          0x080001a3   Thumb Code     0  startup_stm32f10x_md.o(.text)
    __user_initial_stackheap                 0x080001a5   Thumb Code     0  startup_stm32f10x_md.o(.text)
    memcmp                                   0x080001c9   Thumb Code    88  memcmp.o(.text)
    __use_two_region_memory                  0x08000221   Thumb Code     2  heapauxi.o(.text)
    __rt_heap_escrow$2region                 0x08000223   Thumb Code     2  heapauxi.o(.text)
    __rt_heap_expand$2region                 0x08000225   Thumb Code     2  heapauxi.o(.text)
    __user_setup_stackheap                   0x08000227   Thumb Code    74  sys_stackheap_outer.o(.text)
    exit                                     0x08000271   Thumb Code    18  exit.o(.text)
    __user_libspace                          0x08000285   Thumb Code     8  libspace.o(.text)
    __user_perproc_libspace                  0x08000285   Thumb Code     0  libspace.o(.text)
    __user_perthread_libspace                0x08000285   Thumb Code     0  libspace.o(.text)
    _sys_exit                                0x0800028d   Thumb Code     8  sys_exit.o(.text)
    __I$use$semihosting                      0x08000299   Thumb Code     0  use_no_semi.o(.text)
    __use_no_semihosting_swi                 0x08000299   Thumb Code     2  use_no_semi.o(.text)
    BusFault_Handler                         0x0800029b   Thumb Code     4  stm32f10x_it.o(i.BusFault_Handler)
    __semihosting_library_function           0x0800029b   Thumb Code     0  indicate_semi.o(.text)
    Buzzer_Init                              0x080002a1   Thumb Code   176  led.o(i.Buzzer_Init)
    Buzzer_Off                               0x08000365   Thumb Code    12  led.o(i.Buzzer_Off)
    Buzzer_On                                0x08000375   Thumb Code    14  led.o(i.Buzzer_On)
    Buzzer_SetFreq                           0x0800038d   Thumb Code    62  led.o(i.Buzzer_SetFreq)
    DebugMon_Handler                         0x0800059d   Thumb Code     2  stm32f10x_it.o(i.DebugMon_Handler)
    Delay_ms                                 0x08000835   Thumb Code    24  delay.o(i.Delay_ms)
    Delay_us                                 0x0800084d   Thumb Code    46  delay.o(i.Delay_us)
    GPIO_Init                                0x080008bd   Thumb Code   278  stm32f10x_gpio.o(i.GPIO_Init)
    GPIO_PinRemapConfig                      0x080009d5   Thumb Code   138  stm32f10x_gpio.o(i.GPIO_PinRemapConfig)
    GPIO_ReadInputDataBit                    0x08000a65   Thumb Code    18  stm32f10x_gpio.o(i.GPIO_ReadInputDataBit)
    GPIO_ResetBits                           0x08000a77   Thumb Code     4  stm32f10x_gpio.o(i.GPIO_ResetBits)
    GPIO_SetBits                             0x08000a7b   Thumb Code     4  stm32f10x_gpio.o(i.GPIO_SetBits)
    HardFault_Handler                        0x08000a7f   Thumb Code     4  stm32f10x_it.o(i.HardFault_Handler)
    LCD_Backlight_Off                        0x08000a83   Thumb Code    14  1601a.o(i.LCD_Backlight_Off)
    LCD_Backlight_On                         0x08000a91   Thumb Code    12  1601a.o(i.LCD_Backlight_On)
    LCD_Backlight_Set                        0x08000aa1   Thumb Code    32  1601a.o(i.LCD_Backlight_Set)
    LCD_Backlight_Toggle                     0x08000ac5   Thumb Code    48  1601a.o(i.LCD_Backlight_Toggle)
    LCD_INIT                                 0x08000c5d   Thumb Code   176  1601a.o(i.LCD_INIT)
    LCD_WRITE_ByteDATA                       0x08000e2d   Thumb Code    28  1601a.o(i.LCD_WRITE_ByteDATA)
    LCD_WRITE_CMD                            0x08000e4d   Thumb Code    44  1601a.o(i.LCD_WRITE_CMD)
    LCD_WRITE_StrDATA                        0x08000e7d   Thumb Code    66  1601a.o(i.LCD_WRITE_StrDATA)
    LED_AllOff                               0x08000ee5   Thumb Code    12  led.o(i.LED_AllOff)
    LED_Init                                 0x08000f2d   Thumb Code   248  led.o(i.LED_Init)
    LED_SetColor                             0x08001035   Thumb Code    60  led.o(i.LED_SetColor)
    LED_SetGreen                             0x08001079   Thumb Code    16  led.o(i.LED_SetGreen)
    LED_SetRed                               0x0800108d   Thumb Code    16  led.o(i.LED_SetRed)
    LED_SetYellow                            0x080010a1   Thumb Code    26  led.o(i.LED_SetYellow)
    MP3CMD                                   0x080010bd   Thumb Code    72  mp3.o(i.MP3CMD)
    MatrixKey_GetHold                        0x08001109   Thumb Code     6  matrixkey.o(i.MatrixKey_GetHold)
    MatrixKey_GetValue                       0x08001115   Thumb Code    12  matrixkey.o(i.MatrixKey_GetValue)
    MatrixKey_Init                           0x08001125   Thumb Code    78  matrixkey.o(i.MatrixKey_Init)
    MatrixKey_Update                         0x08001281   Thumb Code    78  matrixkey.o(i.MatrixKey_Update)
    MemManage_Handler                        0x080012e1   Thumb Code     4  stm32f10x_it.o(i.MemManage_Handler)
    NMI_Handler                              0x080012e5   Thumb Code     2  stm32f10x_it.o(i.NMI_Handler)
    NVIC_Init                                0x080012e9   Thumb Code   100  misc.o(i.NVIC_Init)
    PendSV_Handler                           0x0800142f   Thumb Code     2  stm32f10x_it.o(i.PendSV_Handler)
    RCC_APB1PeriphClockCmd                   0x08001431   Thumb Code    26  stm32f10x_rcc.o(i.RCC_APB1PeriphClockCmd)
    RCC_APB2PeriphClockCmd                   0x08001451   Thumb Code    26  stm32f10x_rcc.o(i.RCC_APB2PeriphClockCmd)
    RCC_GetClocksFreq                        0x08001471   Thumb Code   192  stm32f10x_rcc.o(i.RCC_GetClocksFreq)
    Relay_Off                                0x08001545   Thumb Code    12  led.o(i.Relay_Off)
    Relay_On                                 0x08001555   Thumb Code    12  led.o(i.Relay_On)
    SVC_Handler                              0x08001565   Thumb Code     2  stm32f10x_it.o(i.SVC_Handler)
    Serial_Init                              0x08001569   Thumb Code   100  serial.o(i.Serial_Init)
    Serial_SendArray                         0x080015d5   Thumb Code    26  serial.o(i.Serial_SendArray)
    Serial_SendByte                          0x080015f1   Thumb Code    28  serial.o(i.Serial_SendByte)
    SysTick_Handler                          0x0800177d   Thumb Code     2  stm32f10x_it.o(i.SysTick_Handler)
    SystemInit                               0x08001781   Thumb Code    78  system_stm32f10x.o(i.SystemInit)
    TIM4_IRQHandler                          0x080017e1   Thumb Code    26  stm32f10x_it.o(i.TIM4_IRQHandler)
    TIM_ARRPreloadConfig                     0x08001801   Thumb Code    24  stm32f10x_tim.o(i.TIM_ARRPreloadConfig)
    TIM_ClearITPendingBit                    0x08001819   Thumb Code     6  stm32f10x_tim.o(i.TIM_ClearITPendingBit)
    TIM_Cmd                                  0x0800181f   Thumb Code    24  stm32f10x_tim.o(i.TIM_Cmd)
    TIM_GetCapture3                          0x08001837   Thumb Code     6  stm32f10x_tim.o(i.TIM_GetCapture3)
    TIM_GetCapture4                          0x0800183d   Thumb Code     8  stm32f10x_tim.o(i.TIM_GetCapture4)
    TIM_GetITStatus                          0x08001845   Thumb Code    34  stm32f10x_tim.o(i.TIM_GetITStatus)
    TIM_ITConfig                             0x08001867   Thumb Code    18  stm32f10x_tim.o(i.TIM_ITConfig)
    TIM_OC2Init                              0x08001879   Thumb Code   154  stm32f10x_tim.o(i.TIM_OC2Init)
    TIM_OC2PreloadConfig                     0x0800191d   Thumb Code    26  stm32f10x_tim.o(i.TIM_OC2PreloadConfig)
    TIM_OC3Init                              0x08001939   Thumb Code   150  stm32f10x_tim.o(i.TIM_OC3Init)
    TIM_OC3PreloadConfig                     0x080019d9   Thumb Code    18  stm32f10x_tim.o(i.TIM_OC3PreloadConfig)
    TIM_OC4Init                              0x080019ed   Thumb Code   114  stm32f10x_tim.o(i.TIM_OC4Init)
    TIM_OC4PreloadConfig                     0x08001a69   Thumb Code    26  stm32f10x_tim.o(i.TIM_OC4PreloadConfig)
    TIM_SetAutoreload                        0x08001a83   Thumb Code     4  stm32f10x_tim.o(i.TIM_SetAutoreload)
    TIM_SetCompare2                          0x08001a87   Thumb Code     4  stm32f10x_tim.o(i.TIM_SetCompare2)
    TIM_SetCompare3                          0x08001a8b   Thumb Code     4  stm32f10x_tim.o(i.TIM_SetCompare3)
    TIM_SetCompare4                          0x08001a8f   Thumb Code     6  stm32f10x_tim.o(i.TIM_SetCompare4)
    TIM_TimeBaseInit                         0x08001a95   Thumb Code   122  stm32f10x_tim.o(i.TIM_TimeBaseInit)
    Timebase_Init                            0x08001b39   Thumb Code   102  systick.o(i.Timebase_Init)
    Timebase_Millis                          0x08001ba9   Thumb Code     6  systick.o(i.Timebase_Millis)
    Timebase_Tick                            0x08001bb5   Thumb Code    12  systick.o(i.Timebase_Tick)
    USART_Cmd                                0x08001c0d   Thumb Code    24  stm32f10x_usart.o(i.USART_Cmd)
    USART_GetFlagStatus                      0x08001c25   Thumb Code    26  stm32f10x_usart.o(i.USART_GetFlagStatus)
    USART_Init                               0x08001c41   Thumb Code   210  stm32f10x_usart.o(i.USART_Init)
    USART_SendData                           0x08001d19   Thumb Code     8  stm32f10x_usart.o(i.USART_SendData)
    UsageFault_Handler                       0x08001d21   Thumb Code     4  stm32f10x_it.o(i.UsageFault_Handler)
    main                                     0x08001d25   Thumb Code   478  main.o(i.main)
    mp3_Init                                 0x08001f35   Thumb Code     8  mp3.o(i.mp3_Init)
    mp3_boom_music                           0x08001f3d   Thumb Code    54  mp3.o(i.mp3_boom_music)
    mp3_over                                 0x08001f79   Thumb Code    12  mp3.o(i.mp3_over)
    __aeabi_fadd                             0x08001f85   Thumb Code     0  faddsub_clz.o(x$fpl$fadd)
    _fadd                                    0x08001f85   Thumb Code   196  faddsub_clz.o(x$fpl$fadd)
    __fpl_fcmp_Inf                           0x08002049   Thumb Code    24  fcmpi.o(x$fpl$fcmpinf)
    __aeabi_fdiv                             0x08002061   Thumb Code     0  fdiv.o(x$fpl$fdiv)
    _fdiv                                    0x08002061   Thumb Code   384  fdiv.o(x$fpl$fdiv)
    __aeabi_f2uiz                            0x080021e5   Thumb Code     0  ffixu.o(x$fpl$ffixu)
    _ffixu                                   0x080021e5   Thumb Code    62  ffixu.o(x$fpl$ffixu)
    __aeabi_ui2f                             0x08002225   Thumb Code     0  fflt_clz.o(x$fpl$ffltu)
    _ffltu                                   0x08002225   Thumb Code    38  fflt_clz.o(x$fpl$ffltu)
    __aeabi_cfcmple                          0x0800224d   Thumb Code     0  fleqf.o(x$fpl$fleqf)
    _fcmple                                  0x0800224d   Thumb Code   104  fleqf.o(x$fpl$fleqf)
    __fpl_fcmple_InfNaN                      0x0800229f   Thumb Code     0  fleqf.o(x$fpl$fleqf)
    __aeabi_fmul                             0x080022b5   Thumb Code     0  fmul.o(x$fpl$fmul)
    _fmul                                    0x080022b5   Thumb Code   258  fmul.o(x$fpl$fmul)
    __fpl_fnaninf                            0x080023b7   Thumb Code   140  fnaninf.o(x$fpl$fnaninf)
    __fpl_fretinf                            0x08002443   Thumb Code    10  fretinf.o(x$fpl$fretinf)
    __aeabi_fsub                             0x0800244d   Thumb Code     0  faddsub_clz.o(x$fpl$fsub)
    _fsub                                    0x0800244d   Thumb Code   234  faddsub_clz.o(x$fpl$fsub)
    __I$use$fp                               0x08002536   Number         0  usenofp.o(x$fpl$usenofp)
    Region$$Table$$Base                      0x0800259c   Number         0  anon$$obj.o(Region$$Table)
    Region$$Table$$Limit                     0x080025bc   Number         0  anon$$obj.o(Region$$Table)
    g_time_ms                                0x20000014   Data           4  systick.o(.data)
    __libspace_start                         0x200000c0   Data          96  libspace.o(.bss)
    __temporary_stack_top$libspace           0x20000120   Data           0  libspace.o(.bss)



==============================================================================

Memory Map of the image

  Image Entry point : 0x080000ed

  Load Region LR_IROM1 (Base: 0x08000000, Size: 0x00002658, Max: 0x00010000, ABSOLUTE)

    Execution Region ER_IROM1 (Exec base: 0x08000000, Load base: 0x08000000, Size: 0x000025bc, Max: 0x00010000, ABSOLUTE)

    Exec Addr    Load Addr    Size         Type   Attr      Idx    E Section Name        Object

    0x08000000   0x08000000   0x000000ec   Data   RO            3    RESET               startup_stm32f10x_md.o
    0x080000ec   0x080000ec   0x00000008   Code   RO         3801  * !!!main             c_w.l(__main.o)
    0x080000f4   0x080000f4   0x00000034   Code   RO         3989    !!!scatter          c_w.l(__scatter.o)
    0x08000128   0x08000128   0x0000001a   Code   RO         3991    !!handler_copy      c_w.l(__scatter_copy.o)
    0x08000142   0x08000142   0x00000002   PAD
    0x08000144   0x08000144   0x0000001c   Code   RO         3993    !!handler_zi        c_w.l(__scatter_zi.o)
    0x08000160   0x08000160   0x00000002   Code   RO         3859    .ARM.Collect$$libinit$$00000000  c_w.l(libinit.o)
    0x08000162   0x08000162   0x00000000   Code   RO         3866    .ARM.Collect$$libinit$$00000002  c_w.l(libinit2.o)
    0x08000162   0x08000162   0x00000000   Code   RO         3868    .ARM.Collect$$libinit$$00000004  c_w.l(libinit2.o)
    0x08000162   0x08000162   0x00000000   Code   RO         3871    .ARM.Collect$$libinit$$0000000A  c_w.l(libinit2.o)
    0x08000162   0x08000162   0x00000000   Code   RO         3873    .ARM.Collect$$libinit$$0000000C  c_w.l(libinit2.o)
    0x08000162   0x08000162   0x00000000   Code   RO         3875    .ARM.Collect$$libinit$$0000000E  c_w.l(libinit2.o)
    0x08000162   0x08000162   0x00000000   Code   RO         3878    .ARM.Collect$$libinit$$00000011  c_w.l(libinit2.o)
    0x08000162   0x08000162   0x00000000   Code   RO         3880    .ARM.Collect$$libinit$$00000013  c_w.l(libinit2.o)
    0x08000162   0x08000162   0x00000000   Code   RO         3882    .ARM.Collect$$libinit$$00000015  c_w.l(libinit2.o)
    0x08000162   0x08000162   0x00000000   Code   RO         3884    .ARM.Collect$$libinit$$00000017  c_w.l(libinit2.o)
    0x08000162   0x08000162   0x00000000   Code   RO         3886    .ARM.Collect$$libinit$$00000019  c_w.l(libinit2.o)
    0x08000162   0x08000162   0x00000000   Code   RO         3888    .ARM.Collect$$libinit$$0000001B  c_w.l(libinit2.o)
    0x08000162   0x08000162   0x00000000   Code   RO         3890    .ARM.Collect$$libinit$$0000001D  c_w.l(libinit2.o)
    0x08000162   0x08000162   0x00000000   Code   RO         3892    .ARM.Collect$$libinit$$0000001F  c_w.l(libinit2.o)
    0x08000162   0x08000162   0x00000000   Code   RO         3894    .ARM.Collect$$libinit$$00000021  c_w.l(libinit2.o)
    0x08000162   0x08000162   0x00000000   Code   RO         3896    .ARM.Collect$$libinit$$00000023  c_w.l(libinit2.o)
    0x08000162   0x08000162   0x00000000   Code   RO         3898    .ARM.Collect$$libinit$$00000025  c_w.l(libinit2.o)
    0x08000162   0x08000162   0x00000000   Code   RO         3902    .ARM.Collect$$libinit$$0000002C  c_w.l(libinit2.o)
    0x08000162   0x08000162   0x00000000   Code   RO         3904    .ARM.Collect$$libinit$$0000002E  c_w.l(libinit2.o)
    0x08000162   0x08000162   0x00000000   Code   RO         3906    .ARM.Collect$$libinit$$00000030  c_w.l(libinit2.o)
    0x08000162   0x08000162   0x00000000   Code   RO         3908    .ARM.Collect$$libinit$$00000032  c_w.l(libinit2.o)
    0x08000162   0x08000162   0x00000002   Code   RO         3909    .ARM.Collect$$libinit$$00000033  c_w.l(libinit2.o)
    0x08000164   0x08000164   0x00000002   Code   RO         3929    .ARM.Collect$$libshutdown$$00000000  c_w.l(libshutdown.o)
    0x08000166   0x08000166   0x00000000   Code   RO         3942    .ARM.Collect$$libshutdown$$00000002  c_w.l(libshutdown2.o)
    0x08000166   0x08000166   0x00000000   Code   RO         3944    .ARM.Collect$$libshutdown$$00000004  c_w.l(libshutdown2.o)
    0x08000166   0x08000166   0x00000000   Code   RO         3947    .ARM.Collect$$libshutdown$$00000007  c_w.l(libshutdown2.o)
    0x08000166   0x08000166   0x00000000   Code   RO         3950    .ARM.Collect$$libshutdown$$0000000A  c_w.l(libshutdown2.o)
    0x08000166   0x08000166   0x00000000   Code   RO         3952    .ARM.Collect$$libshutdown$$0000000C  c_w.l(libshutdown2.o)
    0x08000166   0x08000166   0x00000000   Code   RO         3955    .ARM.Collect$$libshutdown$$0000000F  c_w.l(libshutdown2.o)
    0x08000166   0x08000166   0x00000002   Code   RO         3956    .ARM.Collect$$libshutdown$$00000010  c_w.l(libshutdown2.o)
    0x08000168   0x08000168   0x00000000   Code   RO         3827    .ARM.Collect$$rtentry$$00000000  c_w.l(__rtentry.o)
    0x08000168   0x08000168   0x00000000   Code   RO         3836    .ARM.Collect$$rtentry$$00000002  c_w.l(__rtentry2.o)
    0x08000168   0x08000168   0x00000006   Code   RO         3848    .ARM.Collect$$rtentry$$00000004  c_w.l(__rtentry4.o)
    0x0800016e   0x0800016e   0x00000000   Code   RO         3838    .ARM.Collect$$rtentry$$00000009  c_w.l(__rtentry2.o)
    0x0800016e   0x0800016e   0x00000004   Code   RO         3839    .ARM.Collect$$rtentry$$0000000A  c_w.l(__rtentry2.o)
    0x08000172   0x08000172   0x00000000   Code   RO         3841    .ARM.Collect$$rtentry$$0000000C  c_w.l(__rtentry2.o)
    0x08000172   0x08000172   0x00000008   Code   RO         3842    .ARM.Collect$$rtentry$$0000000D  c_w.l(__rtentry2.o)
    0x0800017a   0x0800017a   0x00000002   Code   RO         3863    .ARM.Collect$$rtexit$$00000000  c_w.l(rtexit.o)
    0x0800017c   0x0800017c   0x00000000   Code   RO         3911    .ARM.Collect$$rtexit$$00000002  c_w.l(rtexit2.o)
    0x0800017c   0x0800017c   0x00000004   Code   RO         3912    .ARM.Collect$$rtexit$$00000003  c_w.l(rtexit2.o)
    0x08000180   0x08000180   0x00000006   Code   RO         3913    .ARM.Collect$$rtexit$$00000004  c_w.l(rtexit2.o)
    0x08000186   0x08000186   0x00000002   PAD
    0x08000188   0x08000188   0x00000040   Code   RO            4    .text               startup_stm32f10x_md.o
    0x080001c8   0x080001c8   0x00000058   Code   RO         3797    .text               c_w.l(memcmp.o)
    0x08000220   0x08000220   0x00000006   Code   RO         3799    .text               c_w.l(heapauxi.o)
    0x08000226   0x08000226   0x0000004a   Code   RO         3850    .text               c_w.l(sys_stackheap_outer.o)
    0x08000270   0x08000270   0x00000012   Code   RO         3852    .text               c_w.l(exit.o)
    0x08000282   0x08000282   0x00000002   PAD
    0x08000284   0x08000284   0x00000008   Code   RO         3860    .text               c_w.l(libspace.o)
    0x0800028c   0x0800028c   0x0000000c   Code   RO         3921    .text               c_w.l(sys_exit.o)
    0x08000298   0x08000298   0x00000002   Code   RO         3932    .text               c_w.l(use_no_semi.o)
    0x0800029a   0x0800029a   0x00000000   Code   RO         3934    .text               c_w.l(indicate_semi.o)
    0x0800029a   0x0800029a   0x00000004   Code   RO         3726    i.BusFault_Handler  stm32f10x_it.o
    0x0800029e   0x0800029e   0x00000002   PAD
    0x080002a0   0x080002a0   0x000000c4   Code   RO         3431    i.Buzzer_Init       led.o
    0x08000364   0x08000364   0x00000010   Code   RO         3432    i.Buzzer_Off        led.o
    0x08000374   0x08000374   0x00000018   Code   RO         3433    i.Buzzer_On         led.o
    0x0800038c   0x0800038c   0x0000004c   Code   RO         3434    i.Buzzer_SetFreq    led.o
    0x080003d8   0x080003d8   0x00000098   Code   RO         3593    i.Countdown_Start   main.o
    0x08000470   0x08000470   0x000000b4   Code   RO         3594    i.Countdown_UpdateBeep  main.o
    0x08000524   0x08000524   0x00000078   Code   RO         3595    i.Countdown_UpdateScroll  main.o
    0x0800059c   0x0800059c   0x00000002   Code   RO         3727    i.DebugMon_Handler  stm32f10x_it.o
    0x0800059e   0x0800059e   0x00000002   PAD
    0x080005a0   0x080005a0   0x00000020   Code   RO         3596    i.DefuseAnim_Reset  main.o
    0x080005c0   0x080005c0   0x00000064   Code   RO         3597    i.DefuseAnim_Start  main.o
    0x08000624   0x08000624   0x000000d8   Code   RO         3598    i.DefuseAnim_Update  main.o
    0x080006fc   0x080006fc   0x000000e8   Code   RO         3599    i.Defuse_Success    main.o
    0x080007e4   0x080007e4   0x00000038   Code   RO         3600    i.DefuserInput_Init  main.o
    0x0800081c   0x0800081c   0x00000018   Code   RO         3601    i.Defuser_IsActive  main.o
    0x08000834   0x08000834   0x00000018   Code   RO         3197    i.Delay_ms          delay.o
    0x0800084c   0x0800084c   0x0000002e   Code   RO         3199    i.Delay_us          delay.o
    0x0800087a   0x0800087a   0x00000002   PAD
    0x0800087c   0x0800087c   0x00000040   Code   RO         3602    i.Explosion_Start   main.o
    0x080008bc   0x080008bc   0x00000116   Code   RO         1347    i.GPIO_Init         stm32f10x_gpio.o
    0x080009d2   0x080009d2   0x00000002   PAD
    0x080009d4   0x080009d4   0x00000090   Code   RO         1349    i.GPIO_PinRemapConfig  stm32f10x_gpio.o
    0x08000a64   0x08000a64   0x00000012   Code   RO         1351    i.GPIO_ReadInputDataBit  stm32f10x_gpio.o
    0x08000a76   0x08000a76   0x00000004   Code   RO         1354    i.GPIO_ResetBits    stm32f10x_gpio.o
    0x08000a7a   0x08000a7a   0x00000004   Code   RO         1355    i.GPIO_SetBits      stm32f10x_gpio.o
    0x08000a7e   0x08000a7e   0x00000004   Code   RO         3728    i.HardFault_Handler  stm32f10x_it.o
    0x08000a82   0x08000a82   0x0000000e   Code   RO         3261    i.LCD_Backlight_Off  1601a.o
    0x08000a90   0x08000a90   0x00000010   Code   RO         3262    i.LCD_Backlight_On  1601a.o
    0x08000aa0   0x08000aa0   0x00000024   Code   RO         3263    i.LCD_Backlight_Set  1601a.o
    0x08000ac4   0x08000ac4   0x00000038   Code   RO         3264    i.LCD_Backlight_Toggle  1601a.o
    0x08000afc   0x08000afc   0x00000010   Code   RO         3603    i.LCD_ClearLine     main.o
    0x08000b0c   0x08000b0c   0x00000022   Code   RO         3266    i.LCD_EncodeChar    1601a.o
    0x08000b2e   0x08000b2e   0x00000002   PAD
    0x08000b30   0x08000b30   0x000000a0   Code   RO         3267    i.LCD_GPIO_Init     1601a.o
    0x08000bd0   0x08000bd0   0x00000068   Code   RO         3268    i.LCD_GetGlyphSlot  1601a.o
    0x08000c38   0x08000c38   0x00000024   Code   RO         3269    i.LCD_GlyphIndex    1601a.o
    0x08000c5c   0x08000c5c   0x000000c4   Code   RO         3270    i.LCD_INIT          1601a.o
    0x08000d20   0x08000d20   0x00000026   Code   RO         3271    i.LCD_LoadGlyph     1601a.o
    0x08000d46   0x08000d46   0x00000002   PAD
    0x08000d48   0x08000d48   0x00000028   Code   RO         3272    i.LCD_PulseEnable   1601a.o
    0x08000d70   0x08000d70   0x00000022   Code   RO         3273    i.LCD_SetCursorPhysical  1601a.o
    0x08000d92   0x08000d92   0x00000002   PAD
    0x08000d94   0x08000d94   0x0000006c   Code   RO         3274    i.LCD_SetDataNibble  1601a.o
    0x08000e00   0x08000e00   0x00000012   Code   RO         3604    i.LCD_ShowPassword  main.o
    0x08000e12   0x08000e12   0x00000002   PAD
    0x08000e14   0x08000e14   0x00000018   Code   RO         3605    i.LCD_ShowScroll    main.o
    0x08000e2c   0x08000e2c   0x00000020   Code   RO         3275    i.LCD_WRITE_ByteDATA  1601a.o
    0x08000e4c   0x08000e4c   0x00000030   Code   RO         3276    i.LCD_WRITE_CMD     1601a.o
    0x08000e7c   0x08000e7c   0x00000042   Code   RO         3277    i.LCD_WRITE_StrDATA  1601a.o
    0x08000ebe   0x08000ebe   0x00000012   Code   RO         3278    i.LCD_Write4Bits    1601a.o
    0x08000ed0   0x08000ed0   0x00000014   Code   RO         3279    i.LCD_Write8Bits    1601a.o
    0x08000ee4   0x08000ee4   0x0000000c   Code   RO         3435    i.LED_AllOff        led.o
    0x08000ef0   0x08000ef0   0x0000003c   Code   RO         3606    i.LED_Breath        main.o
    0x08000f2c   0x08000f2c   0x00000108   Code   RO         3436    i.LED_Init          led.o
    0x08001034   0x08001034   0x00000044   Code   RO         3437    i.LED_SetColor      led.o
    0x08001078   0x08001078   0x00000014   Code   RO         3438    i.LED_SetGreen      led.o
    0x0800108c   0x0800108c   0x00000014   Code   RO         3439    i.LED_SetRed        led.o
    0x080010a0   0x080010a0   0x0000001a   Code   RO         3440    i.LED_SetYellow     led.o
    0x080010ba   0x080010ba   0x00000002   PAD
    0x080010bc   0x080010bc   0x0000004c   Code   RO         3546    i.MP3CMD            mp3.o
    0x08001108   0x08001108   0x0000000c   Code   RO         3383    i.MatrixKey_GetHold  matrixkey.o
    0x08001114   0x08001114   0x00000010   Code   RO         3384    i.MatrixKey_GetValue  matrixkey.o
    0x08001124   0x08001124   0x00000054   Code   RO         3385    i.MatrixKey_Init    matrixkey.o
    0x08001178   0x08001178   0x00000048   Code   RO         3386    i.MatrixKey_ReadRows  matrixkey.o
    0x080011c0   0x080011c0   0x000000c0   Code   RO         3387    i.MatrixKey_ScanRaw  matrixkey.o
    0x08001280   0x08001280   0x00000060   Code   RO         3388    i.MatrixKey_Update  matrixkey.o
    0x080012e0   0x080012e0   0x00000004   Code   RO         3729    i.MemManage_Handler  stm32f10x_it.o
    0x080012e4   0x080012e4   0x00000002   Code   RO         3730    i.NMI_Handler       stm32f10x_it.o
    0x080012e6   0x080012e6   0x00000002   PAD
    0x080012e8   0x080012e8   0x00000070   Code   RO          137    i.NVIC_Init         misc.o
    0x08001358   0x08001358   0x0000004a   Code   RO         3607    i.Password_InputLeft  main.o
    0x080013a2   0x080013a2   0x0000004c   Code   RO         3608    i.Password_InputRight  main.o
    0x080013ee   0x080013ee   0x00000010   Code   RO         3609    i.Password_IsComplete  main.o
    0x080013fe   0x080013fe   0x0000001a   Code   RO         3610    i.Password_Match    main.o
    0x08001418   0x08001418   0x00000016   Code   RO         3611    i.Password_Reset    main.o
    0x0800142e   0x0800142e   0x00000002   Code   RO         3731    i.PendSV_Handler    stm32f10x_it.o
    0x08001430   0x08001430   0x00000020   Code   RO         1775    i.RCC_APB1PeriphClockCmd  stm32f10x_rcc.o
    0x08001450   0x08001450   0x00000020   Code   RO         1777    i.RCC_APB2PeriphClockCmd  stm32f10x_rcc.o
    0x08001470   0x08001470   0x000000d4   Code   RO         1785    i.RCC_GetClocksFreq  stm32f10x_rcc.o
    0x08001544   0x08001544   0x00000010   Code   RO         3441    i.Relay_Off         led.o
    0x08001554   0x08001554   0x00000010   Code   RO         3442    i.Relay_On          led.o
    0x08001564   0x08001564   0x00000002   Code   RO         3732    i.SVC_Handler       stm32f10x_it.o
    0x08001566   0x08001566   0x00000002   PAD
    0x08001568   0x08001568   0x0000006c   Code   RO         3519    i.Serial_Init       serial.o
    0x080015d4   0x080015d4   0x0000001a   Code   RO         3520    i.Serial_SendArray  serial.o
    0x080015ee   0x080015ee   0x00000002   PAD
    0x080015f0   0x080015f0   0x00000020   Code   RO         3521    i.Serial_SendByte   serial.o
    0x08001610   0x08001610   0x00000008   Code   RO           24    i.SetSysClock       system_stm32f10x.o
    0x08001618   0x08001618   0x000000e0   Code   RO           25    i.SetSysClockTo72   system_stm32f10x.o
    0x080016f8   0x080016f8   0x00000084   Code   RO         3612    i.StartupBeep_Update  main.o
    0x0800177c   0x0800177c   0x00000002   Code   RO         3733    i.SysTick_Handler   stm32f10x_it.o
    0x0800177e   0x0800177e   0x00000002   PAD
    0x08001780   0x08001780   0x00000060   Code   RO           27    i.SystemInit        system_stm32f10x.o
    0x080017e0   0x080017e0   0x00000020   Code   RO         3734    i.TIM4_IRQHandler   stm32f10x_it.o
    0x08001800   0x08001800   0x00000018   Code   RO         2409    i.TIM_ARRPreloadConfig  stm32f10x_tim.o
    0x08001818   0x08001818   0x00000006   Code   RO         2416    i.TIM_ClearITPendingBit  stm32f10x_tim.o
    0x0800181e   0x0800181e   0x00000018   Code   RO         2421    i.TIM_Cmd           stm32f10x_tim.o
    0x08001836   0x08001836   0x00000006   Code   RO         2438    i.TIM_GetCapture3   stm32f10x_tim.o
    0x0800183c   0x0800183c   0x00000008   Code   RO         2439    i.TIM_GetCapture4   stm32f10x_tim.o
    0x08001844   0x08001844   0x00000022   Code   RO         2442    i.TIM_GetITStatus   stm32f10x_tim.o
    0x08001866   0x08001866   0x00000012   Code   RO         2446    i.TIM_ITConfig      stm32f10x_tim.o
    0x08001878   0x08001878   0x000000a4   Code   RO         2455    i.TIM_OC2Init       stm32f10x_tim.o
    0x0800191c   0x0800191c   0x0000001a   Code   RO         2458    i.TIM_OC2PreloadConfig  stm32f10x_tim.o
    0x08001936   0x08001936   0x00000002   PAD
    0x08001938   0x08001938   0x000000a0   Code   RO         2460    i.TIM_OC3Init       stm32f10x_tim.o
    0x080019d8   0x080019d8   0x00000012   Code   RO         2463    i.TIM_OC3PreloadConfig  stm32f10x_tim.o
    0x080019ea   0x080019ea   0x00000002   PAD
    0x080019ec   0x080019ec   0x0000007c   Code   RO         2465    i.TIM_OC4Init       stm32f10x_tim.o
    0x08001a68   0x08001a68   0x0000001a   Code   RO         2467    i.TIM_OC4PreloadConfig  stm32f10x_tim.o
    0x08001a82   0x08001a82   0x00000004   Code   RO         2480    i.TIM_SetAutoreload  stm32f10x_tim.o
    0x08001a86   0x08001a86   0x00000004   Code   RO         2483    i.TIM_SetCompare2   stm32f10x_tim.o
    0x08001a8a   0x08001a8a   0x00000004   Code   RO         2484    i.TIM_SetCompare3   stm32f10x_tim.o
    0x08001a8e   0x08001a8e   0x00000006   Code   RO         2485    i.TIM_SetCompare4   stm32f10x_tim.o
    0x08001a94   0x08001a94   0x000000a4   Code   RO         2492    i.TIM_TimeBaseInit  stm32f10x_tim.o
    0x08001b38   0x08001b38   0x00000070   Code   RO         3226    i.Timebase_Init     systick.o
    0x08001ba8   0x08001ba8   0x0000000c   Code   RO         3227    i.Timebase_Millis   systick.o
    0x08001bb4   0x08001bb4   0x00000010   Code   RO         3228    i.Timebase_Tick     systick.o
    0x08001bc4   0x08001bc4   0x00000024   Code   RO         3229    i.TimerClockPclk1   systick.o
    0x08001be8   0x08001be8   0x00000024   Code   RO         3443    i.TimerClockPclk1   led.o
    0x08001c0c   0x08001c0c   0x00000018   Code   RO         2960    i.USART_Cmd         stm32f10x_usart.o
    0x08001c24   0x08001c24   0x0000001a   Code   RO         2963    i.USART_GetFlagStatus  stm32f10x_usart.o
    0x08001c3e   0x08001c3e   0x00000002   PAD
    0x08001c40   0x08001c40   0x000000d8   Code   RO         2967    i.USART_Init        stm32f10x_usart.o
    0x08001d18   0x08001d18   0x00000008   Code   RO         2977    i.USART_SendData    stm32f10x_usart.o
    0x08001d20   0x08001d20   0x00000004   Code   RO         3735    i.UsageFault_Handler  stm32f10x_it.o
    0x08001d24   0x08001d24   0x00000210   Code   RO         3613    i.main              main.o
    0x08001f34   0x08001f34   0x00000008   Code   RO         3547    i.mp3_Init          mp3.o
    0x08001f3c   0x08001f3c   0x0000003c   Code   RO         3549    i.mp3_boom_music    mp3.o
    0x08001f78   0x08001f78   0x0000000c   Code   RO         3550    i.mp3_over          mp3.o
    0x08001f84   0x08001f84   0x000000c4   Code   RO         3803    x$fpl$fadd          fz_ws.l(faddsub_clz.o)
    0x08002048   0x08002048   0x00000018   Code   RO         3828    x$fpl$fcmpinf       fz_ws.l(fcmpi.o)
    0x08002060   0x08002060   0x00000184   Code   RO         3810    x$fpl$fdiv          fz_ws.l(fdiv.o)
    0x080021e4   0x080021e4   0x0000003e   Code   RO         3813    x$fpl$ffixu         fz_ws.l(ffixu.o)
    0x08002222   0x08002222   0x00000002   PAD
    0x08002224   0x08002224   0x00000026   Code   RO         3817    x$fpl$ffltu         fz_ws.l(fflt_clz.o)
    0x0800224a   0x0800224a   0x00000002   PAD
    0x0800224c   0x0800224c   0x00000068   Code   RO         3823    x$fpl$fleqf         fz_ws.l(fleqf.o)
    0x080022b4   0x080022b4   0x00000102   Code   RO         3825    x$fpl$fmul          fz_ws.l(fmul.o)
    0x080023b6   0x080023b6   0x0000008c   Code   RO         3830    x$fpl$fnaninf       fz_ws.l(fnaninf.o)
    0x08002442   0x08002442   0x0000000a   Code   RO         3832    x$fpl$fretinf       fz_ws.l(fretinf.o)
    0x0800244c   0x0800244c   0x000000ea   Code   RO         3805    x$fpl$fsub          fz_ws.l(faddsub_clz.o)
    0x08002536   0x08002536   0x00000000   Code   RO         3834    x$fpl$usenofp       fz_ws.l(usenofp.o)
    0x08002536   0x08002536   0x00000064   Data   RO         3280    .constdata          1601a.o
    0x0800259a   0x0800259a   0x00000002   PAD
    0x0800259c   0x0800259c   0x00000020   Data   RO         3987    Region$$Table       anon$$obj.o


    Execution Region RW_IRAM1 (Exec base: 0x20000000, Load base: 0x080025bc, Size: 0x00000720, Max: 0x00005000, ABSOLUTE)

    Exec Addr    Load Addr    Size         Type   Attr      Idx    E Section Name        Object

    0x20000000   0x080025bc   0x00000014   Data   RW         1805    .data               stm32f10x_rcc.o
    0x20000014   0x080025d0   0x00000004   Data   RW         3230    .data               systick.o
    0x20000018   0x080025d4   0x0000000e   Data   RW         3281    .data               1601a.o
    0x20000026   0x080025e2   0x00000002   PAD
    0x20000028   0x080025e4   0x00000008   Data   RW         3389    .data               matrixkey.o
    0x20000030   0x080025ec   0x0000000c   Data   RW         3444    .data               led.o
    0x2000003c   0x080025f8   0x0000005d   Data   RW         3615    .data               main.o
    0x20000099   0x08002655   0x00000003   PAD
    0x2000009c        -       0x0000000a   Zero   RW         3552    .bss                mp3.o
    0x200000a6   0x08002655   0x00000002   PAD
    0x200000a8        -       0x00000018   Zero   RW         3614    .bss                main.o
    0x200000c0        -       0x00000060   Zero   RW         3861    .bss                c_w.l(libspace.o)
    0x20000120        -       0x00000200   Zero   RW            2    HEAP                startup_stm32f10x_md.o
    0x20000320        -       0x00000400   Zero   RW            1    STACK               startup_stm32f10x_md.o


==============================================================================

Image component sizes


      Code (inc. data)   RO Data    RW Data    ZI Data      Debug   Object Name

      1056         82        100         14          0       9990   1601a.o
         0          0          0          0          0       4508   core_cm3.o
        70          0          0          0          0        874   delay.o
       790         92          0         12          0       6494   led.o
      2168        246          0         93         24      12475   main.o
       472         60          0          8          0       3269   matrixkey.o
       112         12          0          0          0     204180   misc.o
       156         10          0          0         10       2184   mp3.o
       166         12          0          0          0       1783   serial.o
        64         26        236          0       1536        800   startup_stm32f10x_md.o
         0          0          0          0          0       1636   stm32f10x_adc.o
       448          6          0          0          0      12430   stm32f10x_gpio.o
        58          6          0          0          0       3960   stm32f10x_it.o
       276         32          0         20          0      12830   stm32f10x_rcc.o
       820         72          0          0          0      30410   stm32f10x_tim.o
       274          6          0          0          0       9696   stm32f10x_usart.o
       328         28          0          0          0      45033   system_stm32f10x.o
       176         24          0          4          0       2266   systick.o

    ----------------------------------------------------------------------
      7466        714        370        156       1572     364818   Object Totals
         0          0         32          0          0          0   (incl. Generated)
        32          0          2          5          2          0   (incl. Padding)

    ----------------------------------------------------------------------

      Code (inc. data)   RO Data    RW Data    ZI Data      Debug   Library Member Name

         8          0          0          0          0         68   __main.o
         0          0          0          0          0          0   __rtentry.o
        12          0          0          0          0          0   __rtentry2.o
         6          0          0          0          0          0   __rtentry4.o
        52          8          0          0          0          0   __scatter.o
        26          0          0          0          0          0   __scatter_copy.o
        28          0          0          0          0          0   __scatter_zi.o
        18          0          0          0          0         80   exit.o
         6          0          0          0          0        152   heapauxi.o
         0          0          0          0          0          0   indicate_semi.o
         2          0          0          0          0          0   libinit.o
         2          0          0          0          0          0   libinit2.o
         2          0          0          0          0          0   libshutdown.o
         2          0          0          0          0          0   libshutdown2.o
         8          4          0          0         96         68   libspace.o
        88          0          0          0          0         76   memcmp.o
         2          0          0          0          0          0   rtexit.o
        10          0          0          0          0          0   rtexit2.o
        12          4          0          0          0         68   sys_exit.o
        74          0          0          0          0         80   sys_stackheap_outer.o
         2          0          0          0          0         68   use_no_semi.o
       430          8          0          0          0        168   faddsub_clz.o
        24          0          0          0          0         68   fcmpi.o
       388         76          0          0          0         96   fdiv.o
        62          4          0          0          0         84   ffixu.o
        38          0          0          0          0         68   fflt_clz.o
       104          4          0          0          0         84   fleqf.o
       258          4          0          0          0         84   fmul.o
       140          4          0          0          0         84   fnaninf.o
        10          0          0          0          0         68   fretinf.o
         0          0          0          0          0          0   usenofp.o

    ----------------------------------------------------------------------
      1824        116          0          0         96       1464   Library Totals
        10          0          0          0          0          0   (incl. Padding)

    ----------------------------------------------------------------------

      Code (inc. data)   RO Data    RW Data    ZI Data      Debug   Library Name

       360         16          0          0         96        660   c_w.l
      1454        100          0          0          0        804   fz_ws.l

    ----------------------------------------------------------------------
      1824        116          0          0         96       1464   Library Totals

    ----------------------------------------------------------------------

==============================================================================


      Code (inc. data)   RO Data    RW Data    ZI Data      Debug   

      9290        830        370        156       1668     359830   Grand Totals
      9290        830        370        156       1668     359830   ELF Image Totals
      9290        830        370        156          0          0   ROM Totals

==============================================================================

    Total RO  Size (Code + RO Data)                 9660 (   9.43kB)
    Total RW  Size (RW Data + ZI Data)              1824 (   1.78kB)
    Total ROM Size (Code + RO Data + RW Data)       9816 (   9.59kB)

==============================================================================

